
> my-v0-project@0.1.0 test:unit
> jest __tests__/components/onboarding/onboarding-steps.test.tsx

(node:62383) [DEP0040] DeprecationWarning: The `punycode` module is deprecated. Please use a userland alternative instead.
(Use `node --trace-deprecation ...` to show where the warning was created)
FAIL __tests__/components/onboarding/onboarding-steps.test.tsx
  Onboarding Step Components
    ProfileStep
      ✓ renders the profile form correctly (66 ms)
      ✓ pre-fills data from store (4 ms)
      ✓ renders form fields with correct placeholder text (3 ms)
      ✓ displays helper text for display name (3 ms)
    HomeBeachStep
      ✕ renders search input (5 ms)
      ✕ renders skip button (44 ms)
      ✓ renders continue button (5 ms)
      ✓ calls prevStep when back button is clicked (21 ms)
    PreferencesStep
      ✕ renders experience level section (14 ms)
      ✓ renders surf styles section (10 ms)
      ✕ renders optional preference sections (9 ms)
      ✓ renders continue and back buttons (47 ms)
      ✓ calls prevStep when back button is clicked (32 ms)

  ● Onboarding Step Components › HomeBeachStep › renders search input

    TestingLibraryElementError: Unable to find an element with the placeholder text of: /Search beaches/i

    Ignored nodes: comments, script, style
    [36m<body>[39m
      [36m<div>[39m
        [36m<form[39m
          [33mclass[39m=[32m"space-y-6"[39m
        [36m>[39m
          [36m<div>[39m
            [36m<h2[39m
              [33mclass[39m=[32m"text-2xl font-bold mb-2"[39m
            [36m>[39m
              [0mWhere do you usually surf?[0m
            [36m</h2>[39m
            [36m<p[39m
              [33mclass[39m=[32m"text-gray-600 text-sm"[39m
            [36m>[39m
              [0mWe'll show you personalized forecasts for your home beach[0m
            [36m</p>[39m
          [36m</div>[39m
          [36m<div>[39m
            [36m<label[39m
              [33mclass[39m=[32m"text-sm font-medium leading-none peer-disabled:cursor-not-allowed peer-disabled:opacity-70"[39m
              [33mfor[39m=[32m"beachSearch"[39m
            [36m>[39m
              [0mSearch for your beach[0m
            [36m</label>[39m
            [36m<div[39m
              [33mclass[39m=[32m"relative"[39m
            [36m>[39m
              [36m<input[39m
                [33mautocomplete[39m=[32m"off"[39m
                [33mclass[39m=[32m"flex h-10 w-full rounded-md border border-input bg-background px-3 py-2 text-base ring-offset-background file:border-0 file:bg-transparent file:text-sm file:font-medium file:text-foreground placeholder:text-muted-foreground focus-visible:outline-none focus-visible:ring-2 focus-visible:ring-ring focus-visible:ring-offset-2 disabled:cursor-not-allowed disabled:opacity-50 md:text-sm"[39m
                [33mid[39m=[32m"beachSearch"[39m
                [33mplaceholder[39m=[32m"e.g., Malibu, Pipeline, Rincon..."[39m
              [36m/>[39m
            [36m</div>[39m
          [36m</div>[39m
          [36m<div[39m
            [33mclass[39m=[32m"bg-amber-50 border border-amber-200 rounded-lg p-4"[39m
          [36m>[39m
            [36m<p[39m
              [33mclass[39m=[32m"text-sm text-amber-900"[39m
            [36m>[39m
              [36m<strong>[39m
                [0mTip:[0m
              [36m</strong>[39m
              [0m You can change your home beach anytime from your profile settings[0m
            [36m</p>[39m
          [36m</div>[39m
          [36m<div[39m
            [33mclass[39m=[32m"flex gap-3"[39m
          [36m>[39m
            [36m<button[39m
              [33mclass[39m=[32m"inline-flex items-center justify-center gap-2 whitespace-nowrap rounded-md text-sm font-medium ring-offset-background transition-colors focus-visible:outline-none focus-visible:ring-2 focus-visible:ring-ring focus-visible:ring-offset-2 disabled:pointer-events-none disabled:opacity-50 [&_svg]:pointer-events-none [&_svg]:size-4 [&_svg]:shrink-0 border border-input bg-background hover:bg-accent hover:text-accent-foreground h-10 px-4 py-2 flex-1"[39m
              [33mtype[39m=[32m"button"[39m
            [36m>[39m
              [0mBack[0m
            [36m</button>[39m
            [36m<button[39m
              [33mclass[39m=[32m"inline-flex items-center justify-center gap-2 whitespace-nowrap rounded-md text-sm font-medium ring-offset-background transition-colors focus-visible:outline-none focus-visible:ring-2 focus-visible:ring-ring focus-visible:ring-offset-2 disabled:pointer-events-none disabled:opacity-50 [&_svg]:pointer-events-none [&_svg]:size-4 [&_svg]:shrink-0 bg-primary text-primary-foreground hover:bg-primary/90 h-10 px-4 py-2 flex-1"[39m
              [33mtype[39m=[32m"submit"[39m
            [36m>[39m
              [0mContinue[0m
            [36m</button>[39m
          [36m</div>[39m
        [36m</form>[39m
      [36m</div>[39m
    [36m</body>[39m

      79 |       render(<HomeBeachStep />);
      80 |       expect(
    > 81 |         screen.getByPlaceholderText(/Search beaches/i)
         |                ^
      82 |       ).toBeInTheDocument();
      83 |     });
      84 |

      at Object.getElementError (node_modules/@testing-library/dom/dist/config.js:37:19)
      at node_modules/@testing-library/dom/dist/query-helpers.js:76:38
      at node_modules/@testing-library/dom/dist/query-helpers.js:52:17
      at node_modules/@testing-library/dom/dist/query-helpers.js:95:19
      at Object.getByPlaceholderText (__tests__/components/onboarding/onboarding-steps.test.tsx:81:16)

  ● Onboarding Step Components › HomeBeachStep › renders skip button

    TestingLibraryElementError: Unable to find an accessible element with the role "button" and name `/Skip/i`

    Here are the accessible roles:

      heading:

      Name "Where do you usually surf?":
      [36m<h2[39m
        [33mclass[39m=[32m"text-2xl font-bold mb-2"[39m
      [36m/>[39m

      --------------------------------------------------
      paragraph:

      Name "":
      [36m<p[39m
        [33mclass[39m=[32m"text-gray-600 text-sm"[39m
      [36m/>[39m

      Name "":
      [36m<p[39m
        [33mclass[39m=[32m"text-sm text-amber-900"[39m
      [36m/>[39m

      --------------------------------------------------
      textbox:

      Name "Search for your beach":
      [36m<input[39m
        [33mautocomplete[39m=[32m"off"[39m
        [33mclass[39m=[32m"flex h-10 w-full rounded-md border border-input bg-background px-3 py-2 text-base ring-offset-background file:border-0 file:bg-transparent file:text-sm file:font-medium file:text-foreground placeholder:text-muted-foreground focus-visible:outline-none focus-visible:ring-2 focus-visible:ring-ring focus-visible:ring-offset-2 disabled:cursor-not-allowed disabled:opacity-50 md:text-sm"[39m
        [33mid[39m=[32m"beachSearch"[39m
        [33mplaceholder[39m=[32m"e.g., Malibu, Pipeline, Rincon..."[39m
      [36m/>[39m

      --------------------------------------------------
      strong:

      Name "":
      [36m<strong />[39m

      --------------------------------------------------
      button:

      Name "Back":
      [36m<button[39m
        [33mclass[39m=[32m"inline-flex items-center justify-center gap-2 whitespace-nowrap rounded-md text-sm font-medium ring-offset-background transition-colors focus-visible:outline-none focus-visible:ring-2 focus-visible:ring-ring focus-visible:ring-offset-2 disabled:pointer-events-none disabled:opacity-50 [&_svg]:pointer-events-none [&_svg]:size-4 [&_svg]:shrink-0 border border-input bg-background hover:bg-accent hover:text-accent-foreground h-10 px-4 py-2 flex-1"[39m
        [33mtype[39m=[32m"button"[39m
      [36m/>[39m

      Name "Continue":
      [36m<button[39m
        [33mclass[39m=[32m"inline-flex items-center justify-center gap-2 whitespace-nowrap rounded-md text-sm font-medium ring-offset-background transition-colors focus-visible:outline-none focus-visible:ring-2 focus-visible:ring-ring focus-visible:ring-offset-2 disabled:pointer-events-none disabled:opacity-50 [&_svg]:pointer-events-none [&_svg]:size-4 [&_svg]:shrink-0 bg-primary text-primary-foreground hover:bg-primary/90 h-10 px-4 py-2 flex-1"[39m
        [33mtype[39m=[32m"submit"[39m
      [36m/>[39m

      --------------------------------------------------

    Ignored nodes: comments, script, style
    [36m<body>[39m
      [36m<div>[39m
        [36m<form[39m
          [33mclass[39m=[32m"space-y-6"[39m
        [36m>[39m
          [36m<div>[39m
            [36m<h2[39m
              [33mclass[39m=[32m"text-2xl font-bold mb-2"[39m
            [36m>[39m
              [0mWhere do you usually surf?[0m
            [36m</h2>[39m
            [36m<p[39m
              [33mclass[39m=[32m"text-gray-600 text-sm"[39m
            [36m>[39m
              [0mWe'll show you personalized forecasts for your home beach[0m
            [36m</p>[39m
          [36m</div>[39m
          [36m<div>[39m
            [36m<label[39m
              [33mclass[39m=[32m"text-sm font-medium leading-none peer-disabled:cursor-not-allowed peer-disabled:opacity-70"[39m
              [33mfor[39m=[32m"beachSearch"[39m
            [36m>[39m
              [0mSearch for your beach[0m
            [36m</label>[39m
            [36m<div[39m
              [33mclass[39m=[32m"relative"[39m
            [36m>[39m
              [36m<input[39m
                [33mautocomplete[39m=[32m"off"[39m
                [33mclass[39m=[32m"flex h-10 w-full rounded-md border border-input bg-background px-3 py-2 text-base ring-offset-background file:border-0 file:bg-transparent file:text-sm file:font-medium file:text-foreground placeholder:text-muted-foreground focus-visible:outline-none focus-visible:ring-2 focus-visible:ring-ring focus-visible:ring-offset-2 disabled:cursor-not-allowed disabled:opacity-50 md:text-sm"[39m
                [33mid[39m=[32m"beachSearch"[39m
                [33mplaceholder[39m=[32m"e.g., Malibu, Pipeline, Rincon..."[39m
              [36m/>[39m
            [36m</div>[39m
          [36m</div>[39m
          [36m<div[39m
            [33mclass[39m=[32m"bg-amber-50 border border-amber-200 rounded-lg p-4"[39m
          [36m>[39m
            [36m<p[39m
              [33mclass[39m=[32m"text-sm text-amber-900"[39m
            [36m>[39m
              [36m<strong>[39m
                [0mTip:[0m
              [36m</strong>[39m
              [0m You can change your home beach anytime from your profile settings[0m
            [36m</p>[39m
          [36m</div>[39m
          [36m<div[39m
            [33mclass[39m=[32m"flex gap-3"[39m
          [36m>[39m
            [36m<button[39m
              [33mclass[39m=[32m"inline-flex items-center justify-center gap-2 whitespace-nowrap rounded-md text-sm font-medium ring-offset-background transition-colors focus-visible:outline-none focus-visible:ring-2 focus-visible:ring-ring focus-visible:ring-offset-2 disabled:pointer-events-none disabled:opacity-50 [&_svg]:pointer-events-none [&_svg]:size-4 [&_svg]:shrink-0 border border-input bg-background hover:bg-accent hover:text-accent-foreground h-10 px-4 py-2 flex-1"[39m
              [33mtype[39m=[32m"button"[39m
            [36m>[39m
              [0mBack[0m
            [36m</button>[39m
            [36m<button[39m
              [33mclass[39m=[32m"inline-flex items-center justify-center gap-2 whitespace-nowrap rounded-md text-sm font-medium ring-offset-background transition-colors focus-visible:outline-none focus-visible:ring-2 focus-visible:ring-ring focus-visible:ring-offset-2 disabled:pointer-events-none disabled:opacity-50 [&_svg]:pointer-events-none [&_svg]:size-4 [&_svg]:shrink-0 bg-primary text-primary-foreground hover:bg-primary/90 h-10 px-4 py-2 flex-1"[39m
              [33mtype[39m=[32m"submit"[39m
            [36m>[39m
              [0mContinue[0m
            [36m</button>[39m
          [36m</div>[39m
        [36m</form>[39m
      [36m</div>[39m
    [36m</body>[39m

      86 |       render(<HomeBeachStep />);
      87 |       expect(
    > 88 |         screen.getByRole("button", { name: /Skip/i })
         |                ^
      89 |       ).toBeInTheDocument();
      90 |     });
      91 |

      at Object.getElementError (node_modules/@testing-library/dom/dist/config.js:37:19)
      at node_modules/@testing-library/dom/dist/query-helpers.js:76:38
      at node_modules/@testing-library/dom/dist/query-helpers.js:52:17
      at node_modules/@testing-library/dom/dist/query-helpers.js:95:19
      at Object.getByRole (__tests__/components/onboarding/onboarding-steps.test.tsx:88:16)

  ● Onboarding Step Components › PreferencesStep › renders experience level section

    TestingLibraryElementError: Found multiple elements with the text: /Experience Level/i

    Here are the matching elements:

    Ignored nodes: comments, script, style
    [36m<label[39m
      [33mclass[39m=[32m"text-sm font-medium leading-none peer-disabled:cursor-not-allowed peer-disabled:opacity-70"[39m
    [36m>[39m
      [0mExperience Level[0m
    [36m</label>[39m

    Ignored nodes: comments, script, style
    [36m<option[39m
      [33mvalue[39m=[32m""[39m
    [36m>[39m
      [0mSelect your experience level[0m
    [36m</option>[39m

    (If this is intentional, then use the `*AllBy*` variant of the query (like `queryAllByText`, `getAllByText`, or `findAllByText`)).

    Ignored nodes: comments, script, style
    [36m<body>[39m
      [36m<div>[39m
        [36m<form[39m
          [33mclass[39m=[32m"space-y-6"[39m
        [36m>[39m
          [36m<div>[39m
            [36m<h2[39m
              [33mclass[39m=[32m"text-2xl font-bold mb-2"[39m
            [36m>[39m
              [0mTell us about your surfing[0m
            [36m</h2>[39m
            [36m<p[39m
              [33mclass[39m=[32m"text-gray-600 text-sm"[39m
            [36m>[39m
              [0mHelp us personalize your experience[0m
            [36m</p>[39m
          [36m</div>[39m
          [36m<div>[39m
            [36m<label[39m
              [33mclass[39m=[32m"text-sm font-medium leading-none peer-disabled:cursor-not-allowed peer-disabled:opacity-70"[39m
            [36m>[39m
              [0mExperience Level[0m
            [36m</label>[39m
            [36m<select[39m
              [33mclass[39m=[32m"w-full px-3 py-2 mt-2 border border-gray-300 rounded-md hover:border-gray-400 focus:outline-none focus:ring-2 focus:ring-ocean-blue focus:border-transparent"[39m
              [33mname[39m=[32m"experienceLevel"[39m
            [36m>[39m
              [36m<option[39m
                [33mvalue[39m=[32m""[39m
              [36m>[39m
                [0mSelect your experience level[0m
              [36m</option>[39m
              [36m<option[39m
                [33mvalue[39m=[32m"beginner"[39m
              [36m>[39m
                [0m🏄‍♂️[0m
                [0m [0m
                [0mBeginner[0m
                [0m - [0m
                [0mJust getting started[0m
              [36m</option>[39m
              [36m<option[39m
                [33mvalue[39m=[32m"intermediate"[39m
              [36m>[39m
                [0m🌊[0m
                [0m [0m
                [0mIntermediate[0m
                [0m - [0m
                [0mCatching waves regularly[0m
              [36m</option>[39m
              [36m<option[39m
                [33mvalue[39m=[32m"advanced"[39m
              [36m>[39m
                [0m🏆[0m
                [0m [0m
                [0mAdvanced[0m
                [0m - [0m
                [0mExperienced surfer[0m
              [36m</option>[39m
              [36m<option[39m
                [33mvalue[39m=[32m"expert"[39m
              [36m>[39m
                [0m🔥[0m
                [0m [0m
                [0mExpert[0m
                [0m - [0m
                [0mHighly skilled[0m
              [36m</option>[39m
            [36m</select>[39m
          [36m</div>[39m
          [36m<div>[39m
            [36m<label[39m
              [33mclass[39m=[32m"text-sm font-medium leading-none peer-disabled:cursor-not-allowed peer-disabled:opacity-70"[39m
            [36m>[39m
              [0mSurf Styles (select all that apply)[0m
            [36m</label>[39m
            [36m<div[39m
              [33mclass[39m=[32m"grid grid-cols-2 gap-3 mt-2"[39m
            [36m>[39m
              [36m<button[39m
                [33mclass[39m=[32m"p-4 border-2 rounded-lg text-center transition-all border-gray-200 hover:border-gray-300"[39m
                [33mtype[39m=[32m"button"[39m
              [36m>[39m
                [36m<div[39m
                  [33mclass[39m=[32m"text-3xl mb-1"[39m
                [36m>[39m
                  [0m🏄[0m
                [36m</div>[39m
                [36m<div[39m
                  [33mclass[39m=[32m"font-medium text-sm"[39m
                [36m>[39m
                  [0mLongboard[0m
                [36m</div>[39m
              [36m</button>[39m
              [36m<button[39m
                [33mclass[39m=[32m"p-4 border-2 rounded-lg text-center transition-all border-gray-200 hover:border-gray-300"[39m
                [33mtype[39m=[32m"button"[39m
              [36m>[39m
                [36m<div[39m
                  [33mclass[39m=[32m"text-3xl mb-1"[39m
                [36m>[39m
                  [0m🏄‍♀️[0m
                [36m</div>[39m
                [36m<div[39m
                  [33mclass[39m=[32m"font-medium text-sm"[39m
                [36m>[39m
                  [0mShortboard[0m
                [36m</div>[39m
              [36m</button>[39m
              [36m<button[39m
                [33mclass[39m=[32m"p-4 border-2 rounded-lg text-center transition-all border-gray-200 hover:border-gray-300"[39m
                [33mtype[39m=[32m"button"[39m
              [36m>[39m
                [36m<div[39m
                  [33mclass[39m=[32m"text-3xl mb-1"[39m
                [36m>[39m
                  [0m🏄‍♂️[0m
                [36m</div>[39m
                [36m<div[39m
                  [33mclass[39m=[32m"font-medium text-sm"[39m
                [36m>[39m
                  [0mFunboard[0m
                [36m</div>[39m
              [36m</button>[39m
              [36m<button[39m
                [33mclass[39m=[32m"p-4 border-2 rounded-lg text-center transition-all border-gray-200 hover:border-gray-300"[39m
                [33mtype[39m=[32m"button"[39m
              [36m>[39m
                [36m<div[39m
                  [33mclass[39m=[32m"text-3xl mb-1"[39m
                [36m>[39m
                  [0m🏊[0m
                [36m</div>[39m
                [36m<div[39m
                  [33mclass[39m=[32m"font-medium text-sm"[39m
                [36m>[39m
                  [0mBodyboard[0m
                [36m</div>[39m
              [36m</button>[39m
              [36m<button[39m
                [33mclass[39m=[32m"p-4 border-2 rounded-lg text-center transition-all border-gray-200 hover:border-gray-300"[39m
                [33mtype[39m=[32m"button"[39m
              [36m>[39m
                [36m<div[39m
                  [33mclass[39m=[32m"text-3xl mb-1"[39m
                [36m>[39m
                  [0m🚣[0m
                [36m</div>[39m
                [36m<div[39m
                  [33mclass[39m=[32m"font-medium text-sm"[39m
                [36m>[39m
                  [0mSUP[0m
                [36m</div>[39m
              [36m</button>[39m
              [36m<button[39m
                [33mclass[39m=[32m"p-4 border-2 rounded-lg text-center transition-all border-gray-200 hover:border-gray-300"[39m
                [33mtype[39m=[32m"button"[39m
              [36m>[39m
                [36m<div[39m
                  [33mclass[39m=[32m"text-3xl mb-1"[39m
                [36m>[39m
                  [0m✨[0m
                [36m</div>[39m
                [36m<div[39m
                  [33mclass[39m=[32m"font-medium text-sm"[39m
                [36m>[39m
                  [0mFoil[0m
                [36m</div>[39m
              [36m</button>[39m
            [36m</div>[39m
          [36m</div>[39m
          [36m<div>[39m
            [36m<label[39m
              [33mclass[39m=[32m"text-sm font-medium leading-none peer-disabled:cursor-not-allowed peer-disabled:opacity-70"[39m
            [36m>[39m
              [0mPreferred Wave Size (optional)[0m
            [36m</label>[39m
            [36m<select[39m
              [33mclass[39m=[32m"w-full px-3 py-2 mt-2 border border-gray-300 rounded-md hover:border-gray-400 focus:outline-none focus:ring-2 focus:ring-ocean-blue focus:border-transparent"[39m
              [33mname[39m=[32m"preferredWaveSize"[39m
            [36m>[39m
              [36m<option[39m
                [33mvalue[39m=[32m""[39m
              [36m>[39m
                [0mSelect preferred wave size[0m
              [36m</option>[39m
              [36m<option[39m
                [33mvalue[39m=[32m"small"[39m
              [36m>[39m
                [0m🌊[0m
                [0m [0m
                [0mSmall[0m
                [0m - [0m
                [0m1-3 feet[0m
              [36m</option>[39m
              [36m<option[39m
                [33mvalue[39m=[32m"medium"[39m
              [36m>[39m
                [0m🌊🌊[0m
                [0m [0m
                [0mMedium[0m
                [0m - [0m
                [0m3-6 feet[0m
              [36m</option>[39m
              [36m<option[39m
                [33mvalue[39m=[32m"large"[39m
              [36m>[39m
                [0m🌊🌊🌊[0m
                [0m [0m
                [0mLarge[0m
                [0m - [0m
                [0m6+ feet[0m
              [36m</option>[39m
              [36m<option[39m
                [33mvalue[39m=[32m"any"[39m
              [36m>[39m
                [0m🤙[0m
                [0m [0m
                [0mAny Size[0m
                [0m - [0m
                [0mI'll surf anything[0m
              [36m</option>[39m
            [36m</select>[39m
          [36m</div>[39m
          [36m<div>[39m
            [36m<label[39m
              [33mclass[39m=[32m"text-sm font-medium leading-none peer-disabled:cursor-not-allowed peer-disabled:opacity-70"[39m
            [36m>[39m
              [0mPreferred Break Type (optional)[0m
            [36m</label>[39m
            [36m<select[39m
              [33mclass[39m=[32m"w-full px-3 py-2 mt-2 border border-gray-300 rounded-md hover:border-gray-400 focus:outline-none focus:ring-2 focus:ring-ocean-blue focus:border-transparent"[39m
              [33mname[39m=[32m"preferredBreakType"[39m
            [36m>[39m
              [36m<option[39m
                [33mvalue[39m=[32m""[39m
              [36m>[39m
                [0mSelect preferred break type[0m
              [36m</option>[39m
              [36m<option[39m
                [33mvalue[39m=[32m"beach"[39m
              [36m>[39m
                [0m🏖️[0m
                [0m [0m
                [0mBeach Break[0m
                [0m - [0m
                [0mSandy bottom[0m
              [36m</option>[39m
              [36m<option[39m
                [33mvalue[39m=[32m"point"[39m
              [36m>[39m
                [0m🪨[0m
                [0m [0m
                [0mPoint Break[0m
                [0m - [0m
                [0mRocky point[0m
              [36m</option>[39m
              [36m<option[39m
                [33mvalue[39m=[32m"reef"[39m
              [36m>[39m
                [0m🪸[0m
                [0m [0m
                [0mReef Break[0m
                [0m - [0m
                [0mCoral or rock reef[0m
              [36m</option>[39m
              [36m<option[39m
                [33mvalue[39m=[32m"any"[39m
              [36m>[39m
                [0m✨[0m
                [0m [0m
                [0mAny Type[0m
                [0m - [0m
                [0mI'll surf anywhere[0m
              [36m</option>[39m
            [36m</select>[39m
          [36m</div>[39m
          [36m<div>[39m
            [36m<label[39m
              [33mclass[39m=[32m"text-sm font-medium leading-none peer-disabled:cursor-not-allowed peer-disabled:opacity-70"[39m
            [36m>[39m
              [0mCrowd Tolerance (optional)[0m
            [36m</label>[39m
            [36m<select[39m
              [33mclass[39m=[32m"w-full px-3 py-2 mt-2 border border-gray-300 rounded-md hover:border-gray-400 focus:outline-none focus:ring-2 focus:ring-ocean-blue focus:border-transparent"[39m
              [33mname[39m=[32m"crowdPreference"[39m
            [36m>[39m
              [36m<option[39m
                [33mvalue[39m=[32m""[39m
              [36m>[39m
                [0mSelect crowd preference[0m
              [36m</option>[39m
              [36m<option[39m
                [33mvalue[39m=[32m"social"[39m
              [36m>[39m
                [0m👥[0m
                [0m [0m
                [0mLove the crew[0m
                [0m - [0m
                [0mEnjoy surfing with others[0m
              [36m</option>[39m
              [36m<option[39m
                [33mvalue[39m=[32m"moderate"[39m
              [36m>[39m
                [0m🧘[0m
                [0m [0m
                [0mA few people is fine[0m
                [0m - [0m
                [0mSmall crowds are okay[0m
              [36m</option>[39m
              [36m<option[39m
                [33mvalue[39m=[32m"solitude"[39m
              [36m>[39m
                [0m🏝️[0m
                [0m [0m
                [0mPrefer solitude[0m
                [0m - [0m
                [0mLike uncrowded spots[0m
              [36m</option>[39m
            [36m</select>[39m
          [36m</div>[39m
          [36m<div[39m
            [33mclass[39m=[32m"bg-blue-50 border border-blue-200 rounded-lg p-4"[39m
          [36m>[39m
            [36m<p[39m
              [33mclass[39m=[32m"text-sm text-gray-700"[39m
            [36m>[39m
              [0mℹ️ These preferences are optional. We'll also learn from your surf sessions over time to personalize recommendations.[0m
            [36m</p>[39m
          [36m</div>[39m
          [36m<div[39m
            [33mclass[39m=[32m"flex gap-3"[39m
          [36m>[39m
            [36m<button[39m
              [33mclass[39m=[32m"inline-flex items-center justify-center gap-2 whitespace-nowrap rounded-md text-sm font-medium ring-offset-background transition-colors focus-visible:outline-none focus-visible:ring-2 focus-visible:ring-ring focus-visible:ring-offset-2 disabled:pointer-events-none disabled:opacity-50 [&_svg]:pointer-events-none [&_svg]:size-4 [&_svg]:shrink-0 border border-input bg-background hover:bg-accent hover:text-accent-foreground h-10 px-4 py-2 flex-1"[39m
              [33mtype[39m=[32m"button"[39m
            [36m>[39m
              [0mBack[0m
            [36m</button>[39m
            [36m<button[39m
              [33mclass[39m=[32m"inline-flex items-center justify-center gap-2 whitespace-nowrap rounded-md text-sm font-medium ring-offset-background transition-colors focus-visible:outline-none focus-visible:ring-2 focus-visible:ring-ring focus-visible:ring-offset-2 disabled:pointer-events-none disabled:opacity-50 [&_svg]:pointer-events-none [&_svg]:size-4 [&_svg]:shrink-0 bg-primary text-primary-foreground hover:bg-primary/90 h-10 px-4 py-2 flex-1"[39m
              [33mdisabled[39m=[32m""[39m
              [33mtype[39m=[32m"submit"[39m
            [36m>[39m
              [0mContinue[0m
            [36m</button>[39m
          [36m</div>[39m
        [36m</form>[39m
      [36m</div>[39m
    [36m</body>[39m

      115 |     it("renders experience level section", () => {
      116 |       render(<PreferencesStep />);
    > 117 |       expect(screen.getByText(/Experience Level/i)).toBeInTheDocument();
          |                     ^
      118 |     });
      119 |
      120 |     it("renders surf styles section", () => {

      at Object.getElementError (node_modules/@testing-library/dom/dist/config.js:37:19)
      at getElementError (node_modules/@testing-library/dom/dist/query-helpers.js:20:35)
      at getMultipleElementsFoundError (node_modules/@testing-library/dom/dist/query-helpers.js:23:10)
      at node_modules/@testing-library/dom/dist/query-helpers.js:55:13
      at node_modules/@testing-library/dom/dist/query-helpers.js:95:19
      at Object.getByText (__tests__/components/onboarding/onboarding-steps.test.tsx:117:21)

  ● Onboarding Step Components › PreferencesStep › renders optional preference sections

    TestingLibraryElementError: Found multiple elements with the text: /Preferred Wave Size/i

    Here are the matching elements:

    Ignored nodes: comments, script, style
    [36m<label[39m
      [33mclass[39m=[32m"text-sm font-medium leading-none peer-disabled:cursor-not-allowed peer-disabled:opacity-70"[39m
    [36m>[39m
      [0mPreferred Wave Size (optional)[0m
    [36m</label>[39m

    Ignored nodes: comments, script, style
    [36m<option[39m
      [33mvalue[39m=[32m""[39m
    [36m>[39m
      [0mSelect preferred wave size[0m
    [36m</option>[39m

    (If this is intentional, then use the `*AllBy*` variant of the query (like `queryAllByText`, `getAllByText`, or `findAllByText`)).

    Ignored nodes: comments, script, style
    [36m<body>[39m
      [36m<div>[39m
        [36m<form[39m
          [33mclass[39m=[32m"space-y-6"[39m
        [36m>[39m
          [36m<div>[39m
            [36m<h2[39m
              [33mclass[39m=[32m"text-2xl font-bold mb-2"[39m
            [36m>[39m
              [0mTell us about your surfing[0m
            [36m</h2>[39m
            [36m<p[39m
              [33mclass[39m=[32m"text-gray-600 text-sm"[39m
            [36m>[39m
              [0mHelp us personalize your experience[0m
            [36m</p>[39m
          [36m</div>[39m
          [36m<div>[39m
            [36m<label[39m
              [33mclass[39m=[32m"text-sm font-medium leading-none peer-disabled:cursor-not-allowed peer-disabled:opacity-70"[39m
            [36m>[39m
              [0mExperience Level[0m
            [36m</label>[39m
            [36m<select[39m
              [33mclass[39m=[32m"w-full px-3 py-2 mt-2 border border-gray-300 rounded-md hover:border-gray-400 focus:outline-none focus:ring-2 focus:ring-ocean-blue focus:border-transparent"[39m
              [33mname[39m=[32m"experienceLevel"[39m
            [36m>[39m
              [36m<option[39m
                [33mvalue[39m=[32m""[39m
              [36m>[39m
                [0mSelect your experience level[0m
              [36m</option>[39m
              [36m<option[39m
                [33mvalue[39m=[32m"beginner"[39m
              [36m>[39m
                [0m🏄‍♂️[0m
                [0m [0m
                [0mBeginner[0m
                [0m - [0m
                [0mJust getting started[0m
              [36m</option>[39m
              [36m<option[39m
                [33mvalue[39m=[32m"intermediate"[39m
              [36m>[39m
                [0m🌊[0m
                [0m [0m
                [0mIntermediate[0m
                [0m - [0m
                [0mCatching waves regularly[0m
              [36m</option>[39m
              [36m<option[39m
                [33mvalue[39m=[32m"advanced"[39m
              [36m>[39m
                [0m🏆[0m
                [0m [0m
                [0mAdvanced[0m
                [0m - [0m
                [0mExperienced surfer[0m
              [36m</option>[39m
              [36m<option[39m
                [33mvalue[39m=[32m"expert"[39m
              [36m>[39m
                [0m🔥[0m
                [0m [0m
                [0mExpert[0m
                [0m - [0m
                [0mHighly skilled[0m
              [36m</option>[39m
            [36m</select>[39m
          [36m</div>[39m
          [36m<div>[39m
            [36m<label[39m
              [33mclass[39m=[32m"text-sm font-medium leading-none peer-disabled:cursor-not-allowed peer-disabled:opacity-70"[39m
            [36m>[39m
              [0mSurf Styles (select all that apply)[0m
            [36m</label>[39m
            [36m<div[39m
              [33mclass[39m=[32m"grid grid-cols-2 gap-3 mt-2"[39m
            [36m>[39m
              [36m<button[39m
                [33mclass[39m=[32m"p-4 border-2 rounded-lg text-center transition-all border-gray-200 hover:border-gray-300"[39m
                [33mtype[39m=[32m"button"[39m
              [36m>[39m
                [36m<div[39m
                  [33mclass[39m=[32m"text-3xl mb-1"[39m
                [36m>[39m
                  [0m🏄[0m
                [36m</div>[39m
                [36m<div[39m
                  [33mclass[39m=[32m"font-medium text-sm"[39m
                [36m>[39m
                  [0mLongboard[0m
                [36m</div>[39m
              [36m</button>[39m
              [36m<button[39m
                [33mclass[39m=[32m"p-4 border-2 rounded-lg text-center transition-all border-gray-200 hover:border-gray-300"[39m
                [33mtype[39m=[32m"button"[39m
              [36m>[39m
                [36m<div[39m
                  [33mclass[39m=[32m"text-3xl mb-1"[39m
                [36m>[39m
                  [0m🏄‍♀️[0m
                [36m</div>[39m
                [36m<div[39m
                  [33mclass[39m=[32m"font-medium text-sm"[39m
                [36m>[39m
                  [0mShortboard[0m
                [36m</div>[39m
              [36m</button>[39m
              [36m<button[39m
                [33mclass[39m=[32m"p-4 border-2 rounded-lg text-center transition-all border-gray-200 hover:border-gray-300"[39m
                [33mtype[39m=[32m"button"[39m
              [36m>[39m
                [36m<div[39m
                  [33mclass[39m=[32m"text-3xl mb-1"[39m
                [36m>[39m
                  [0m🏄‍♂️[0m
                [36m</div>[39m
                [36m<div[39m
                  [33mclass[39m=[32m"font-medium text-sm"[39m
                [36m>[39m
                  [0mFunboard[0m
                [36m</div>[39m
              [36m</button>[39m
              [36m<button[39m
                [33mclass[39m=[32m"p-4 border-2 rounded-lg text-center transition-all border-gray-200 hover:border-gray-300"[39m
                [33mtype[39m=[32m"button"[39m
              [36m>[39m
                [36m<div[39m
                  [33mclass[39m=[32m"text-3xl mb-1"[39m
                [36m>[39m
                  [0m🏊[0m
                [36m</div>[39m
                [36m<div[39m
                  [33mclass[39m=[32m"font-medium text-sm"[39m
                [36m>[39m
                  [0mBodyboard[0m
                [36m</div>[39m
              [36m</button>[39m
              [36m<button[39m
                [33mclass[39m=[32m"p-4 border-2 rounded-lg text-center transition-all border-gray-200 hover:border-gray-300"[39m
                [33mtype[39m=[32m"button"[39m
              [36m>[39m
                [36m<div[39m
                  [33mclass[39m=[32m"text-3xl mb-1"[39m
                [36m>[39m
                  [0m🚣[0m
                [36m</div>[39m
                [36m<div[39m
                  [33mclass[39m=[32m"font-medium text-sm"[39m
                [36m>[39m
                  [0mSUP[0m
                [36m</div>[39m
              [36m</button>[39m
              [36m<button[39m
                [33mclass[39m=[32m"p-4 border-2 rounded-lg text-center transition-all border-gray-200 hover:border-gray-300"[39m
                [33mtype[39m=[32m"button"[39m
              [36m>[39m
                [36m<div[39m
                  [33mclass[39m=[32m"text-3xl mb-1"[39m
                [36m>[39m
                  [0m✨[0m
                [36m</div>[39m
                [36m<div[39m
                  [33mclass[39m=[32m"font-medium text-sm"[39m
                [36m>[39m
                  [0mFoil[0m
                [36m</div>[39m
              [36m</button>[39m
            [36m</div>[39m
          [36m</div>[39m
          [36m<div>[39m
            [36m<label[39m
              [33mclass[39m=[32m"text-sm font-medium leading-none peer-disabled:cursor-not-allowed peer-disabled:opacity-70"[39m
            [36m>[39m
              [0mPreferred Wave Size (optional)[0m
            [36m</label>[39m
            [36m<select[39m
              [33mclass[39m=[32m"w-full px-3 py-2 mt-2 border border-gray-300 rounded-md hover:border-gray-400 focus:outline-none focus:ring-2 focus:ring-ocean-blue focus:border-transparent"[39m
              [33mname[39m=[32m"preferredWaveSize"[39m
            [36m>[39m
              [36m<option[39m
                [33mvalue[39m=[32m""[39m
              [36m>[39m
                [0mSelect preferred wave size[0m
              [36m</option>[39m
              [36m<option[39m
                [33mvalue[39m=[32m"small"[39m
              [36m>[39m
                [0m🌊[0m
                [0m [0m
                [0mSmall[0m
                [0m - [0m
                [0m1-3 feet[0m
              [36m</option>[39m
              [36m<option[39m
                [33mvalue[39m=[32m"medium"[39m
              [36m>[39m
                [0m🌊🌊[0m
                [0m [0m
                [0mMedium[0m
                [0m - [0m
                [0m3-6 feet[0m
              [36m</option>[39m
              [36m<option[39m
                [33mvalue[39m=[32m"large"[39m
              [36m>[39m
                [0m🌊🌊🌊[0m
                [0m [0m
                [0mLarge[0m
                [0m - [0m
                [0m6+ feet[0m
              [36m</option>[39m
              [36m<option[39m
                [33mvalue[39m=[32m"any"[39m
              [36m>[39m
                [0m🤙[0m
                [0m [0m
                [0mAny Size[0m
                [0m - [0m
                [0mI'll surf anything[0m
              [36m</option>[39m
            [36m</select>[39m
          [36m</div>[39m
          [36m<div>[39m
            [36m<label[39m
              [33mclass[39m=[32m"text-sm font-medium leading-none peer-disabled:cursor-not-allowed peer-disabled:opacity-70"[39m
            [36m>[39m
              [0mPreferred Break Type (optional)[0m
            [36m</label>[39m
            [36m<select[39m
              [33mclass[39m=[32m"w-full px-3 py-2 mt-2 border border-gray-300 rounded-md hover:border-gray-400 focus:outline-none focus:ring-2 focus:ring-ocean-blue focus:border-transparent"[39m
              [33mname[39m=[32m"preferredBreakType"[39m
            [36m>[39m
              [36m<option[39m
                [33mvalue[39m=[32m""[39m
              [36m>[39m
                [0mSelect preferred break type[0m
              [36m</option>[39m
              [36m<option[39m
                [33mvalue[39m=[32m"beach"[39m
              [36m>[39m
                [0m🏖️[0m
                [0m [0m
                [0mBeach Break[0m
                [0m - [0m
                [0mSandy bottom[0m
              [36m</option>[39m
              [36m<option[39m
                [33mvalue[39m=[32m"point"[39m
              [36m>[39m
                [0m🪨[0m
                [0m [0m
                [0mPoint Break[0m
                [0m - [0m
                [0mRocky point[0m
              [36m</option>[39m
              [36m<option[39m
                [33mvalue[39m=[32m"reef"[39m
              [36m>[39m
                [0m🪸[0m
                [0m [0m
                [0mReef Break[0m
                [0m - [0m
                [0mCoral or rock reef[0m
              [36m</option>[39m
              [36m<option[39m
                [33mvalue[39m=[32m"any"[39m
              [36m>[39m
                [0m✨[0m
                [0m [0m
                [0mAny Type[0m
                [0m - [0m
                [0mI'll surf anywhere[0m
              [36m</option>[39m
            [36m</select>[39m
          [36m</div>[39m
          [36m<div>[39m
            [36m<label[39m
              [33mclass[39m=[32m"text-sm font-medium leading-none peer-disabled:cursor-not-allowed peer-disabled:opacity-70"[39m
            [36m>[39m
              [0mCrowd Tolerance (optional)[0m
            [36m</label>[39m
            [36m<select[39m
              [33mclass[39m=[32m"w-full px-3 py-2 mt-2 border border-gray-300 rounded-md hover:border-gray-400 focus:outline-none focus:ring-2 focus:ring-ocean-blue focus:border-transparent"[39m
              [33mname[39m=[32m"crowdPreference"[39m
            [36m>[39m
              [36m<option[39m
                [33mvalue[39m=[32m""[39m
              [36m>[39m
                [0mSelect crowd preference[0m
              [36m</option>[39m
              [36m<option[39m
                [33mvalue[39m=[32m"social"[39m
              [36m>[39m
                [0m👥[0m
                [0m [0m
                [0mLove the crew[0m
                [0m - [0m
                [0mEnjoy surfing with others[0m
              [36m</option>[39m
              [36m<option[39m
                [33mvalue[39m=[32m"moderate"[39m
              [36m>[39m
                [0m🧘[0m
                [0m [0m
                [0mA few people is fine[0m
                [0m - [0m
                [0mSmall crowds are okay[0m
              [36m</option>[39m
              [36m<option[39m
                [33mvalue[39m=[32m"solitude"[39m
              [36m>[39m
                [0m🏝️[0m
                [0m [0m
                [0mPrefer solitude[0m
                [0m - [0m
                [0mLike uncrowded spots[0m
              [36m</option>[39m
            [36m</select>[39m
          [36m</div>[39m
          [36m<div[39m
            [33mclass[39m=[32m"bg-blue-50 border border-blue-200 rounded-lg p-4"[39m
          [36m>[39m
            [36m<p[39m
              [33mclass[39m=[32m"text-sm text-gray-700"[39m
            [36m>[39m
              [0mℹ️ These preferences are optional. We'll also learn from your surf sessions over time to personalize recommendations.[0m
            [36m</p>[39m
          [36m</div>[39m
          [36m<div[39m
            [33mclass[39m=[32m"flex gap-3"[39m
          [36m>[39m
            [36m<button[39m
              [33mclass[39m=[32m"inline-flex items-center justify-center gap-2 whitespace-nowrap rounded-md text-sm font-medium ring-offset-background transition-colors focus-visible:outline-none focus-visible:ring-2 focus-visible:ring-ring focus-visible:ring-offset-2 disabled:pointer-events-none disabled:opacity-50 [&_svg]:pointer-events-none [&_svg]:size-4 [&_svg]:shrink-0 border border-input bg-background hover:bg-accent hover:text-accent-foreground h-10 px-4 py-2 flex-1"[39m
              [33mtype[39m=[32m"button"[39m
            [36m>[39m
              [0mBack[0m
            [36m</button>[39m
            [36m<button[39m
              [33mclass[39m=[32m"inline-flex items-center justify-center gap-2 whitespace-nowrap rounded-md text-sm font-medium ring-offset-background transition-colors focus-visible:outline-none focus-visible:ring-2 focus-visible:ring-ring focus-visible:ring-offset-2 disabled:pointer-events-none disabled:opacity-50 [&_svg]:pointer-events-none [&_svg]:size-4 [&_svg]:shrink-0 bg-primary text-primary-foreground hover:bg-primary/90 h-10 px-4 py-2 flex-1"[39m
              [33mdisabled[39m=[32m""[39m
              [33mtype[39m=[32m"submit"[39m
            [36m>[39m
              [0mContinue[0m
            [36m</button>[39m
          [36m</div>[39m
        [36m</form>[39m
      [36m</div>[39m
    [36m</body>[39m

      125 |     it("renders optional preference sections", () => {
      126 |       render(<PreferencesStep />);
    > 127 |       expect(screen.getByText(/Preferred Wave Size/i)).toBeInTheDocument();
          |                     ^
      128 |       expect(screen.getByText(/Preferred Break Type/i)).toBeInTheDocument();
      129 |     });
      130 |

      at Object.getElementError (node_modules/@testing-library/dom/dist/config.js:37:19)
      at getElementError (node_modules/@testing-library/dom/dist/query-helpers.js:20:35)
      at getMultipleElementsFoundError (node_modules/@testing-library/dom/dist/query-helpers.js:23:10)
      at node_modules/@testing-library/dom/dist/query-helpers.js:55:13
      at node_modules/@testing-library/dom/dist/query-helpers.js:95:19
      at Object.getByText (__tests__/components/onboarding/onboarding-steps.test.tsx:127:21)

--------------------------------------------------|---------|----------|---------|---------|---------------------------
File                                              | % Stmts | % Branch | % Funcs | % Lines | Uncovered Line #s         
--------------------------------------------------|---------|----------|---------|---------|---------------------------
All files                                         |    0.48 |     1.93 |    0.59 |    0.48 |                           
 actions                                          |       0 |        0 |       0 |       0 |                           
  activity-actions.ts                             |       0 |        0 |       0 |       0 | 1-205                     
  analytics-actions.ts                            |       0 |        0 |       0 |       0 | 1-349                     
  beach-actions.ts                                |       0 |        0 |       0 |       0 | 1-6                       
  beach-calibration-actions.ts                    |       0 |        0 |       0 |       0 | 1-23                      
  beach-media-actions.ts                          |       0 |        0 |       0 |       0 | 1-79                      
  beach-review-actions.ts                         |       0 |        0 |       0 |       0 | 1-272                     
  board-actions.ts                                |       0 |        0 |       0 |       0 | 1-163                     
  check-in-actions.ts                             |       0 |        0 |       0 |       0 | 1-420                     
  forecast-actions.ts                             |       0 |        0 |       0 |       0 | 1-558                     
  forecast-calibration-actions.ts                 |       0 |        0 |       0 |       0 | 1-362                     
  forecast-verification-actions.ts                |       0 |        0 |       0 |       0 | 1-334                     
  intel-actions.ts                                |       0 |        0 |       0 |       0 | 1-1081                    
  like-actions.ts                                 |       0 |        0 |       0 |       0 | 1-156                     
  mobile-actions.ts                               |       0 |        0 |       0 |       0 | 1-40                      
  onboarding-actions.ts                           |       0 |        0 |       0 |       0 | 1-115                     
  preference-actions.ts                           |       0 |        0 |       0 |       0 | 1-239                     
  profile-actions.ts                              |       0 |        0 |       0 |       0 | 1-449                     
  session-actions.ts                              |       0 |        0 |       0 |       0 | 1-1160                    
  session-media-actions.ts                        |       0 |        0 |       0 |       0 | 1-330                     
  social-actions.ts                               |       0 |        0 |       0 |       0 | 1-270                     
  social-share-actions.ts                         |       0 |        0 |       0 |       0 | 1-169                     
 actions/admin                                    |       0 |        0 |       0 |       0 |                           
  beaches.ts                                      |       0 |        0 |       0 |       0 | 1-243                     
  intel.ts                                        |       0 |        0 |       0 |       0 | 1-261                     
  photos.ts                                       |       0 |        0 |       0 |       0 | 1-706                     
  reviews.ts                                      |       0 |        0 |       0 |       0 | 1-362                     
  sessions.ts                                     |       0 |        0 |       0 |       0 | 1-376                     
 actions/beach                                    |       0 |        0 |       0 |       0 |                           
  beach-favorite-actions.ts                       |       0 |        0 |       0 |       0 | 1-158                     
  beach-location-actions.ts                       |       0 |        0 |       0 |       0 | 1-103                     
  beach-location-list-actions.ts                  |       0 |        0 |       0 |       0 | 1-256                     
  beach-query-actions.ts                          |       0 |        0 |       0 |       0 | 1-52                      
 app                                              |       0 |        0 |       0 |       0 |                           
  client-app.tsx                                  |       0 |        0 |       0 |       0 | 1-90                      
  error.tsx                                       |       0 |        0 |       0 |       0 | 1-30                      
  global-error.tsx                                |       0 |        0 |       0 |       0 | 1-23                      
  robots.ts                                       |       0 |        0 |       0 |       0 | 1-31                      
  sitemap.ts                                      |       0 |        0 |       0 |       0 | 1-143                     
 app/(journal)/new/steps                          |       0 |        0 |       0 |       0 |                           
  ConditionsStep.tsx                              |       0 |        0 |       0 |       0 | 1-191                     
 app/.well-known/apple-app-site-association       |       0 |        0 |       0 |       0 |                           
  route.ts                                        |       0 |        0 |       0 |       0 | 1-51                      
 app/.well-known/assetlinks.json                  |       0 |        0 |       0 |       0 |                           
  route.ts                                        |       0 |        0 |       0 |       0 | 1-30                      
 app/about                                        |       0 |        0 |       0 |       0 |                           
  about-client.tsx                                |       0 |        0 |       0 |       0 | 1-391                     
 app/api/admin/cleanup-inactive-buoys             |       0 |        0 |       0 |       0 |                           
  route.ts                                        |       0 |        0 |       0 |       0 | 1-79                      
 app/api/admin/sync-buoys                         |       0 |        0 |       0 |       0 |                           
  route.ts                                        |       0 |        0 |       0 |       0 | 1-109                     
 app/api/admin/update-buoy-conditions             |       0 |        0 |       0 |       0 |                           
  route.ts                                        |       0 |        0 |       0 |       0 | 1-69                      
 app/api/analytics/sessions                       |       0 |        0 |       0 |       0 |                           
  route.ts                                        |       0 |        0 |       0 |       0 | 1-149                     
 app/api/auth/[...supabase]                       |       0 |        0 |       0 |       0 |                           
  route.ts                                        |       0 |        0 |       0 |       0 | 1-124                     
 app/api/auth/check-session                       |       0 |        0 |       0 |       0 |                           
  route.ts                                        |       0 |        0 |       0 |       0 | 1-52                      
 app/api/auth/email/update                        |       0 |        0 |       0 |       0 |                           
  route.ts                                        |       0 |        0 |       0 |       0 | 1-37                      
 app/api/auth/refresh-session                     |       0 |        0 |       0 |       0 |                           
  route.ts                                        |       0 |        0 |       0 |       0 | 1-84                      
 app/api/auth/supabase/resend-confirmation        |       0 |        0 |       0 |       0 |                           
  route.ts                                        |       0 |        0 |       0 |       0 | 1-48                      
 app/api/beach/personalized-score                 |       0 |        0 |       0 |       0 |                           
  route.ts                                        |       0 |        0 |       0 |       0 | 1-62                      
 app/api/beaches                                  |       0 |        0 |       0 |       0 |                           
  route.ts                                        |       0 |        0 |       0 |       0 | 1-127                     
 app/api/beaches/[id]                             |       0 |        0 |       0 |       0 |                           
  route.ts                                        |       0 |        0 |       0 |       0 | 1-53                      
 app/api/beaches/[id]/favorite/toggle             |       0 |        0 |       0 |       0 |                           
  route.ts                                        |       0 |        0 |       0 |       0 | 1-128                     
 app/api/beaches/[id]/sessions                    |       0 |        0 |       0 |       0 |                           
  route.ts                                        |       0 |        0 |       0 |       0 | 1-44                      
 app/api/beaches/[id]/sources                     |       0 |        0 |       0 |       0 |                           
  route.ts                                        |       0 |        0 |       0 |       0 | 1-75                      
 app/api/beaches/favorites                        |       0 |        0 |       0 |       0 |                           
  route.ts                                        |       0 |        0 |       0 |       0 | 1-31                      
 app/api/beaches/featured                         |       0 |        0 |       0 |       0 |                           
  route.ts                                        |       0 |        0 |       0 |       0 | 1-353                     
 app/api/beaches/nearby                           |       0 |        0 |       0 |       0 |                           
  route.ts                                        |       0 |        0 |       0 |       0 | 1-61                      
 app/api/beaches/search                           |       0 |        0 |       0 |       0 |                           
  route.ts                                        |       0 |        0 |       0 |       0 | 1-58                      
 app/api/boards                                   |       0 |        0 |       0 |       0 |                           
  route.ts                                        |       0 |        0 |       0 |       0 | 1-62                      
 app/api/buoys/conditions                         |       0 |        0 |       0 |       0 |                           
  route.ts                                        |       0 |        0 |       0 |       0 | 1-96                      
 app/api/buoys/nearby                             |       0 |        0 |       0 |       0 |                           
  route.ts                                        |       0 |        0 |       0 |       0 | 1-73                      
 app/api/coach-picks                              |       0 |        0 |       0 |       0 |                           
  route.ts                                        |       0 |        0 |       0 |       0 | 1-32                      
 app/api/comments/[commentId]                     |       0 |        0 |       0 |       0 |                           
  route.ts                                        |       0 |        0 |       0 |       0 | 1-40                      
 app/api/cron/enhanced-forecast-sync              |       0 |        0 |       0 |       0 |                           
  route.ts                                        |       0 |        0 |       0 |       0 | 1-382                     
 app/api/cron/forecasts/refresh                   |       0 |        0 |       0 |       0 |                           
  route.ts                                        |       0 |        0 |       0 |       0 | 1-289                     
 app/api/cron/refresh-forecasts                   |       0 |        0 |       0 |       0 |                           
  route.ts                                        |       0 |        0 |       0 |       0 | 1-57                      
 app/api/cron/update-user-preferences             |       0 |        0 |       0 |       0 |                           
  route.ts                                        |       0 |        0 |       0 |       0 | 1-310                     
 app/api/cron/wavecast-scrape                     |       0 |        0 |       0 |       0 |                           
  route.ts                                        |       0 |        0 |       0 |       0 | 1-213                     
 app/api/devices/upsert                           |       0 |        0 |       0 |       0 |                           
  route.ts                                        |       0 |        0 |       0 |       0 | 1-170                     
 app/api/e2e-login                                |       0 |        0 |       0 |       0 |                           
  route.ts                                        |       0 |        0 |       0 |       0 | 1-72                      
 app/api/forecasts/bulk                           |       0 |        0 |       0 |       0 |                           
  route.ts                                        |       0 |        0 |       0 |       0 | 1-105                     
 app/api/forecasts/update                         |       0 |        0 |       0 |       0 |                           
  route.ts                                        |       0 |        0 |       0 |       0 | 1-104                     
 app/api/forecasts/update-enhanced                |       0 |        0 |       0 |       0 |                           
  route.ts                                        |       0 |        0 |       0 |       0 | 1-185                     
 app/api/health                                   |       0 |        0 |       0 |       0 |                           
  route.ts                                        |       0 |        0 |       0 |       0 | 1-11                      
 app/api/health/fonts                             |       0 |        0 |       0 |       0 |                           
  route.ts                                        |       0 |        0 |       0 |       0 | 1-154                     
 app/api/home/personalized-forecast               |       0 |        0 |       0 |       0 |                           
  route.ts                                        |       0 |        0 |       0 |       0 | 1-118                     
 app/api/image-proxy                              |       0 |        0 |       0 |       0 |                           
  route.ts                                        |       0 |        0 |       0 |       0 | 1-198                     
 app/api/intel                                    |       0 |        0 |       0 |       0 |                           
  route.ts                                        |       0 |        0 |       0 |       0 | 1-387                     
 app/api/intel/[id]/confirm                       |       0 |        0 |       0 |       0 |                           
  route.ts                                        |       0 |        0 |       0 |       0 | 1-236                     
 app/api/journal/export                           |       0 |        0 |       0 |       0 |                           
  route.ts                                        |       0 |        0 |       0 |       0 | 1-381                     
 app/api/me/profile                               |       0 |        0 |       0 |       0 |                           
  route.ts                                        |       0 |        0 |       0 |       0 | 1-85                      
 app/api/monitoring/forecast-health               |       0 |        0 |       0 |       0 |                           
  route.ts                                        |       0 |        0 |       0 |       0 | 1-82                      
 app/api/og/session/[sessionId]                   |       0 |        0 |       0 |       0 |                           
  route.ts                                        |       0 |        0 |       0 |       0 | 1-116                     
 app/api/plan-session                             |       0 |        0 |       0 |       0 |                           
  route.ts                                        |       0 |        0 |       0 |       0 | 1-158                     
 app/api/profile                                  |       0 |        0 |       0 |       0 |                           
  route.ts                                        |       0 |        0 |       0 |       0 | 1-39                      
 app/api/profile/[id]                             |       0 |        0 |       0 |       0 |                           
  route.ts                                        |       0 |        0 |       0 |       0 | 1-143                     
 app/api/recent-posts                             |       0 |        0 |       0 |       0 |                           
  route.ts                                        |       0 |        0 |       0 |       0 | 1-118                     
 app/api/referrals/validate                       |       0 |        0 |       0 |       0 |                           
  route.ts                                        |       0 |        0 |       0 |       0 | 1-200                     
 app/api/session-planner/gear-suggestions         |       0 |        0 |       0 |       0 |                           
  route.ts                                        |       0 |        0 |       0 |       0 | 1-376                     
 app/api/session-planner/invitations              |       0 |        0 |       0 |       0 |                           
  route.ts                                        |       0 |        0 |       0 |       0 | 1-965                     
 app/api/session-planner/optimal-times            |       0 |        0 |       0 |       0 |                           
  route.ts                                        |       0 |        0 |       0 |       0 | 1-858                     
 app/api/sessions/[id]/comments                   |       0 |        0 |       0 |       0 |                           
  route.ts                                        |       0 |        0 |       0 |       0 | 1-97                      
 app/api/sessions/[id]/comments/[commentId]       |       0 |        0 |       0 |       0 |                           
  route.ts                                        |       0 |        0 |       0 |       0 | 1-21                      
 app/api/sessions/[id]/likes                      |       0 |        0 |       0 |       0 |                           
  route.ts                                        |       0 |        0 |       0 |       0 | 1-54                      
 app/api/sessions/[id]/likes/toggle               |       0 |        0 |       0 |       0 |                           
  route.ts                                        |       0 |        0 |       0 |       0 | 1-30                      
 app/api/sessions/[id]/share-image                |       0 |        0 |       0 |       0 |                           
  route.ts                                        |       0 |        0 |       0 |       0 | 1-201                     
 app/api/sessions/public                          |       0 |        0 |       0 |       0 |                           
  route.ts                                        |       0 |        0 |       0 |       0 | 1-131                     
 app/api/social/share/og                          |       0 |        0 |       0 |       0 |                           
  route.ts                                        |       0 |        0 |       0 |       0 | 1-148                     
 app/api/surf                                     |       0 |        0 |       0 |       0 |                           
  route.ts                                        |       0 |        0 |       0 |       0 | 1-71                      
  utils.ts                                        |       0 |        0 |       0 |       0 | 1-428                     
 app/api/surf/discover                            |       0 |        0 |       0 |       0 |                           
  route.ts                                        |       0 |        0 |       0 |       0 | 1-123                     
 app/api/user/beach-affinity                      |       0 |        0 |       0 |       0 |                           
  route.ts                                        |       0 |        0 |       0 |       0 | 1-83                      
 app/api/user/preferences-popup-shown             |       0 |        0 |       0 |       0 |                           
  route.ts                                        |       0 |        0 |       0 |       0 | 1-89                      
 app/api/users/[id]/comments                      |       0 |        0 |       0 |       0 |                           
  route.ts                                        |       0 |        0 |       0 |       0 | 1-61                      
 app/api/users/[id]/follow                        |       0 |        0 |       0 |       0 |                           
  route.ts                                        |       0 |        0 |       0 |       0 | 1-60                      
 app/api/users/[id]/follow/toggle                 |       0 |        0 |       0 |       0 |                           
  route.ts                                        |       0 |        0 |       0 |       0 | 1-38                      
 app/api/users/[id]/profile                       |       0 |        0 |       0 |       0 |                           
  route.ts                                        |       0 |        0 |       0 |       0 | 1-17                      
 app/api/users/[id]/sessions                      |       0 |        0 |       0 |       0 |                           
  route.ts                                        |       0 |        0 |       0 |       0 | 1-162                     
 app/api/users/search                             |       0 |        0 |       0 |       0 |                           
  route.ts                                        |       0 |        0 |       0 |       0 | 1-108                     
 app/api/v1/recommendations                       |       0 |        0 |       0 |       0 |                           
  route.ts                                        |       0 |        0 |       0 |       0 | 1-207                     
 app/api/v1/recommendations/feedback              |       0 |        0 |       0 |       0 |                           
  route.ts                                        |       0 |        0 |       0 |       0 | 1-32                      
 app/auth                                         |       0 |        0 |       0 |       0 |                           
  error.tsx                                       |       0 |        0 |       0 |       0 | 1-30                      
 app/auth/callback                                |       0 |        0 |       0 |       0 |                           
  route.ts                                        |       0 |        0 |       0 |       0 | 1-61                      
 app/auth/confirm                                 |       0 |        0 |       0 |       0 |                           
  route.ts                                        |       0 |        0 |       0 |       0 | 1-34                      
 app/beach/[slug]                                 |       0 |        0 |       0 |       0 |                           
  beach-detail-client.tsx                         |       0 |        0 |       0 |       0 | 1-89                      
  error.tsx                                       |       0 |        0 |       0 |       0 | 1-30                      
 app/beaches/[country]/[state]/[city]             |       0 |        0 |       0 |       0 |                           
  error.tsx                                       |       0 |        0 |       0 |       0 | 1-49                      
  loading.tsx                                     |       0 |        0 |       0 |       0 | 1-40                      
  not-found.tsx                                   |       0 |        0 |       0 |       0 | 1-88                      
 app/discover                                     |       0 |        0 |       0 |       0 |                           
  discover-client.tsx                             |       0 |        0 |       0 |       0 | 1-333                     
  error.tsx                                       |       0 |        0 |       0 |       0 | 1-30                      
 app/features                                     |       0 |        0 |       0 |       0 |                           
  features-client.tsx                             |       0 |        0 |       0 |       0 | 1-383                     
 app/forecast/[beachId]                           |       0 |        0 |       0 |       0 |                           
  forecast-page-client.tsx                        |       0 |        0 |       0 |       0 | 1-39                      
 app/inbox                                        |       0 |        0 |       0 |       0 |                           
  error.tsx                                       |       0 |        0 |       0 |       0 | 1-30                      
  inbox-client.tsx                                |       0 |        0 |       0 |       0 | 1-212                     
 app/map                                          |       0 |        0 |       0 |       0 |                           
  error.tsx                                       |       0 |        0 |       0 |       0 | 1-30                      
 app/profile                                      |       0 |        0 |       0 |       0 |                           
  error.tsx                                       |       0 |        0 |       0 |       0 | 1-30                      
 app/s/[sessionId]                                |       0 |        0 |       0 |       0 |                           
  not-found.tsx                                   |       0 |        0 |       0 |       0 | 1-63                      
  share-client.tsx                                |       0 |        0 |       0 |       0 | 1-303                     
 app/sessions                                     |       0 |        0 |       0 |       0 |                           
  error.tsx                                       |       0 |        0 |       0 |       0 | 1-30                      
 app/share/[sessionId]/[variant]/[ratio]          |       0 |        0 |       0 |       0 |                           
  SharePreview.tsx                                |       0 |        0 |       0 |       0 | 1-208                     
 app/user/[id]                                    |       0 |        0 |       0 |       0 |                           
  user-profile-client.tsx                         |       0 |        0 |       0 |       0 | 1-242                     
 components                                       |       0 |        0 |       0 |       0 |                           
  BeachSelector.tsx                               |       0 |        0 |       0 |       0 | 1-238                     
  NearbyBeaches.tsx                               |       0 |        0 |       0 |       0 | 1-113                     
  add-board-dialog.tsx                            |       0 |        0 |       0 |       0 | 1-292                     
  app-header.tsx                                  |       0 |        0 |       0 |       0 | 1-575                     
  beach-card.tsx                                  |       0 |        0 |       0 |       0 | 1-375                     
  beach-detail.tsx                                |       0 |        0 |       0 |       0 | 1-680                     
  beach-search.tsx                                |       0 |        0 |       0 |       0 | 1-418                     
  beaches-enhanced-forecast.tsx                   |       0 |        0 |       0 |       0 | 1-348                     
  board-card.tsx                                  |       0 |        0 |       0 |       0 | 1-66                      
  buoy-conditions.tsx                             |       0 |        0 |       0 |       0 | 1-52                      
  comments-modal.tsx                              |       0 |        0 |       0 |       0 | 1-37                      
  edit-profile-form.tsx                           |       0 |        0 |       0 |       0 | 1-229                     
  edit-profile-modal.tsx                          |       0 |        0 |       0 |       0 | 1-49                      
  favorite-beaches.tsx                            |       0 |        0 |       0 |       0 | 1-242                     
  favorite-button.tsx                             |       0 |        0 |       0 |       0 | 1-199                     
  home-beach-selector.tsx                         |       0 |        0 |       0 |       0 | 1-295                     
  landing-page-server.tsx                         |       0 |        0 |       0 |       0 | 1-142                     
  landing-page.tsx                                |       0 |        0 |       0 |       0 | 1-141                     
  map-image.tsx                                   |       0 |        0 |       0 |       0 | 1-112                     
  map-view.tsx                                    |       0 |        0 |       0 |       0 | 1-320                     
  profile-view.tsx                                |       0 |        0 |       0 |       0 | 1-509                     
  providers.tsx                                   |       0 |        0 |       0 |       0 | 1-151                     
  session-card-photos.tsx                         |       0 |        0 |       0 |       0 | 1-106                     
  session-card-wrapper.tsx                        |       0 |        0 |       0 |       0 | 1-62                      
  session-card.tsx                                |       0 |        0 |       0 |       0 | 1-427                     
  session-comments.tsx                            |       0 |        0 |       0 |       0 | 1-190                     
  session-detail-view.tsx                         |       0 |        0 |       0 |       0 | 1-480                     
  share-modal.tsx                                 |       0 |        0 |       0 |       0 | 1-411                     
  social-post-card.tsx                            |       0 |        0 |       0 |       0 | 1-80                      
  user-avatar.tsx                                 |       0 |        0 |       0 |       0 | 1-84                      
  user-stats.tsx                                  |       0 |        0 |       0 |       0 | 1-152                     
 components/admin                                 |       0 |        0 |       0 |       0 |                           
  admin-breadcrumbs.tsx                           |       0 |        0 |       0 |       0 | 1-66                      
  admin-page-header.tsx                           |       0 |        0 |       0 |       0 | 1-36                      
  beach-form-dialog.tsx                           |       0 |        0 |       0 |       0 | 1-346                     
  beach-table.tsx                                 |       0 |        0 |       0 |       0 | 1-243                     
  confirm-action-dialog.tsx                       |       0 |        0 |       0 |       0 | 1-69                      
  intel-edit-dialog.tsx                           |       0 |        0 |       0 |       0 | 1-274                     
  intel-table.tsx                                 |       0 |        0 |       0 |       0 | 1-321                     
  photo-preview-dialog.tsx                        |       0 |        0 |       0 |       0 | 1-236                     
  photo-table.tsx                                 |       0 |        0 |       0 |       0 | 1-431                     
  review-table.tsx                                |       0 |        0 |       0 |       0 | 1-327                     
  session-table.tsx                               |       0 |        0 |       0 |       0 | 1-327                     
 components/analytics                             |       0 |        0 |       0 |       0 |                           
  analytics-loader.tsx                            |       0 |        0 |       0 |       0 | 1-128                     
  google-analytics.tsx                            |       0 |        0 |       0 |       0 | 1-23                      
  pwa-and-push-listeners.tsx                      |       0 |        0 |       0 |       0 | 1-124                     
 components/auth                                  |       0 |        0 |       0 |       0 |                           
  auth-blocking-overlay.tsx                       |       0 |        0 |       0 |       0 | 1-91                      
  auth-gate.tsx                                   |       0 |        0 |       0 |       0 | 1-138                     
  unified-auth-modal.tsx                          |       0 |        0 |       0 |       0 | 1-711                     
 components/beach                                 |       0 |        0 |       0 |       0 |                           
  beach-review-form.tsx                           |       0 |        0 |       0 |       0 | 1-368                     
  beach-review-summary.tsx                        |       0 |        0 |       0 |       0 | 1-250                     
  beach-reviews-list.tsx                          |       0 |        0 |       0 |       0 | 1-254                     
  beach-search-autocomplete.tsx                   |       0 |        0 |       0 |       0 | 1-268                     
  fallback-forecast-display.tsx                   |       0 |        0 |       0 |       0 | 1-66                      
 components/beach-detail                          |       0 |        0 |       0 |       0 |                           
  beach-actions.tsx                               |       0 |        0 |       0 |       0 | 1-96                      
  beach-breadcrumb.tsx                            |       0 |        0 |       0 |       0 | 1-61                      
  beach-check-ins.tsx                             |       0 |        0 |       0 |       0 | 1-74                      
  beach-header.tsx                                |       0 |        0 |       0 |       0 | 1-19                      
  beach-hero-compact.tsx                          |       0 |        0 |       0 |       0 | 1-125                     
  beach-hero.tsx                                  |       0 |        0 |       0 |       0 | 1-45                      
  beach-photo-gallery.tsx                         |       0 |        0 |       0 |       0 | 1-227                     
  beach-quick-actions.tsx                         |       0 |        0 |       0 |       0 | 1-93                      
  beach-stats-grid.tsx                            |       0 |        0 |       0 |       0 | 1-161                     
  beach-tabs.tsx                                  |       0 |        0 |       0 |       0 | 1-157                     
  best-surf-window.tsx                            |       0 |        0 |       0 |       0 | 1-503                     
  cams-section.tsx                                |       0 |        0 |       0 |       0 | 1-169                     
  detailed-swell-modal.tsx                        |       0 |        0 |       0 |       0 | 1-218                     
  enhanced-beach-overview.tsx                     |       0 |        0 |       0 |       0 | 1-91                      
  feature-grid.tsx                                |       0 |        0 |       0 |       0 | 1-91                      
  forecast-and-tides.tsx                          |       0 |        0 |       0 |       0 | 1-156                     
  practical-tips-section.tsx                      |       0 |        0 |       0 |       0 | 1-164                     
  quick-stats.tsx                                 |       0 |        0 |       0 |       0 | 1-86                      
  recent-sessions-section.tsx                     |       0 |        0 |       0 |       0 | 1-51                      
  session-planning-modal.tsx                      |       0 |        0 |       0 |       0 | 1-71                      
  spot-overview.tsx                               |       0 |        0 |       0 |       0 | 1-224                     
  tab-loading-skeleton.tsx                        |       0 |        0 |       0 |       0 | 1-29                      
  todays-forecast.tsx                             |       0 |        0 |       0 |       0 | 1-118                     
 components/beach-detail/tabs                     |       0 |        0 |       0 |       0 |                           
  forecast-tab.tsx                                |       0 |        0 |       0 |       0 | 1-481                     
  intel-tab.tsx                                   |       0 |        0 |       0 |       0 | 1-46                      
  overview-tab.tsx                                |       0 |        0 |       0 |       0 | 1-33                      
  reviews-tab.tsx                                 |       0 |        0 |       0 |       0 | 1-46                      
  sessions-tab.tsx                                |       0 |        0 |       0 |       0 | 1-55                      
 components/buoy                                  |       0 |        0 |       0 |       0 |                           
  buoy-card.tsx                                   |       0 |        0 |       0 |       0 | 1-281                     
  measurement-display.tsx                         |       0 |        0 |       0 |       0 | 1-149                     
  status-indicators.tsx                           |       0 |        0 |       0 |       0 | 1-181                     
  tides-display.tsx                               |       0 |        0 |       0 |       0 | 1-168                     
 components/discover                              |       0 |        0 |       0 |       0 |                           
  beach-discovery-card.tsx                        |       0 |        0 |       0 |       0 | 1-165                     
  beach-discovery-list.tsx                        |       0 |        0 |       0 |       0 | 1-216                     
 components/engagement                            |       0 |        0 |       0 |       0 |                           
  micro-interactions.tsx                          |       0 |        0 |       0 |       0 | 1-371                     
 components/error-boundaries                      |       0 |        0 |       0 |       0 |                           
  DataErrorBoundary.tsx                           |       0 |        0 |       0 |       0 | 1-298                     
  DataLoadErrorFallback.tsx                       |       0 |        0 |       0 |       0 | 1-109                     
  ErrorBoundary.tsx                               |       0 |        0 |       0 |       0 | 1-166                     
  ErrorFallback.tsx                               |       0 |        0 |       0 |       0 | 1-144                     
  FormErrorBoundary.tsx                           |       0 |        0 |       0 |       0 | 1-305                     
  NetworkErrorFallback.tsx                        |       0 |        0 |       0 |       0 | 1-125                     
  types.ts                                        |       0 |        0 |       0 |       0 | 1-37                      
 components/error-boundaries/utils                |       0 |        0 |       0 |       0 |                           
  error-categorizer.ts                            |       0 |        0 |       0 |       0 | 1-70                      
  error-logger.ts                                 |       0 |        0 |       0 |       0 | 1-47                      
  retry-strategies.ts                             |       0 |        0 |       0 |       0 | 1-22                      
  state-persistence.ts                            |       0 |        0 |       0 |       0 | 1-64                      
 components/forecast                              |       0 |        0 |       0 |       0 |                           
  adjusted-forecast-display.tsx                   |       0 |        0 |       0 |       0 | 1-400                     
  beaches-enhanced-forecast-with-transparency.tsx |       0 |        0 |       0 |       0 | 1-401                     
  buoy-station-link.tsx                           |       0 |        0 |       0 |       0 | 1-205                     
  confidence-score-explanation.tsx                |       0 |        0 |       0 |       0 | 1-393                     
  date-navigation.tsx                             |       0 |        0 |       0 |       0 | 1-55                      
  enhanced-forecast-with-transparency.tsx         |       0 |        0 |       0 |       0 | 1-164                     
  forecast-accuracy-card.tsx                      |       0 |        0 |       0 |       0 | 1-184                     
  forecast-accuracy-stats.tsx                     |       0 |        0 |       0 |       0 | 1-259                     
  forecast-accuracy-summary.tsx                   |       0 |        0 |       0 |       0 | 1-222                     
  forecast-confidence-badge.tsx                   |       0 |        0 |       0 |       0 | 1-80                      
  forecast-data-source-indicator.tsx              |       0 |        0 |       0 |       0 | 1-480                     
  forecast-display-with-transparency.tsx          |       0 |        0 |       0 |       0 | 1-464                     
  forecast-display.tsx                            |       0 |        0 |       0 |       0 | 1-121                     
  forecast-error-state.tsx                        |       0 |        0 |       0 |       0 | 1-211                     
  forecast-fallback-messaging.tsx                 |       0 |        0 |       0 |       0 | 1-309                     
  forecast-feedback-form.tsx                      |       0 |        0 |       0 |       0 | 1-376                     
  forecast-preview-with-transparency.tsx          |       0 |        0 |       0 |       0 | 1-276                     
  forecast-stats.tsx                              |       0 |        0 |       0 |       0 | 1-144                     
  forecast-table.tsx                              |       0 |        0 |       0 |       0 | 1-460                     
  forecast-verification-widget.tsx                |       0 |        0 |       0 |       0 | 1-357                     
  high-confidence-indicator.tsx                   |       0 |        0 |       0 |       0 | 1-37                      
  session-forecast-comparison.tsx                 |       0 |        0 |       0 |       0 | 1-383                     
  spot-conditions-summary.tsx                     |       0 |        0 |       0 |       0 | 1-134                     
  tide-chart-recharts.tsx                         |       0 |        0 |       0 |       0 | 1-719                     
 components/gamification                          |       0 |        0 |       0 |       0 |                           
  badge-gallery.tsx                               |       0 |        0 |       0 |       0 | 1-274                     
  badge-icon.tsx                                  |       0 |        0 |       0 |       0 | 1-54                      
  user-xp-card.tsx                                |       0 |        0 |       0 |       0 | 1-224                     
  xp-toast-system.tsx                             |       0 |        0 |       0 |       0 | 1-242                     
 components/home                                  |       0 |        0 |       0 |       0 |                           
  HomeBeachBanner.tsx                             |       0 |        0 |       0 |       0 | 1-60                      
 components/home-screen                           |       0 |        0 |       0 |       0 |                           
  beach-search-bar.tsx                            |       0 |        0 |       0 |       0 | 1-60                      
  community-tab.tsx                               |       0 |        0 |       0 |       0 | 1-19                      
  forecast-tab.tsx                                |       0 |        0 |       0 |       0 | 1-695                     
  nearby-beach-chips.tsx                          |       0 |        0 |       0 |       0 | 1-159                     
  personalized-forecast-card.tsx                  |       0 |        0 |       0 |       0 | 1-398                     
  use-home-data.ts                                |       0 |        0 |       0 |       0 | 1-38                      
 components/intel                                 |       0 |        0 |       0 |       0 |                           
  beach-intel-section.tsx                         |       0 |        0 |       0 |       0 | 1-570                     
  intel-feed.tsx                                  |       0 |        0 |       0 |       0 | 1-349                     
  intel-map.tsx                                   |       0 |        0 |       0 |       0 | 1-374                     
  intel-post-form.tsx                             |       0 |        0 |       0 |       0 | 1-978                     
  intel-post-modal.tsx                            |       0 |        0 |       0 |       0 | 1-251                     
  intel-tab-simple.tsx                            |       0 |        0 |       0 |       0 | 1-563                     
 components/journal                               |       0 |        0 |       0 |       0 |                           
  calendar-heatmap.tsx                            |       0 |        0 |       0 |       0 | 1-335                     
  export-modal.tsx                                |       0 |        0 |       0 |       0 | 1-542                     
  journal-view.tsx                                |       0 |        0 |       0 |       0 | 1-417                     
  session-analytics.tsx                           |       0 |        0 |       0 |       0 | 1-665                     
  session-annotation-modal.tsx                    |       0 |        0 |       0 |       0 | 1-425                     
  xp-boosters.tsx                                 |       0 |        0 |       0 |       0 | 1-97                      
 components/landing-page                          |       0 |        0 |       0 |       0 |                           
  activities-section.tsx                          |       0 |        0 |       0 |       0 | 1-86                      
  cta-section.tsx                                 |       0 |        0 |       0 |       0 | 1-101                     
  feature-card.tsx                                |       0 |        0 |       0 |       0 | 1-60                      
  features-section.tsx                            |       0 |        0 |       0 |       0 | 1-22                      
  footer-section.tsx                              |       0 |        0 |       0 |       0 | 1-133                     
  forecast-section.tsx                            |       0 |        0 |       0 |       0 | 1-178                     
  hero-carousel.tsx                               |       0 |        0 |       0 |       0 | 1-174                     
  hero-search-lazy.tsx                            |       0 |        0 |       0 |       0 | 1-205                     
  hero-section.tsx                                |       0 |        0 |       0 |       0 | 1-87                      
  interactive-hero-demo.tsx                       |       0 |        0 |       0 |       0 | 1-435                     
  navbar.tsx                                      |       0 |        0 |       0 |       0 | 1-255                     
  progressive-section.tsx                         |       0 |        0 |       0 |       0 | 1-133                     
  section-wrapper.tsx                             |       0 |        0 |       0 |       0 | 1-41                      
  social-feed-section.tsx                         |       0 |        0 |       0 |       0 | 1-140                     
  surf-highlights-section.tsx                     |       0 |        0 |       0 |       0 | 1-180                     
  surf-spot-card.tsx                              |       0 |        0 |       0 |       0 | 1-178                     
 components/location                              |       0 |        0 |       0 |       0 |                           
  location-map.tsx                                |       0 |        0 |       0 |       0 | 1-186                     
  ranking-badge.tsx                               |       0 |        0 |       0 |       0 | 1-60                      
 components/map                                   |       0 |        0 |       0 |       0 |                           
  beach-list.tsx                                  |       0 |        0 |       0 |       0 | 1-348                     
  interactive-map.tsx                             |       0 |        0 |       0 |       0 | 1-764                     
  location-timeout-banner.tsx                     |       0 |        0 |       0 |       0 | 1-104                     
  map-content.tsx                                 |       0 |        0 |       0 |       0 | 1-222                     
  map-display.tsx                                 |       0 |        0 |       0 |       0 | 1-221                     
  map-header.tsx                                  |       0 |        0 |       0 |       0 | 1-87                      
  map-search-header.tsx                           |       0 |        0 |       0 |       0 | 1-69                      
  nearby-beach-scroll.tsx                         |       0 |        0 |       0 |       0 | 1-92                      
  selected-beach-card.tsx                         |       0 |        0 |       0 |       0 | 1-179                     
 components/media                                 |       0 |        0 |       0 |       0 |                           
  session-photo-gallery.tsx                       |       0 |        0 |       0 |       0 | 1-614                     
  session-photo-upload.tsx                        |       0 |        0 |       0 |       0 | 1-440                     
  storage-usage-widget.tsx                        |       0 |        0 |       0 |       0 | 1-211                     
 components/onboarding                            |       0 |        0 |       0 |       0 |                           
  onboarding-dialog.tsx                           |       0 |        0 |       0 |       0 | 1-107                     
  product-tour.tsx                                |       0 |        0 |       0 |       0 | 1-224                     
  stepper.tsx                                     |       0 |        0 |       0 |       0 | 1-24                      
 components/onboarding/steps                      |   45.43 |    66.66 |   16.66 |   45.43 |                           
  completion-step.tsx                             |       0 |        0 |       0 |       0 | 1-129                     
  home-beach-step.tsx                             |   80.51 |      100 |      20 |   80.51 | 42-61,64-68,71-73,101-102 
  notifications-step.tsx                          |       0 |        0 |       0 |       0 | 1-117                     
  preferences-step.tsx                            |   95.19 |    85.71 |   14.28 |   95.19 | 34-36,91-96,100           
  profile-step.tsx                                |   96.42 |      100 |      50 |   96.42 | 31-33                     
  referral-step.tsx                               |       0 |        0 |       0 |       0 | 1-162                     
  welcome-step.tsx                                |       0 |        0 |       0 |       0 | 1-33                      
 components/profile                               |       0 |        0 |       0 |       0 |                           
  HomeBeachTile.tsx                               |       0 |        0 |       0 |       0 | 1-49                      
  basic-profile-form.tsx                          |       0 |        0 |       0 |       0 | 1-163                     
  boards-manager.tsx                              |       0 |        0 |       0 |       0 | 1-548                     
  gamification-section.tsx                        |       0 |        0 |       0 |       0 | 1-194                     
  learned-preferences-display.tsx                 |       0 |        0 |       0 |       0 | 1-201                     
  notifications-section.tsx                       |       0 |        0 |       0 |       0 | 1-126                     
  preference-override-form.tsx                    |       0 |        0 |       0 |       0 | 1-350                     
  preferences-announcement-dialog.tsx             |       0 |        0 |       0 |       0 | 1-150                     
  preferences-announcement-example.tsx            |       0 |        0 |       0 |       0 | 1-283                     
  preferences-display-card.example.tsx            |       0 |        0 |       0 |       0 | 1-119                     
  preferences-display-card.tsx                    |       0 |        0 |       0 |       0 | 1-206                     
  profile-edit-form.tsx                           |       0 |        0 |       0 |       0 | 1-68                      
  profile-preferences.tsx                         |       0 |        0 |       0 |       0 | 1-318                     
  recent-sessions-list.tsx                        |       0 |        0 |       0 |       0 | 1-97                      
  surf-profile-section.tsx                        |       0 |        0 |       0 |       0 | 1-311                     
  user-comments.tsx                               |       0 |        0 |       0 |       0 | 1-127                     
  validation-prompt.tsx                           |       0 |        0 |       0 |       0 | 1-99                      
  wind-direction-compass.tsx                      |       0 |        0 |       0 |       0 | 1-129                     
 components/profile/shared                        |       0 |        0 |       0 |       0 |                           
  avatar-upload.tsx                               |       0 |        0 |       0 |       0 | 1-218                     
  basic-info-fields.tsx                           |       0 |        0 |       0 |       0 | 1-115                     
  preference-fields.tsx                           |       0 |        0 |       0 |       0 | 1-297                     
  surf-info-fields.tsx                            |       0 |        0 |       0 |       0 | 1-133                     
 components/providers                             |       0 |        0 |       0 |       0 |                           
  react-query-provider.tsx                        |       0 |        0 |       0 |       0 | 1-23                      
 components/quiver                                |       0 |        0 |       0 |       0 |                           
  xp-boosters.tsx                                 |       0 |        0 |       0 |       0 | 1-96                      
 components/recommendations                       |       0 |        0 |       0 |       0 |                           
  PersonalizedBadge.examples.tsx                  |       0 |        0 |       0 |       0 | 1-376                     
  PersonalizedBadge.tsx                           |       0 |        0 |       0 |       0 | 1-436                     
  coach-card.tsx                                  |       0 |        0 |       0 |       0 | 1-414                     
 components/resource-hints                        |       0 |        0 |       0 |       0 |                           
  map-hints.tsx                                   |       0 |        0 |       0 |       0 | 1-24                      
 components/seo                                   |       0 |        0 |       0 |       0 |                           
  breadcrumb-schema.tsx                           |       0 |        0 |       0 |       0 | 1-37                      
  faq-schema.tsx                                  |       0 |        0 |       0 |       0 | 1-87                      
  home-page-structured-data.tsx                   |       0 |        0 |       0 |       0 | 1-18                      
  spot-structured-data.tsx                        |       0 |        0 |       0 |       0 | 1-55                      
  structured-data.tsx                             |       0 |        0 |       0 |       0 | 1-140                     
 components/session                               |       0 |        0 |       0 |       0 |                           
  SurfSessionCard.tsx                             |       0 |        0 |       0 |       0 | 1-557                     
  session-share-button.tsx                        |       0 |        0 |       0 |       0 | 1-66                      
  session-share-modal.tsx                         |       0 |        0 |       0 |       0 | 1-332                     
 components/session-forms                         |       0 |        0 |       0 |       0 |                           
  ConditionsSection.tsx                           |       0 |        0 |       0 |       0 | 1-483                     
  DateTimeSection.tsx                             |       0 |        0 |       0 |       0 | 1-204                     
  DateTimeStep.tsx                                |       0 |        0 |       0 |       0 | 1-142                     
  EquipmentStep.tsx                               |       0 |        0 |       0 |       0 | 1-147                     
  FormNavigation.tsx                              |       0 |        0 |       0 |       0 | 1-50                      
  GearSuggestionsSection.tsx                      |       0 |        0 |       0 |       0 | 1-376                     
  GoalsSection.tsx                                |       0 |        0 |       0 |       0 | 1-176                     
  GroupInvitationsSection.tsx                     |       0 |        0 |       0 |       0 | 1-379                     
  LocationStep.tsx                                |       0 |        0 |       0 |       0 | 1-42                      
  NotesSection.tsx                                |       0 |        0 |       0 |       0 | 1-96                      
  OptimalTimesSection.tsx                         |       0 |        0 |       0 |       0 | 1-554                     
  PhotoSelectionSection.tsx                       |       0 |        0 |       0 |       0 | 1-318                     
  ProgressIndicator.tsx                           |       0 |        0 |       0 |       0 | 1-44                      
  SessionDetailsSection.tsx                       |       0 |        0 |       0 |       0 | 1-817                     
  SessionForm.tsx                                 |       0 |        0 |       0 |       0 | 1-707                     
  SessionFormHeader.tsx                           |       0 |        0 |       0 |       0 | 1-82                      
  SessionFormWrapper.tsx                          |       0 |        0 |       0 |       0 | 1-29                      
 components/session/wizard                        |       0 |        0 |       0 |       0 |                           
  AnimatedSessionWizard.tsx                       |       0 |        0 |       0 |       0 | 1-812                     
  CompletionCelebration.tsx                       |       0 |        0 |       0 |       0 | 1-28                      
  FieldFocus.tsx                                  |       0 |        0 |       0 |       0 | 1-140                     
  GuidanceHint.tsx                                |       0 |        0 |       0 |       0 | 1-132                     
  ProgressBar.tsx                                 |       0 |        0 |       0 |       0 | 1-156                     
  SessionWizard.tsx                               |       0 |        0 |       0 |       0 | 1-43                      
  WizardStep.tsx                                  |       0 |        0 |       0 |       0 | 1-30                      
 components/share                                 |       0 |        0 |       0 |       0 |                           
  ShareBar.tsx                                    |       0 |        0 |       0 |       0 | 1-622                     
 components/skeletons                             |       0 |        0 |       0 |       0 |                           
  beach-card-skeleton.tsx                         |       0 |        0 |       0 |       0 | 1-56                      
  buoy-conditions-skeleton.tsx                    |       0 |        0 |       0 |       0 | 1-62                      
  map-skeleton.tsx                                |       0 |        0 |       0 |       0 | 1-76                      
 components/social                                |       0 |        0 |       0 |       0 |                           
  activity-feed.tsx                               |       0 |        0 |       0 |       0 | 1-121                     
  follow-button.tsx                               |       0 |        0 |       0 |       0 | 1-103                     
  followers-modal.tsx                             |       0 |        0 |       0 |       0 | 1-168                     
  unified-community-feed.tsx                      |       0 |        0 |       0 |       0 | 1-210                     
  user-avatar-button.tsx                          |       0 |        0 |       0 |       0 | 1-61                      
  user-profile-modal.tsx                          |       0 |        0 |       0 |       0 | 1-233                     
  user-social-stats.tsx                           |       0 |        0 |       0 |       0 | 1-60                      
 components/social/activity                       |       0 |        0 |       0 |       0 |                           
  activity-icon.tsx                               |       0 |        0 |       0 |       0 | 1-44                      
  activity-item.tsx                               |       0 |        0 |       0 |       0 | 1-106                     
  activity-text.tsx                               |       0 |        0 |       0 |       0 | 1-83                      
 components/ui                                    |    1.31 |     2.94 |       0 |    1.31 |                           
  accordion.tsx                                   |       0 |        0 |       0 |       0 | 1-58                      
  alert-dialog.tsx                                |       0 |        0 |       0 |       0 | 1-141                     
  alert.tsx                                       |       0 |        0 |       0 |       0 | 1-63                      
  aspect-ratio.tsx                                |       0 |        0 |       0 |       0 | 1-7                       
  avatar.tsx                                      |       0 |        0 |       0 |       0 | 1-50                      
  badge.tsx                                       |       0 |        0 |       0 |       0 | 1-38                      
  breadcrumb.tsx                                  |       0 |        0 |       0 |       0 | 1-115                     
  button.tsx                                      |     100 |       50 |     100 |     100 | 44                        
  calendar.tsx                                    |       0 |        0 |       0 |       0 | 1-66                      
  card.tsx                                        |       0 |        0 |       0 |       0 | 1-79                      
  carousel.tsx                                    |       0 |        0 |       0 |       0 | 1-262                     
  chart.tsx                                       |       0 |        0 |       0 |       0 | 1-567                     
  check-in-display.tsx                            |       0 |        0 |       0 |       0 | 1-326                     
  check-in-form.tsx                               |       0 |        0 |       0 |       0 | 1-72                      
  checkbox.tsx                                    |       0 |        0 |       0 |       0 | 1-30                      
  collapsible.tsx                                 |       0 |        0 |       0 |       0 | 1-11                      
  command.tsx                                     |       0 |        0 |       0 |       0 | 1-153                     
  context-menu.tsx                                |       0 |        0 |       0 |       0 | 1-200                     
  dialog.tsx                                      |       0 |        0 |       0 |       0 | 1-122                     
  drawer.tsx                                      |       0 |        0 |       0 |       0 | 1-118                     
  dropdown-menu.tsx                               |       0 |        0 |       0 |       0 | 1-200                     
  forecast-data-transparency.tsx                  |       0 |        0 |       0 |       0 | 1-80                      
  forecast-freshness-badge.tsx                    |       0 |        0 |       0 |       0 | 1-190                     
  forecast-preview.tsx                            |       0 |        0 |       0 |       0 | 1-136                     
  form-fields.tsx                                 |       0 |        0 |       0 |       0 | 1-259                     
  form-layout.tsx                                 |       0 |        0 |       0 |       0 | 1-101                     
  form.tsx                                        |       0 |        0 |       0 |       0 | 1-178                     
  hover-card.tsx                                  |       0 |        0 |       0 |       0 | 1-29                      
  input-otp.tsx                                   |       0 |        0 |       0 |       0 | 1-71                      
  input.tsx                                       |     100 |      100 |     100 |     100 |                           
  kpi-tile.tsx                                    |       0 |        0 |       0 |       0 | 1-30                      
  label.tsx                                       |     100 |      100 |     100 |     100 |                           
  loading-spinner.tsx                             |       0 |        0 |       0 |       0 | 1-48                      
  loading-states.tsx                              |       0 |        0 |       0 |       0 | 1-195                     
  menubar.tsx                                     |       0 |        0 |       0 |       0 | 1-236                     
  navigation-menu.tsx                             |       0 |        0 |       0 |       0 | 1-128                     
  no-ssr.tsx                                      |       0 |        0 |       0 |       0 | 1-15                      
  pagination.tsx                                  |       0 |        0 |       0 |       0 | 1-120                     
  popover.tsx                                     |       0 |        0 |       0 |       0 | 1-31                      
  progress.tsx                                    |       0 |        0 |       0 |       0 | 1-28                      
  public-content-gate.tsx                         |       0 |        0 |       0 |       0 | 1-160                     
  radio-group.tsx                                 |       0 |        0 |       0 |       0 | 1-44                      
  resizable.tsx                                   |       0 |        0 |       0 |       0 | 1-45                      
  scroll-area.tsx                                 |       0 |        0 |       0 |       0 | 1-48                      
  select.tsx                                      |       0 |        0 |       0 |       0 | 1-160                     
  separator.tsx                                   |       0 |        0 |       0 |       0 | 1-31                      
  sheet.tsx                                       |       0 |        0 |       0 |       0 | 1-140                     
  sidebar.tsx                                     |       0 |        0 |       0 |       0 | 1-763                     
  skeleton.tsx                                    |       0 |        0 |       0 |       0 | 1-14                      
  slider.tsx                                      |       0 |        0 |       0 |       0 | 1-28                      
  sonner.tsx                                      |       0 |        0 |       0 |       0 | 1-30                      
  star-rating.tsx                                 |       0 |        0 |       0 |       0 | 1-50                      
  switch.tsx                                      |       0 |        0 |       0 |       0 | 1-29                      
  table.tsx                                       |       0 |        0 |       0 |       0 | 1-117                     
  tabs.tsx                                        |       0 |        0 |       0 |       0 | 1-55                      
  textarea.tsx                                    |       0 |        0 |       0 |       0 | 1-22                      
  tide-direction.tsx                              |       0 |        0 |       0 |       0 | 1-130                     
  tide-timing.tsx                                 |       0 |        0 |       0 |       0 | 1-231                     
  toast.tsx                                       |       0 |        0 |       0 |       0 | 1-129                     
  toaster.tsx                                     |       0 |        0 |       0 |       0 | 1-35                      
  toggle-group.tsx                                |       0 |        0 |       0 |       0 | 1-61                      
  toggle.tsx                                      |       0 |        0 |       0 |       0 | 1-45                      
  tooltip.tsx                                     |       0 |        0 |       0 |       0 | 1-30                      
  use-mobile.tsx                                  |       0 |        0 |       0 |       0 | 1-19                      
  use-toast.ts                                    |       0 |        0 |       0 |       0 | 1-194                     
  wave-height-display.tsx                         |       0 |        0 |       0 |       0 | 1-153                     
  wave-period-display.tsx                         |       0 |        0 |       0 |       0 | 1-305                     
  wave-type-selector.tsx                          |       0 |        0 |       0 |       0 | 1-189                     
 context                                          |       0 |        0 |       0 |       0 |                           
  auth-context.tsx                                |       0 |        0 |       0 |       0 | 1-341                     
  profile-context.tsx                             |       0 |        0 |       0 |       0 | 1-330                     
 hooks                                            |       0 |        0 |       0 |       0 |                           
  use-activity-feed.ts                            |       0 |        0 |       0 |       0 | 1-116                     
  use-beach-autocomplete.ts                       |       0 |        0 |       0 |       0 | 1-160                     
  use-beach-card-data.ts                          |       0 |        0 |       0 |       0 | 1-167                     
  use-beach-detail-data.ts                        |       0 |        0 |       0 |       0 | 1-164                     
  use-beach-forecast.ts                           |       0 |        0 |       0 |       0 | 1-133                     
  use-beach-reviews.ts                            |       0 |        0 |       0 |       0 | 1-65                      
  use-beach-search.ts                             |       0 |        0 |       0 |       0 | 1-397                     
  use-cached-api.ts                               |       0 |        0 |       0 |       0 | 1-170                     
  use-check-ins.ts                                |       0 |        0 |       0 |       0 | 1-100                     
  use-comment-count.ts                            |       0 |        0 |       0 |       0 | 1-73                      
  use-data-fetcher.ts                             |       0 |        0 |       0 |       0 | 1-192                     
  use-enhanced-forecast.ts                        |       0 |        0 |       0 |       0 | 1-235                     
  use-forecast-calibration.ts                     |       0 |        0 |       0 |       0 | 1-228                     
  use-forecast-preview.ts                         |       0 |        0 |       0 |       0 | 1-143                     
  use-gamification.ts                             |       0 |        0 |       0 |       0 | 1-80                      
  use-geolocation.ts                              |       0 |        0 |       0 |       0 | 1-174                     
  use-intel-data.ts                               |       0 |        0 |       0 |       0 | 1-162                     
  use-mobile.tsx                                  |       0 |        0 |       0 |       0 | 1-19                      
  use-native-push-registration.ts                 |       0 |        0 |       0 |       0 | 1-165                     
  use-personalized-home-forecast.ts               |       0 |        0 |       0 |       0 | 1-142                     
  use-reduced-motion.ts                           |       0 |        0 |       0 |       0 | 1-50                      
  use-session-forecast.ts                         |       0 |        0 |       0 |       0 | 1-160                     
  use-session-form.ts                             |       0 |        0 |       0 |       0 | 1-278                     
  use-session-invitations-subscription.ts         |       0 |        0 |       0 |       0 | 1-116                     
  use-session-like.ts                             |       0 |        0 |       0 |       0 | 1-141                     
  use-session-photos.ts                           |       0 |        0 |       0 |       0 | 1-53                      
  use-surf-discovery.ts                           |       0 |        0 |       0 |       0 | 1-229                     
  use-toast.ts                                    |       0 |        0 |       0 |       0 | 1-194                     
  use-user-follow.ts                              |       0 |        0 |       0 |       0 | 1-212                     
  use-user-profile.ts                             |       0 |        0 |       0 |       0 | 1-170                     
  useGeo.ts                                       |       0 |        0 |       0 |       0 | 1-135                     
  useNearbyBeaches.ts                             |       0 |        0 |       0 |       0 | 1-85                      
 lib                                              |    0.23 |     4.54 |    4.34 |    0.23 |                           
  action-utils.ts                                 |       0 |        0 |       0 |       0 | 1-35                      
  analytics.ts                                    |       0 |        0 |       0 |       0 | 1-86                      
  api-response-utils.ts                           |       0 |        0 |       0 |       0 | 1-139                     
  api-utils.ts                                    |       0 |        0 |       0 |       0 | 1-316                     
  attribution.ts                                  |       0 |        0 |       0 |       0 | 1-246                     
  beach-cluster-cache.ts                          |       0 |        0 |       0 |       0 | 1-159                     
  bestTimes.ts                                    |       0 |        0 |       0 |       0 | 1-26                      
  coordinate-validation.ts                        |       0 |        0 |       0 |       0 | 1-220                     
  database-utils.ts                               |       0 |        0 |       0 |       0 | 1-11                      
  gamification-actions.ts                         |       0 |        0 |       0 |       0 | 1-657                     
  image-proxy.ts                                  |       0 |        0 |       0 |       0 | 1-35                      
  image-upload.ts                                 |       0 |        0 |       0 |       0 | 1-105                     
  map-utils.ts                                    |       0 |        0 |       0 |       0 | 1-548                     
  navigation-utils.ts                             |       0 |        0 |       0 |       0 | 1-180                     
  notifications.ts                                |       0 |        0 |       0 |       0 | 1-58                      
  onboarding.ts                                   |       0 |        0 |       0 |       0 | 1-15                      
  review-stats-utils.ts                           |       0 |        0 |       0 |       0 | 1-146                     
  server-action-utils.ts                          |       0 |        0 |       0 |       0 | 1-197                     
  social-share-utils.ts                           |       0 |        0 |       0 |       0 | 1-388                     
  supabase-browser.ts                             |       0 |        0 |       0 |       0 | 1-22                      
  supabase.ts                                     |       0 |        0 |       0 |       0 | 1-144                     
  utils.ts                                        |   42.85 |      100 |      50 |   42.85 | 10-21                     
 lib/adapters                                     |       0 |        0 |       0 |       0 |                           
  discovery-to-personalized.ts                    |       0 |        0 |       0 |       0 | 1-105                     
 lib/analytics                                    |       0 |        0 |       0 |       0 |                           
  auth-events.ts                                  |       0 |        0 |       0 |       0 | 1-231                     
 lib/analyzers                                    |       0 |        0 |       0 |       0 |                           
  swell-analyzer.ts                               |       0 |        0 |       0 |       0 | 1-177                     
  wind-analyzer.ts                                |       0 |        0 |       0 |       0 | 1-186                     
 lib/api                                          |       0 |        0 |       0 |       0 |                           
  rate-limit-config.ts                            |       0 |        0 |       0 |       0 | 1-224                     
 lib/auth                                         |       0 |        0 |       0 |       0 |                           
  admin.ts                                        |       0 |        0 |       0 |       0 | 1-131                     
  auth-utils.ts                                   |       0 |        0 |       0 |       0 | 1-257                     
 lib/config                                       |       0 |        0 |       0 |       0 |                           
  forecast-staleness.ts                           |       0 |        0 |       0 |       0 | 1-87                      
 lib/constants                                    |    1.62 |        0 |       0 |    1.62 |                           
  animations.ts                                   |       0 |        0 |       0 |       0 | 1-388                     
  beach-badge-styles.ts                           |       0 |        0 |       0 |       0 | 1-69                      
  beach-coordinates.ts                            |       0 |        0 |       0 |       0 | 1-36                      
  blur-placeholders.ts                            |       0 |        0 |       0 |       0 | 1-26                      
  cdip-stations.ts                                |       0 |        0 |       0 |       0 | 1-193                     
  content.ts                                      |       0 |        0 |       0 |       0 | 1-729                     
  coverage-areas.ts                               |       0 |        0 |       0 |       0 | 1-185                     
  featured-beaches-config.ts                      |       0 |        0 |       0 |       0 | 1-79                      
  features.ts                                     |       0 |        0 |       0 |       0 | 1-204                     
  intel.ts                                        |       0 |        0 |       0 |       0 | 1-210                     
  map-presets.ts                                  |       0 |        0 |       0 |       0 | 1-125                     
  metro-areas.ts                                  |       0 |        0 |       0 |       0 | 1-135                     
  mock-data.ts                                    |       0 |        0 |       0 |       0 | 1-38                      
  seo.ts                                          |       0 |        0 |       0 |       0 | 1-195                     
  session-form-constants.ts                       |       0 |        0 |       0 |       0 | 1-219                     
  ui.ts                                           |       0 |        0 |       0 |       0 | 1-11                      
  user-preferences.ts                             |     100 |      100 |     100 |     100 |                           
 lib/data                                         |       0 |        0 |       0 |       0 |                           
  client.ts                                       |       0 |        0 |       0 |       0 | 1-184                     
  surf-spots.ts                                   |       0 |        0 |       0 |       0 | 1-1684                    
 lib/errors                                       |       0 |        0 |       0 |       0 |                           
  admin-errors.ts                                 |       0 |        0 |       0 |       0 | 1-45                      
  forecast-errors.ts                              |       0 |        0 |       0 |       0 | 1-310                     
 lib/firebase                                     |       0 |        0 |       0 |       0 |                           
  config.ts                                       |       0 |        0 |       0 |       0 | 1-113                     
 lib/formatters                                   |       0 |        0 |       0 |       0 |                           
  intel-formatter.ts                              |       0 |        0 |       0 |       0 | 1-160                     
 lib/hooks                                        |       0 |        0 |       0 |       0 |                           
  useProfileFormState.ts                          |       0 |        0 |       0 |       0 | 1-97                      
 lib/logging                                      |       0 |        0 |       0 |       0 |                           
  admin-audit.ts                                  |       0 |        0 |       0 |       0 | 1-118                     
 lib/mailer                                       |       0 |        0 |       0 |       0 |                           
  client.ts                                       |       0 |        0 |       0 |       0 | 1-25                      
  sessionInviteEmail.tsx                          |       0 |        0 |       0 |       0 | 1-43                      
 lib/mailer/templates                             |       0 |        0 |       0 |       0 |                           
  SessionInviteEmail.tsx                          |       0 |        0 |       0 |       0 | 1-47                      
 lib/media                                        |       0 |        0 |       0 |       0 |                           
  cam-embed.ts                                    |       0 |        0 |       0 |       0 | 1-52                      
 lib/middleware                                   |       0 |        0 |       0 |       0 |                           
  admin-checker.ts                                |       0 |        0 |       0 |       0 | 1-113                     
  auth-validator.ts                               |       0 |        0 |       0 |       0 | 1-158                     
  bot-blocker.ts                                  |       0 |        0 |       0 |       0 | 1-89                      
  rate-limiter.ts                                 |       0 |        0 |       0 |       0 | 1-262                     
  route-guard.ts                                  |       0 |        0 |       0 |       0 | 1-171                     
 lib/mobile                                       |       0 |        0 |       0 |       0 |                           
  platform.ts                                     |       0 |        0 |       0 |       0 | 1-52                      
  push-client.ts                                  |       0 |        0 |       0 |       0 | 1-110                     
  push-notifications.ts                           |       0 |        0 |       0 |       0 | 1-187                     
  share.ts                                        |       0 |        0 |       0 |       0 | 1-210                     
 lib/monitoring                                   |       0 |        0 |       0 |       0 |                           
  forecast-health-check.ts                        |       0 |        0 |       0 |       0 | 1-204                     
  forecast-logger.ts                              |       0 |        0 |       0 |       0 | 1-229                     
  forecast-monitoring-config.ts                   |       0 |        0 |       0 |       0 | 1-51                      
  rate-limit-telemetry.ts                         |       0 |        0 |       0 |       0 | 1-290                     
 lib/parsers                                      |       0 |        0 |       0 |       0 |                           
  wavecast-parser.ts                              |       0 |        0 |       0 |       0 | 1-345                     
 lib/profile                                      |       0 |        0 |       0 |       0 |                           
  fetchers.ts                                     |       0 |        0 |       0 |       0 | 1-65                      
 lib/satori                                       |       0 |        0 |       0 |       0 |                           
  session-card-renderer.tsx                       |       0 |        0 |       0 |       0 | 1-1216                    
 lib/schemas                                      |   35.29 |        0 |       0 |   35.29 |                           
  onboarding-schemas.ts                           |     100 |      100 |     100 |     100 |                           
  profile-schema.ts                               |       0 |        0 |       0 |       0 | 1-99                      
 lib/security                                     |       0 |        0 |       0 |       0 |                           
  bot-detection.ts                                |       0 |        0 |       0 |       0 | 1-192                     
  ip-validation.ts                                |       0 |        0 |       0 |       0 | 1-254                     
 lib/seo                                          |       0 |        0 |       0 |       0 |                           
  meta.ts                                         |       0 |        0 |       0 |       0 | 1-79                      
 lib/server-action-utils                          |       0 |        0 |       0 |       0 |                           
  admin.ts                                        |       0 |        0 |       0 |       0 | 1-133                     
 lib/services                                     |       0 |        0 |       0 |       0 |                           
  cdip-service.ts                                 |       0 |        0 |       0 |       0 | 1-590                     
  enhanced-forecast-service.ts                    |       0 |        0 |       0 |       0 | 1-1304                    
  firebase-admin.ts                               |       0 |        0 |       0 |       0 | 1-41                      
  forecast-weighting-service.ts                   |       0 |        0 |       0 |       0 | 1-323                     
  inactive-buoy-cleanup.ts                        |       0 |        0 |       0 |       0 | 1-356                     
  intel-generation-service.ts                     |       0 |        0 |       0 |       0 | 1-355                     
  ndbc-service.ts                                 |       0 |        0 |       0 |       0 | 1-133                     
  noaa-conditions-sync.ts                         |       0 |        0 |       0 |       0 | 1-296                     
  noaa-coops-service.ts                           |       0 |        0 |       0 |       0 | 1-463                     
  noaa-sync.ts                                    |       0 |        0 |       0 |       0 | 1-402                     
  noaa-tide-service.ts                            |       0 |        0 |       0 |       0 | 1-103                     
  noaa-wavewatch-service.ts                       |       0 |        0 |       0 |       0 | 1-749                     
  personalized-scoring-service.ts                 |       0 |        0 |       0 |       0 | 1-464                     
  preference-learning-service.ts                  |       0 |        0 |       0 |       0 | 1-375                     
  push-notifications.ts                           |       0 |        0 |       0 |       0 | 1-202                     
  session-forecast-service.ts                     |       0 |        0 |       0 |       0 | 1-405                     
  surf-discovery-service.ts                       |       0 |        0 |       0 |       0 | 1-989                     
  wavecast-service.ts                             |       0 |        0 |       0 |       0 | 1-331                     
 lib/share                                        |       0 |        0 |       0 |       0 |                           
  share-text-builder.ts                           |       0 |        0 |       0 |       0 | 1-181                     
  share-url-builder.ts                            |       0 |        0 |       0 |       0 | 1-310                     
  track-share.ts                                  |       0 |        0 |       0 |       0 | 1-349                     
 lib/supabase                                     |       0 |        0 |       0 |       0 |                           
  api-server-client.ts                            |       0 |        0 |       0 |       0 | 1-139                     
  client.ts                                       |       0 |        0 |       0 |       0 | 1-6                       
  query-builders.ts                               |       0 |        0 |       0 |       0 | 1-108                     
  server.ts                                       |       0 |        0 |       0 |       0 | 1-14                      
  storage.ts                                      |       0 |        0 |       0 |       0 | 1-466                     
 lib/surf                                         |       0 |        0 |       0 |       0 |                           
  scoring.ts                                      |       0 |        0 |       0 |       0 | 1-237                     
  windows.ts                                      |       0 |        0 |       0 |       0 | 1-188                     
 lib/test-shims                                   |       0 |        0 |       0 |       0 |                           
  fs-readfile.ts                                  |       0 |        0 |       0 |       0 | 1-4                       
 lib/types                                        |       0 |        0 |       0 |       0 |                           
  branded-coordinates.ts                          |       0 |        0 |       0 |       0 | 1-447                     
  coordinates.ts                                  |       0 |        0 |       0 |       0 | 1-190                     
 lib/utils                                        |       0 |        0 |       0 |       0 |                           
  api-retry.ts                                    |       0 |        0 |       0 |       0 | 1-280                     
  beach-card-utils.ts                             |       0 |        0 |       0 |       0 | 1-107                     
  beach-conditions-utils.ts                       |       0 |        0 |       0 |       0 | 1-72                      
  beach-search-utils.ts                           |       0 |        0 |       0 |       0 | 1-275                     
  beach-url-utils.ts                              |       0 |        0 |       0 |       0 | 1-255                     
  branded-coordinate-utils.ts                     |       0 |        0 |       0 |       0 | 1-519                     
  cache-headers.ts                                |       0 |        0 |       0 |       0 | 1-195                     
  coordinate-parser.ts                            |       0 |        0 |       0 |       0 | 1-166                     
  current-forecast-utils.ts                       |       0 |        0 |       0 |       0 | 1-168                     
  date-utils.ts                                   |       0 |        0 |       0 |       0 | 1-126                     
  debounce.ts                                     |       0 |        0 |       0 |       0 | 1-34                      
  direction-utils.ts                              |       0 |        0 |       0 |       0 | 1-61                      
  distance-utils.ts                               |       0 |        0 |       0 |       0 | 1-136                     
  enhanced-rate-limiter.ts                        |       0 |        0 |       0 |       0 | 1-462                     
  fetch-utils.ts                                  |       0 |        0 |       0 |       0 | 1-17                      
  forecast-analytics.ts                           |       0 |        0 |       0 |       0 | 1-445                     
  forecast-client-utils.ts                        |       0 |        0 |       0 |       0 | 1-68                      
  forecast-data-utils.ts                          |       0 |        0 |       0 |       0 | 1-124                     
  forecast-server-utils.ts                        |       0 |        0 |       0 |       0 | 1-110                     
  forecast-service-utils.ts                       |       0 |        0 |       0 |       0 | 1-264                     
  forecast-snapshot-utils.ts                      |       0 |        0 |       0 |       0 | 1-270                     
  forecast-ui-utils.tsx                           |       0 |        0 |       0 |       0 | 1-49                      
  image-utils.ts                                  |       0 |        0 |       0 |       0 | 1-152                     
  intel-dedupe.ts                                 |       0 |        0 |       0 |       0 | 1-63                      
  loading-utils.tsx                               |       0 |        0 |       0 |       0 | 1-75                      
  location-slug.ts                                |       0 |        0 |       0 |       0 | 1-164                     
  map-utilities.ts                                |       0 |        0 |       0 |       0 | 1-108                     
  morning-intel-utils.ts                          |       0 |        0 |       0 |       0 | 1-580                     
  navigation-utils.ts                             |       0 |        0 |       0 |       0 | 1-35                      
  nearest-beach.ts                                |       0 |        0 |       0 |       0 | 1-43                      
  performance-utils.ts                            |       0 |        0 |       0 |       0 | 1-230                     
  posts-utils.ts                                  |       0 |        0 |       0 |       0 | 1-44                      
  profile-form-utils.ts                           |       0 |        0 |       0 |       0 | 1-87                      
  rate-limiter.ts                                 |       0 |        0 |       0 |       0 | 1-336                     
  rating-formatters.ts                            |       0 |        0 |       0 |       0 | 1-95                      
  recommendation-scorer.ts                        |       0 |        0 |       0 |       0 | 1-216                     
  request-cache.ts                                |       0 |        0 |       0 |       0 | 1-150                     
  score-utils.ts                                  |       0 |        0 |       0 |       0 | 1-56                      
  session-utils.ts                                |       0 |        0 |       0 |       0 | 1-330                     
  session-wizard-params.ts                        |       0 |        0 |       0 |       0 | 1-269                     
  share-image-utils.ts                            |       0 |        0 |       0 |       0 | 1-67                      
  text-normalization.ts                           |       0 |        0 |       0 |       0 | 1-58                      
  tide-interpolation.ts                           |       0 |        0 |       0 |       0 | 1-128                     
  tide-window.ts                                  |       0 |        0 |       0 |       0 | 1-163                     
  timezone-utils.ts                               |       0 |        0 |       0 |       0 | 1-135                     
  toast-utils.ts                                  |       0 |        0 |       0 |       0 | 1-98                      
  wave-height-formatter.ts                        |       0 |        0 |       0 |       0 | 1-118                     
  wind-direction.ts                               |       0 |        0 |       0 |       0 | 1-46                      
 lib/utils/beach-search                           |       0 |        0 |       0 |       0 |                           
  beach-relevance-scorer.ts                       |       0 |        0 |       0 |       0 | 1-95                      
  match-strategy.ts                               |       0 |        0 |       0 |       0 | 1-49                      
 lib/utils/beach-search/strategies                |       0 |        0 |       0 |       0 |                           
  alias-match-strategy.ts                         |       0 |        0 |       0 |       0 | 1-63                      
  exact-match-strategy.ts                         |       0 |        0 |       0 |       0 | 1-51                      
  substring-match-strategy.ts                     |       0 |        0 |       0 |       0 | 1-61                      
  word-match-strategy.ts                          |       0 |        0 |       0 |       0 | 1-82                      
 lib/validation                                   |       0 |        0 |       0 |       0 |                           
  middleware.ts                                   |       0 |        0 |       0 |       0 | 1-135                     
  schemas.ts                                      |       0 |        0 |       0 |       0 | 1-269                     
 lib/validation/admin                             |       0 |        0 |       0 |       0 |                           
  beach-schema.ts                                 |       0 |        0 |       0 |       0 | 1-80                      
  intel-schema.ts                                 |       0 |        0 |       0 |       0 | 1-37                      
  review-schema.ts                                |       0 |        0 |       0 |       0 | 1-40                      
  session-schema.ts                               |       0 |        0 |       0 |       0 | 1-44                      
 lib/web                                          |       0 |        0 |       0 |       0 |                           
  push-notifications.ts                           |       0 |        0 |       0 |       0 | 1-305                     
--------------------------------------------------|---------|----------|---------|---------|---------------------------
Test Suites: 1 failed, 1 total
Tests:       4 failed, 9 passed, 13 total
Snapshots:   0 total
Time:        2.18 s
Ran all test suites matching /__tests__\/components\/onboarding\/onboarding-steps.test.tsx/i.
