Refreshing checks status every 30 seconds. Press Ctrl+C to quit.

Build	pending	0	https://github.com/SteveChandler/quiver/actions/runs/34080958235/job/101615994591	
Lint	pending	0	https://github.com/SteveChandler/quiver/actions/runs/34080958235/job/101615994617	
TypeScript Check	pending	0	https://github.com/SteveChandler/quiver/actions/runs/34080958235/job/101615994473	
Unit Tests	pending	0	https://github.com/SteveChandler/quiver/actions/runs/34080958235/job/101615994559	
Refreshing checks status every 30 seconds. Press Ctrl+C to quit.

Build	pending	0	https://github.com/SteveChandler/quiver/actions/runs/34080958235/job/101615994591	
Lint	pending	0	https://github.com/SteveChandler/quiver/actions/runs/34080958235/job/101615994617	
TypeScript Check	pending	0	https://github.com/SteveChandler/quiver/actions/runs/34080958235/job/101615994473	
Unit Tests	pending	0	https://github.com/SteveChandler/quiver/actions/runs/34080958235/job/101615994559	
Refreshing checks status every 30 seconds. Press Ctrl+C to quit.

Build	pending	0	https://github.com/SteveChandler/quiver/actions/runs/34080958235/job/101615994591	
Lint	pending	0	https://github.com/SteveChandler/quiver/actions/runs/34080958235/job/101615994617	
TypeScript Check	pending	0	https://github.com/SteveChandler/quiver/actions/runs/34080958235/job/101615994473	
Unit Tests	pending	0	https://github.com/SteveChandler/quiver/actions/runs/34080958235/job/101615994559	
Refreshing checks status every 30 seconds. Press Ctrl+C to quit.

Build	pending	0	https://github.com/SteveChandler/quiver/actions/runs/34080958235/job/101615994591	
Lint	pending	0	https://github.com/SteveChandler/quiver/actions/runs/34080958235/job/101615994617	
TypeScript Check	pending	0	https://github.com/SteveChandler/quiver/actions/runs/34080958235/job/101615994473	
Unit Tests	pending	0	https://github.com/SteveChandler/quiver/actions/runs/34080958235/job/101615994559	
Refreshing checks status every 30 seconds. Press Ctrl+C to quit.

Build	pending	0	https://github.com/SteveChandler/quiver/actions/runs/34080958235/job/101615994591	
Lint	pending	0	https://github.com/SteveChandler/quiver/actions/runs/34080958235/job/101615994617	
TypeScript Check	pending	0	https://github.com/SteveChandler/quiver/actions/runs/34080958235/job/101615994473	
Unit Tests	pending	0	https://github.com/SteveChandler/quiver/actions/runs/34080958235/job/101615994559	
Refreshing checks status every 30 seconds. Press Ctrl+C to quit.

Build	pending	0	https://github.com/SteveChandler/quiver/actions/runs/34080958235/job/101615994591	
Lint	pending	0	https://github.com/SteveChandler/quiver/actions/runs/34080958235/job/101615994617	
TypeScript Check	pending	0	https://github.com/SteveChandler/quiver/actions/runs/34080958235/job/101615994473	
Unit Tests	pending	0	https://github.com/SteveChandler/quiver/actions/runs/34080958235/job/101615994559	
Refreshing checks status every 30 seconds. Press Ctrl+C to quit.

Build	pending	0	https://github.com/SteveChandler/quiver/actions/runs/34080958235/job/101615994591	
Lint	pending	0	https://github.com/SteveChandler/quiver/actions/runs/34080958235/job/101615994617	
TypeScript Check	pending	0	https://github.com/SteveChandler/quiver/actions/runs/34080958235/job/101615994473	
Unit Tests	pending	0	https://github.com/SteveChandler/quiver/actions/runs/34080958235/job/101615994559	
Refreshing checks status every 30 seconds. Press Ctrl+C to quit.

Build	pending	0	https://github.com/SteveChandler/quiver/actions/runs/34080958235/job/101615994591	
Lint	pending	0	https://github.com/SteveChandler/quiver/actions/runs/34080958235/job/101615994617	
TypeScript Check	pending	0	https://github.com/SteveChandler/quiver/actions/runs/34080958235/job/101615994473	
Unit Tests	pending	0	https://github.com/SteveChandler/quiver/actions/runs/34080958235/job/101615994559	
Refreshing checks status every 30 seconds. Press Ctrl+C to quit.

Lint	pass	3m46s	https://github.com/SteveChandler/quiver/actions/runs/34080958235/job/101615994617	
TypeScript Check	pass	3m55s	https://github.com/SteveChandler/quiver/actions/runs/34080958235/job/101615994473	
Build	pending	0	https://github.com/SteveChandler/quiver/actions/runs/34080958235/job/101615994591	
Unit Tests	pending	0	https://github.com/SteveChandler/quiver/actions/runs/34080958235/job/101615994559	
Refreshing checks status every 30 seconds. Press Ctrl+C to quit.

Lint	pass	3m46s	https://github.com/SteveChandler/quiver/actions/runs/34080958235/job/101615994617	
TypeScript Check	pass	3m55s	https://github.com/SteveChandler/quiver/actions/runs/34080958235/job/101615994473	
Build	pending	0	https://github.com/SteveChandler/quiver/actions/runs/34080958235/job/101615994591	
Unit Tests	pending	0	https://github.com/SteveChandler/quiver/actions/runs/34080958235/job/101615994559	
Refreshing checks status every 30 seconds. Press Ctrl+C to quit.

Lint	pass	3m46s	https://github.com/SteveChandler/quiver/actions/runs/34080958235/job/101615994617	
TypeScript Check	pass	3m55s	https://github.com/SteveChandler/quiver/actions/runs/34080958235/job/101615994473	
Unit Tests	pass	4m47s	https://github.com/SteveChandler/quiver/actions/runs/34080958235/job/101615994559	
Build	pending	0	https://github.com/SteveChandler/quiver/actions/runs/34080958235/job/101615994591	
Build	pass	5m20s	https://github.com/SteveChandler/quiver/actions/runs/34080958235/job/101615994591	
Lint	pass	3m46s	https://github.com/SteveChandler/quiver/actions/runs/34080958235/job/101615994617	
TypeScript Check	pass	3m55s	https://github.com/SteveChandler/quiver/actions/runs/34080958235/job/101615994473	
Unit Tests	pass	4m47s	https://github.com/SteveChandler/quiver/actions/runs/34080958235/job/101615994559	
Build	pass	5m20s	https://github.com/SteveChandler/quiver/actions/runs/34080958235/job/101615994591	
Lint	pass	3m46s	https://github.com/SteveChandler/quiver/actions/runs/34080958235/job/101615994617	
TypeScript Check	pass	3m55s	https://github.com/SteveChandler/quiver/actions/runs/34080958235/job/101615994473	
Unit Tests	pass	4m47s	https://github.com/SteveChandler/quiver/actions/runs/34080958235/job/101615994559	
