Refreshing checks status every 30 seconds. Press Ctrl+C to quit.

Build	pending	0	https://github.com/SteveChandler/quiver/actions/runs/34081303767/job/101616942748	
Lint	pending	0	https://github.com/SteveChandler/quiver/actions/runs/34081303767/job/101616942672	
TypeScript Check	pending	0	https://github.com/SteveChandler/quiver/actions/runs/34081303767/job/101616942474	
Unit Tests	pending	0	https://github.com/SteveChandler/quiver/actions/runs/34081303767/job/101616942712	
Vercel	pending	0	https://vercel.com/stcha0004-9905s-projects/v0-prd-design-concept/EKp4L1EFYnwbshoQ46j4MTZReXYc	Vercel is deploying your app
Refreshing checks status every 30 seconds. Press Ctrl+C to quit.

Build	pending	0	https://github.com/SteveChandler/quiver/actions/runs/34081303767/job/101616942748	
Lint	pass	3m6s	https://github.com/SteveChandler/quiver/actions/runs/34081303767/job/101616942672	
TypeScript Check	pass	2m50s	https://github.com/SteveChandler/quiver/actions/runs/34081303767/job/101616942474	
Unit Tests	pending	0	https://github.com/SteveChandler/quiver/actions/runs/34081303767/job/101616942712	
Vercel	pending	0	https://vercel.com/stcha0004-9905s-projects/v0-prd-design-concept/EKp4L1EFYnwbshoQ46j4MTZReXYc	Vercel is deploying your app
Refreshing checks status every 30 seconds. Press Ctrl+C to quit.

Build	pending	0	https://github.com/SteveChandler/quiver/actions/runs/34081303767/job/101616942748	
Lint	pass	3m6s	https://github.com/SteveChandler/quiver/actions/runs/34081303767/job/101616942672	
TypeScript Check	pass	2m50s	https://github.com/SteveChandler/quiver/actions/runs/34081303767/job/101616942474	
Unit Tests	pending	0	https://github.com/SteveChandler/quiver/actions/runs/34081303767/job/101616942712	
Vercel	pending	0	https://vercel.com/stcha0004-9905s-projects/v0-prd-design-concept/EKp4L1EFYnwbshoQ46j4MTZReXYc	Vercel is deploying your app
Refreshing checks status every 30 seconds. Press Ctrl+C to quit.

Build	pending	0	https://github.com/SteveChandler/quiver/actions/runs/34081303767/job/101616942748	
Lint	pass	3m6s	https://github.com/SteveChandler/quiver/actions/runs/34081303767/job/101616942672	
TypeScript Check	pass	2m50s	https://github.com/SteveChandler/quiver/actions/runs/34081303767/job/101616942474	
Unit Tests	pass	3m53s	https://github.com/SteveChandler/quiver/actions/runs/34081303767/job/101616942712	
Vercel	pending	0	https://vercel.com/stcha0004-9905s-projects/v0-prd-design-concept/EKp4L1EFYnwbshoQ46j4MTZReXYc	Vercel is deploying your app
Refreshing checks status every 30 seconds. Press Ctrl+C to quit.

Playwright Smoke Tests	pending	0	https://github.com/SteveChandler/quiver/actions/runs/34081303767/job/101617614956	
Build	pass	3m54s	https://github.com/SteveChandler/quiver/actions/runs/34081303767/job/101616942748	
Lint	pass	3m6s	https://github.com/SteveChandler/quiver/actions/runs/34081303767/job/101616942672	
TypeScript Check	pass	2m50s	https://github.com/SteveChandler/quiver/actions/runs/34081303767/job/101616942474	
Unit Tests	pass	3m53s	https://github.com/SteveChandler/quiver/actions/runs/34081303767/job/101616942712	
Vercel	pass	0	https://vercel.com/stcha0004-9905s-projects/v0-prd-design-concept/EKp4L1EFYnwbshoQ46j4MTZReXYc	Deployment has completed
Refreshing checks status every 30 seconds. Press Ctrl+C to quit.

Playwright Smoke Tests	pending	0	https://github.com/SteveChandler/quiver/actions/runs/34081303767/job/101617614956	
Build	pass	3m54s	https://github.com/SteveChandler/quiver/actions/runs/34081303767/job/101616942748	
Lint	pass	3m6s	https://github.com/SteveChandler/quiver/actions/runs/34081303767/job/101616942672	
TypeScript Check	pass	2m50s	https://github.com/SteveChandler/quiver/actions/runs/34081303767/job/101616942474	
Unit Tests	pass	3m53s	https://github.com/SteveChandler/quiver/actions/runs/34081303767/job/101616942712	
Vercel	pass	0	https://vercel.com/stcha0004-9905s-projects/v0-prd-design-concept/EKp4L1EFYnwbshoQ46j4MTZReXYc	Deployment has completed
Refreshing checks status every 30 seconds. Press Ctrl+C to quit.

Playwright Smoke Tests	pending	0	https://github.com/SteveChandler/quiver/actions/runs/34081303767/job/101617614956	
Build	pass	3m54s	https://github.com/SteveChandler/quiver/actions/runs/34081303767/job/101616942748	
Lint	pass	3m6s	https://github.com/SteveChandler/quiver/actions/runs/34081303767/job/101616942672	
TypeScript Check	pass	2m50s	https://github.com/SteveChandler/quiver/actions/runs/34081303767/job/101616942474	
Unit Tests	pass	3m53s	https://github.com/SteveChandler/quiver/actions/runs/34081303767/job/101616942712	
Vercel	pass	0	https://vercel.com/stcha0004-9905s-projects/v0-prd-design-concept/EKp4L1EFYnwbshoQ46j4MTZReXYc	Deployment has completed
Refreshing checks status every 30 seconds. Press Ctrl+C to quit.

Playwright Smoke Tests	pending	0	https://github.com/SteveChandler/quiver/actions/runs/34081303767/job/101617614956	
Build	pass	3m54s	https://github.com/SteveChandler/quiver/actions/runs/34081303767/job/101616942748	
Lint	pass	3m6s	https://github.com/SteveChandler/quiver/actions/runs/34081303767/job/101616942672	
TypeScript Check	pass	2m50s	https://github.com/SteveChandler/quiver/actions/runs/34081303767/job/101616942474	
Unit Tests	pass	3m53s	https://github.com/SteveChandler/quiver/actions/runs/34081303767/job/101616942712	
Vercel	pass	0	https://vercel.com/stcha0004-9905s-projects/v0-prd-design-concept/EKp4L1EFYnwbshoQ46j4MTZReXYc	Deployment has completed
Refreshing checks status every 30 seconds. Press Ctrl+C to quit.

Playwright Smoke Tests	pending	0	https://github.com/SteveChandler/quiver/actions/runs/34081303767/job/101617614956	
Build	pass	3m54s	https://github.com/SteveChandler/quiver/actions/runs/34081303767/job/101616942748	
Lint	pass	3m6s	https://github.com/SteveChandler/quiver/actions/runs/34081303767/job/101616942672	
TypeScript Check	pass	2m50s	https://github.com/SteveChandler/quiver/actions/runs/34081303767/job/101616942474	
Unit Tests	pass	3m53s	https://github.com/SteveChandler/quiver/actions/runs/34081303767/job/101616942712	
Vercel	pass	0	https://vercel.com/stcha0004-9905s-projects/v0-prd-design-concept/EKp4L1EFYnwbshoQ46j4MTZReXYc	Deployment has completed
Refreshing checks status every 30 seconds. Press Ctrl+C to quit.

Playwright Smoke Tests	pending	0	https://github.com/SteveChandler/quiver/actions/runs/34081303767/job/101617614956	
Build	pass	3m54s	https://github.com/SteveChandler/quiver/actions/runs/34081303767/job/101616942748	
Lint	pass	3m6s	https://github.com/SteveChandler/quiver/actions/runs/34081303767/job/101616942672	
TypeScript Check	pass	2m50s	https://github.com/SteveChandler/quiver/actions/runs/34081303767/job/101616942474	
Unit Tests	pass	3m53s	https://github.com/SteveChandler/quiver/actions/runs/34081303767/job/101616942712	
Vercel	pass	0	https://vercel.com/stcha0004-9905s-projects/v0-prd-design-concept/EKp4L1EFYnwbshoQ46j4MTZReXYc	Deployment has completed
Refreshing checks status every 30 seconds. Press Ctrl+C to quit.

Playwright Smoke Tests	pending	0	https://github.com/SteveChandler/quiver/actions/runs/34081303767/job/101617614956	
Build	pass	3m54s	https://github.com/SteveChandler/quiver/actions/runs/34081303767/job/101616942748	
Lint	pass	3m6s	https://github.com/SteveChandler/quiver/actions/runs/34081303767/job/101616942672	
TypeScript Check	pass	2m50s	https://github.com/SteveChandler/quiver/actions/runs/34081303767/job/101616942474	
Unit Tests	pass	3m53s	https://github.com/SteveChandler/quiver/actions/runs/34081303767/job/101616942712	
Vercel	pass	0	https://vercel.com/stcha0004-9905s-projects/v0-prd-design-concept/EKp4L1EFYnwbshoQ46j4MTZReXYc	Deployment has completed
Refreshing checks status every 30 seconds. Press Ctrl+C to quit.

Playwright Smoke Tests	pending	0	https://github.com/SteveChandler/quiver/actions/runs/34081303767/job/101617614956	
Build	pass	3m54s	https://github.com/SteveChandler/quiver/actions/runs/34081303767/job/101616942748	
Lint	pass	3m6s	https://github.com/SteveChandler/quiver/actions/runs/34081303767/job/101616942672	
TypeScript Check	pass	2m50s	https://github.com/SteveChandler/quiver/actions/runs/34081303767/job/101616942474	
Unit Tests	pass	3m53s	https://github.com/SteveChandler/quiver/actions/runs/34081303767/job/101616942712	
Vercel	pass	0	https://vercel.com/stcha0004-9905s-projects/v0-prd-design-concept/EKp4L1EFYnwbshoQ46j4MTZReXYc	Deployment has completed
Refreshing checks status every 30 seconds. Press Ctrl+C to quit.

Playwright Smoke Tests	pending	0	https://github.com/SteveChandler/quiver/actions/runs/34081303767/job/101617614956	
Build	pass	3m54s	https://github.com/SteveChandler/quiver/actions/runs/34081303767/job/101616942748	
Lint	pass	3m6s	https://github.com/SteveChandler/quiver/actions/runs/34081303767/job/101616942672	
TypeScript Check	pass	2m50s	https://github.com/SteveChandler/quiver/actions/runs/34081303767/job/101616942474	
Unit Tests	pass	3m53s	https://github.com/SteveChandler/quiver/actions/runs/34081303767/job/101616942712	
Vercel	pass	0	https://vercel.com/stcha0004-9905s-projects/v0-prd-design-concept/EKp4L1EFYnwbshoQ46j4MTZReXYc	Deployment has completed
Refreshing checks status every 30 seconds. Press Ctrl+C to quit.

Playwright Smoke Tests	pending	0	https://github.com/SteveChandler/quiver/actions/runs/34081303767/job/101617614956	
Build	pass	3m54s	https://github.com/SteveChandler/quiver/actions/runs/34081303767/job/101616942748	
Lint	pass	3m6s	https://github.com/SteveChandler/quiver/actions/runs/34081303767/job/101616942672	
TypeScript Check	pass	2m50s	https://github.com/SteveChandler/quiver/actions/runs/34081303767/job/101616942474	
Unit Tests	pass	3m53s	https://github.com/SteveChandler/quiver/actions/runs/34081303767/job/101616942712	
Vercel	pass	0	https://vercel.com/stcha0004-9905s-projects/v0-prd-design-concept/EKp4L1EFYnwbshoQ46j4MTZReXYc	Deployment has completed
Build	pass	3m54s	https://github.com/SteveChandler/quiver/actions/runs/34081303767/job/101616942748	
Lint	pass	3m6s	https://github.com/SteveChandler/quiver/actions/runs/34081303767/job/101616942672	
Playwright Smoke Tests	pass	5m0s	https://github.com/SteveChandler/quiver/actions/runs/34081303767/job/101617614956	
TypeScript Check	pass	2m50s	https://github.com/SteveChandler/quiver/actions/runs/34081303767/job/101616942474	
Unit Tests	pass	3m53s	https://github.com/SteveChandler/quiver/actions/runs/34081303767/job/101616942712	
Vercel	pass	0	https://vercel.com/stcha0004-9905s-projects/v0-prd-design-concept/EKp4L1EFYnwbshoQ46j4MTZReXYc	Deployment has completed
Build	pass	3m54s	https://github.com/SteveChandler/quiver/actions/runs/34081303767/job/101616942748	
Lint	pass	3m6s	https://github.com/SteveChandler/quiver/actions/runs/34081303767/job/101616942672	
Playwright Smoke Tests	pass	5m0s	https://github.com/SteveChandler/quiver/actions/runs/34081303767/job/101617614956	
TypeScript Check	pass	2m50s	https://github.com/SteveChandler/quiver/actions/runs/34081303767/job/101616942474	
Unit Tests	pass	3m53s	https://github.com/SteveChandler/quiver/actions/runs/34081303767/job/101616942712	
Vercel	pass	0	https://vercel.com/stcha0004-9905s-projects/v0-prd-design-concept/EKp4L1EFYnwbshoQ46j4MTZReXYc	Deployment has completed
