
Running 5 tests using 1 worker

(node:77644) Warning: The 'NO_COLOR' env is ignored due to the 'FORCE_COLOR' env being set.
(Use `node --trace-warnings ...` to show where the warning was created)
(node:77644) Warning: The 'NO_COLOR' env is ignored due to the 'FORCE_COLOR' env being set.
(Use `node --trace-warnings ...` to show where the warning was created)
  ✘  1 [guest] › e2e/guest-forecast-decision-journey.spec.ts:16:9 › Forecast decision journey › dated comparison, details, keyboard and back navigation at 360px (17.8s)
(node:78403) Warning: The 'NO_COLOR' env is ignored due to the 'FORCE_COLOR' env being set.
(Use `node --trace-warnings ...` to show where the warning was created)
(node:78403) Warning: The 'NO_COLOR' env is ignored due to the 'FORCE_COLOR' env being set.
(Use `node --trace-warnings ...` to show where the warning was created)
  ✘  2 [guest] › e2e/guest-forecast-decision-journey.spec.ts:16:9 › Forecast decision journey › dated comparison, details, keyboard and back navigation at 768px (13.4s)
(node:79376) Warning: The 'NO_COLOR' env is ignored due to the 'FORCE_COLOR' env being set.
(Use `node --trace-warnings ...` to show where the warning was created)
(node:79376) Warning: The 'NO_COLOR' env is ignored due to the 'FORCE_COLOR' env being set.
(Use `node --trace-warnings ...` to show where the warning was created)
  ✘  3 [guest] › e2e/guest-forecast-decision-journey.spec.ts:16:9 › Forecast decision journey › dated comparison, details, keyboard and back navigation at 1440px (14.1s)
(node:80415) Warning: The 'NO_COLOR' env is ignored due to the 'FORCE_COLOR' env being set.
(Use `node --trace-warnings ...` to show where the warning was created)
(node:80415) Warning: The 'NO_COLOR' env is ignored due to the 'FORCE_COLOR' env being set.
(Use `node --trace-warnings ...` to show where the warning was created)
  ✓  4 [guest] › e2e/guest-forecast-decision-journey.spec.ts:77:7 › Forecast decision journey › missing selected day stays unavailable instead of substituting a best day (2.4s)
  ✓  5 [guest] › e2e/guest-forecast-decision-journey.spec.ts:90:7 › Forecast decision journey › camera hub handles catalog thumbnails without a route error (1.4s)


  1) [guest] › e2e/guest-forecast-decision-journey.spec.ts:16:9 › Forecast decision journey › dated comparison, details, keyboard and back navigation at 360px 

    Error: 
    ❌ Forecast decision journey has errors!

    📸 Screenshot: test-results/error-detected-1788840292327.png
    🔗 URL: http://localhost:3186/forecast

    🔴 Console Errors:
       - %c%s%c [water-quality-hold:query-error] background: #e6e6e6;background: light-dark(rgba(0,0,0,0.1), rgba(255,255,255,0.25));color: #000000;color: light-dark(#000000, #ffffff);border-radius: 2px  Server   {beachCount: 495, table: water_quality_held_beaches, error: TypeError: fetch failed}

       at utils/error-detection.ts:244

      242 |     ].join('\n');
      243 |
    > 244 |     throw new Error(errorMessage);
          |           ^
      245 |   }
      246 | }
      247 |
        at assertNoErrors (/Users/stevenchandler/Desktop/dev/quiver/.worktrees/forecast-decision-journey/e2e/utils/error-detection.ts:244:11)
        at /Users/stevenchandler/Desktop/dev/quiver/.worktrees/forecast-decision-journey/e2e/guest-forecast-decision-journey.spec.ts:12:5

    attachment #1: video (video/webm) ──────────────────────────────────────────────────────────────
    test-results/guest-forecast-decision-jo-c31e2-nd-back-navigation-at-360px-guest/video.webm
    ────────────────────────────────────────────────────────────────────────────────────────────────

    attachment #2: screenshot (image/png) ──────────────────────────────────────────────────────────
    test-results/guest-forecast-decision-jo-c31e2-nd-back-navigation-at-360px-guest/test-failed-1.png
    ────────────────────────────────────────────────────────────────────────────────────────────────

    Error Context: test-results/guest-forecast-decision-jo-c31e2-nd-back-navigation-at-360px-guest/error-context.md

  2) [guest] › e2e/guest-forecast-decision-journey.spec.ts:16:9 › Forecast decision journey › dated comparison, details, keyboard and back navigation at 768px 

    Error: 
    ❌ Forecast decision journey has errors!

    📸 Screenshot: test-results/error-detected-1788840306500.png
    🔗 URL: http://localhost:3186/forecast

    🔴 Console Errors:
       - %c%s%c [water-quality-hold:query-error] background: #e6e6e6;background: light-dark(rgba(0,0,0,0.1), rgba(255,255,255,0.25));color: #000000;color: light-dark(#000000, #ffffff);border-radius: 2px  Server   {beachCount: 495, table: water_quality_held_beaches, error: TypeError: fetch failed}

       at utils/error-detection.ts:244

      242 |     ].join('\n');
      243 |
    > 244 |     throw new Error(errorMessage);
          |           ^
      245 |   }
      246 | }
      247 |
        at assertNoErrors (/Users/stevenchandler/Desktop/dev/quiver/.worktrees/forecast-decision-journey/e2e/utils/error-detection.ts:244:11)
        at /Users/stevenchandler/Desktop/dev/quiver/.worktrees/forecast-decision-journey/e2e/guest-forecast-decision-journey.spec.ts:12:5

    attachment #1: video (video/webm) ──────────────────────────────────────────────────────────────
    test-results/guest-forecast-decision-jo-71ec4-nd-back-navigation-at-768px-guest/video.webm
    ────────────────────────────────────────────────────────────────────────────────────────────────

    attachment #2: screenshot (image/png) ──────────────────────────────────────────────────────────
    test-results/guest-forecast-decision-jo-71ec4-nd-back-navigation-at-768px-guest/test-failed-1.png
    ────────────────────────────────────────────────────────────────────────────────────────────────

    Error Context: test-results/guest-forecast-decision-jo-71ec4-nd-back-navigation-at-768px-guest/error-context.md

  3) [guest] › e2e/guest-forecast-decision-journey.spec.ts:16:9 › Forecast decision journey › dated comparison, details, keyboard and back navigation at 1440px 

    Error: 
    ❌ Forecast decision journey has errors!

    📸 Screenshot: test-results/error-detected-1788840320504.png
    🔗 URL: http://localhost:3186/forecast

    🔴 Console Errors:
       - %c%s%c [water-quality-hold:query-error] background: #e6e6e6;background: light-dark(rgba(0,0,0,0.1), rgba(255,255,255,0.25));color: #000000;color: light-dark(#000000, #ffffff);border-radius: 2px  Server   {beachCount: 495, table: water_quality_held_beaches, error: TypeError: fetch failed}

       at utils/error-detection.ts:244

      242 |     ].join('\n');
      243 |
    > 244 |     throw new Error(errorMessage);
          |           ^
      245 |   }
      246 | }
      247 |
        at assertNoErrors (/Users/stevenchandler/Desktop/dev/quiver/.worktrees/forecast-decision-journey/e2e/utils/error-detection.ts:244:11)
        at /Users/stevenchandler/Desktop/dev/quiver/.worktrees/forecast-decision-journey/e2e/guest-forecast-decision-journey.spec.ts:12:5

    attachment #1: video (video/webm) ──────────────────────────────────────────────────────────────
    test-results/guest-forecast-decision-jo-565c9-d-back-navigation-at-1440px-guest/video.webm
    ────────────────────────────────────────────────────────────────────────────────────────────────

    attachment #2: screenshot (image/png) ──────────────────────────────────────────────────────────
    test-results/guest-forecast-decision-jo-565c9-d-back-navigation-at-1440px-guest/test-failed-1.png
    ────────────────────────────────────────────────────────────────────────────────────────────────

    Error Context: test-results/guest-forecast-decision-jo-565c9-d-back-navigation-at-1440px-guest/error-context.md

  3 failed
    [guest] › e2e/guest-forecast-decision-journey.spec.ts:16:9 › Forecast decision journey › dated comparison, details, keyboard and back navigation at 360px 
    [guest] › e2e/guest-forecast-decision-journey.spec.ts:16:9 › Forecast decision journey › dated comparison, details, keyboard and back navigation at 768px 
    [guest] › e2e/guest-forecast-decision-journey.spec.ts:16:9 › Forecast decision journey › dated comparison, details, keyboard and back navigation at 1440px 
  2 passed (53.2s)
