yarn run v1.22.17
$ playwright test e2e/guest-landing-media-budget.spec.ts --config=perf-pages.playwright.config.ts --project=guest --workers=1
[Global Setup] Skipping authentication setup

Running 4 tests using 1 worker

(node:37029) Warning: The 'NO_COLOR' env is ignored due to the 'FORCE_COLOR' env being set.
(Use `node --trace-warnings ...` to show where the warning was created)
(node:37029) Warning: The 'NO_COLOR' env is ignored due to the 'FORCE_COLOR' env being set.
(Use `node --trace-warnings ...` to show where the warning was created)
  ✘  1 [guest] › e2e/guest-landing-media-budget.spec.ts:79:9 › Guest landing media budget — desktop › keeps landing media within the documented request budget @smoke (7.2s)
(node:38606) Warning: The 'NO_COLOR' env is ignored due to the 'FORCE_COLOR' env being set.
(Use `node --trace-warnings ...` to show where the warning was created)
(node:38606) Warning: The 'NO_COLOR' env is ignored due to the 'FORCE_COLOR' env being set.
(Use `node --trace-warnings ...` to show where the warning was created)
  ✘  2 [guest] › e2e/guest-landing-media-budget.spec.ts:79:9 › Guest landing media budget — mobile › keeps landing media within the documented request budget @smoke (5.8s)
(node:39595) Warning: The 'NO_COLOR' env is ignored due to the 'FORCE_COLOR' env being set.
(Use `node --trace-warnings ...` to show where the warning was created)
(node:39595) Warning: The 'NO_COLOR' env is ignored due to the 'FORCE_COLOR' env being set.
(Use `node --trace-warnings ...` to show where the warning was created)
  ✘  3 [guest] › e2e/guest-landing-media-budget.spec.ts:145:7 › Guest landing hero media safety gates › does not request autoplay video with reduced motion (6.7s)
(node:40120) Warning: The 'NO_COLOR' env is ignored due to the 'FORCE_COLOR' env being set.
(Use `node --trace-warnings ...` to show where the warning was created)
(node:40120) Warning: The 'NO_COLOR' env is ignored due to the 'FORCE_COLOR' env being set.
(Use `node --trace-warnings ...` to show where the warning was created)
  ✘  4 [guest] › e2e/guest-landing-media-budget.spec.ts:165:7 › Guest landing hero media safety gates › does not request autoplay video when Save-Data is enabled (6.6s)

[Global Teardown] ============================================
[Global Teardown] Cleaning up test data...
[Global Teardown] ============================================

[Global Teardown] Skipping test data cleanup (SKIP_E2E_CLEANUP=true)


  1) [guest] › e2e/guest-landing-media-budget.spec.ts:79:9 › Guest landing media budget — desktop › keeps landing media within the documented request budget @smoke 

    Error: [2mexpect([22m[31mreceived[39m[2m).[22mtoBe[2m([22m[32mexpected[39m[2m) // Object.is equality[22m

    Expected: [32mtrue[39m
    Received: [31mfalse[39m

    Call Log:
    - Timeout 5000ms exceeded while waiting on the predicate

      92 |         media.getByRole("button", { name: "Play demo" }),
      93 |       ).toHaveCount(0);
    > 94 |       await expect
         |       ^
      95 |         .poll(() =>
      96 |           [HERO_POSTER_PATH, HERO_VIDEO_PATH].every(
      97 |             (assetPath) => mediaRequests.includes(assetPath),
        at /Users/stevenchandler/Desktop/dev/quiver/.worktrees/perf-pages-20260903/e2e/guest-landing-media-budget.spec.ts:94:7

    Error: 
    ❌ Landing media budget desktop has errors!

    📸 Screenshot: test-results/error-detected-1788463691303.png
    🔗 URL: http://localhost:3113/

    🔴 Console Errors:
       - Uncaught: Invalid or unexpected token

       at utils/error-detection.ts:244

      242 |     ].join('\n');
      243 |
    > 244 |     throw new Error(errorMessage);
          |           ^
      245 |   }
      246 | }
      247 |
        at assertNoErrors (/Users/stevenchandler/Desktop/dev/quiver/.worktrees/perf-pages-20260903/e2e/utils/error-detection.ts:244:11)
        at /Users/stevenchandler/Desktop/dev/quiver/.worktrees/perf-pages-20260903/e2e/guest-landing-media-budget.spec.ts:74:7

    attachment #1: screenshot (image/png) ──────────────────────────────────────────────────────────
    test-results/guest-landing-media-budget-c0f22-mented-request-budget-smoke-guest/test-failed-1.png
    ────────────────────────────────────────────────────────────────────────────────────────────────

    attachment #2: video (video/webm) ──────────────────────────────────────────────────────────────
    test-results/guest-landing-media-budget-c0f22-mented-request-budget-smoke-guest/video.webm
    ────────────────────────────────────────────────────────────────────────────────────────────────

    Error Context: test-results/guest-landing-media-budget-c0f22-mented-request-budget-smoke-guest/error-context.md

  2) [guest] › e2e/guest-landing-media-budget.spec.ts:79:9 › Guest landing media budget — mobile › keeps landing media within the documented request budget @smoke 

    Error: [2mexpect([22m[31mreceived[39m[2m).[22mtoBe[2m([22m[32mexpected[39m[2m) // Object.is equality[22m

    Expected: [32mtrue[39m
    Received: [31mfalse[39m

    Call Log:
    - Timeout 5000ms exceeded while waiting on the predicate

      92 |         media.getByRole("button", { name: "Play demo" }),
      93 |       ).toHaveCount(0);
    > 94 |       await expect
         |       ^
      95 |         .poll(() =>
      96 |           [HERO_POSTER_PATH, HERO_VIDEO_PATH].every(
      97 |             (assetPath) => mediaRequests.includes(assetPath),
        at /Users/stevenchandler/Desktop/dev/quiver/.worktrees/perf-pages-20260903/e2e/guest-landing-media-budget.spec.ts:94:7

    Error: 
    ❌ Landing media budget mobile has errors!

    📸 Screenshot: test-results/error-detected-1788463698763.png
    🔗 URL: http://localhost:3113/

    🔴 Console Errors:
       - Uncaught: Invalid or unexpected token

       at utils/error-detection.ts:244

      242 |     ].join('\n');
      243 |
    > 244 |     throw new Error(errorMessage);
          |           ^
      245 |   }
      246 | }
      247 |
        at assertNoErrors (/Users/stevenchandler/Desktop/dev/quiver/.worktrees/perf-pages-20260903/e2e/utils/error-detection.ts:244:11)
        at /Users/stevenchandler/Desktop/dev/quiver/.worktrees/perf-pages-20260903/e2e/guest-landing-media-budget.spec.ts:74:7

    attachment #1: screenshot (image/png) ──────────────────────────────────────────────────────────
    test-results/guest-landing-media-budget-ad3a5-mented-request-budget-smoke-guest/test-failed-1.png
    ────────────────────────────────────────────────────────────────────────────────────────────────

    attachment #2: video (video/webm) ──────────────────────────────────────────────────────────────
    test-results/guest-landing-media-budget-ad3a5-mented-request-budget-smoke-guest/video.webm
    ────────────────────────────────────────────────────────────────────────────────────────────────

    Error Context: test-results/guest-landing-media-budget-ad3a5-mented-request-budget-smoke-guest/error-context.md

  3) [guest] › e2e/guest-landing-media-budget.spec.ts:145:7 › Guest landing hero media safety gates › does not request autoplay video with reduced motion 

    Error: [2mexpect([22m[31mlocator[39m[2m).[22mtoBeVisible[2m([22m[2m)[22m failed

    Locator: getByTestId('field-guide-hero-video').getByRole('button', { name: 'Play demo' })
    Expected: visible
    Timeout: 5000ms
    Error: element(s) not found

    Call log:
    [2m  - Expect "toBeVisible" with timeout 5000ms[22m
    [2m  - waiting for getByTestId('field-guide-hero-video').getByRole('button', { name: 'Play demo' })[22m


      157 |         name: "Play demo",
      158 |       }),
    > 159 |     ).toBeVisible();
          |       ^
      160 |     expect(mediaRequests).not.toContain(HERO_VIDEO_PATH);
      161 |     await page.getByRole("button", { name: "Play demo", exact: true }).click();
      162 |     await expect.poll(() => mediaRequests.includes(HERO_VIDEO_PATH)).toBe(true);
        at /Users/stevenchandler/Desktop/dev/quiver/.worktrees/perf-pages-20260903/e2e/guest-landing-media-budget.spec.ts:159:7

    Error: 
    ❌ Landing hero media safety gates has errors!

    📸 Screenshot: test-results/error-detected-1788463706327.png
    🔗 URL: http://localhost:3113/

    🔴 Console Errors:
       - Uncaught: Invalid or unexpected token

       at utils/error-detection.ts:244

      242 |     ].join('\n');
      243 |
    > 244 |     throw new Error(errorMessage);
          |           ^
      245 |   }
      246 | }
      247 |
        at assertNoErrors (/Users/stevenchandler/Desktop/dev/quiver/.worktrees/perf-pages-20260903/e2e/utils/error-detection.ts:244:11)
        at /Users/stevenchandler/Desktop/dev/quiver/.worktrees/perf-pages-20260903/e2e/guest-landing-media-budget.spec.ts:140:5

    attachment #1: screenshot (image/png) ──────────────────────────────────────────────────────────
    test-results/guest-landing-media-budget-cf582-y-video-with-reduced-motion-guest/test-failed-1.png
    ────────────────────────────────────────────────────────────────────────────────────────────────

    attachment #2: video (video/webm) ──────────────────────────────────────────────────────────────
    test-results/guest-landing-media-budget-cf582-y-video-with-reduced-motion-guest/video.webm
    ────────────────────────────────────────────────────────────────────────────────────────────────

    Error Context: test-results/guest-landing-media-budget-cf582-y-video-with-reduced-motion-guest/error-context.md

  4) [guest] › e2e/guest-landing-media-budget.spec.ts:165:7 › Guest landing hero media safety gates › does not request autoplay video when Save-Data is enabled 

    Error: [2mexpect([22m[31mlocator[39m[2m).[22mtoBeVisible[2m([22m[2m)[22m failed

    Locator: getByTestId('field-guide-hero-video').getByRole('button', { name: 'Play demo' })
    Expected: visible
    Timeout: 5000ms
    Error: element(s) not found

    Call log:
    [2m  - Expect "toBeVisible" with timeout 5000ms[22m
    [2m  - waiting for getByTestId('field-guide-hero-video').getByRole('button', { name: 'Play demo' })[22m


      182 |         name: "Play demo",
      183 |       }),
    > 184 |     ).toBeVisible();
          |       ^
      185 |     expect(mediaRequests).not.toContain(HERO_VIDEO_PATH);
      186 |     await page.getByRole("button", { name: "Play demo", exact: true }).click();
      187 |     await expect.poll(() => mediaRequests.includes(HERO_VIDEO_PATH)).toBe(true);
        at /Users/stevenchandler/Desktop/dev/quiver/.worktrees/perf-pages-20260903/e2e/guest-landing-media-budget.spec.ts:184:7

    Error: 
    ❌ Landing hero media safety gates has errors!

    📸 Screenshot: test-results/error-detected-1788463714215.png
    🔗 URL: http://localhost:3113/

    🔴 Console Errors:
       - Uncaught: Invalid or unexpected token

       at utils/error-detection.ts:244

      242 |     ].join('\n');
      243 |
    > 244 |     throw new Error(errorMessage);
          |           ^
      245 |   }
      246 | }
      247 |
        at assertNoErrors (/Users/stevenchandler/Desktop/dev/quiver/.worktrees/perf-pages-20260903/e2e/utils/error-detection.ts:244:11)
        at /Users/stevenchandler/Desktop/dev/quiver/.worktrees/perf-pages-20260903/e2e/guest-landing-media-budget.spec.ts:140:5

    attachment #1: screenshot (image/png) ──────────────────────────────────────────────────────────
    test-results/guest-landing-media-budget-5d745-o-when-Save-Data-is-enabled-guest/test-failed-1.png
    ────────────────────────────────────────────────────────────────────────────────────────────────

    attachment #2: video (video/webm) ──────────────────────────────────────────────────────────────
    test-results/guest-landing-media-budget-5d745-o-when-Save-Data-is-enabled-guest/video.webm
    ────────────────────────────────────────────────────────────────────────────────────────────────

    Error Context: test-results/guest-landing-media-budget-5d745-o-when-Save-Data-is-enabled-guest/error-context.md

  4 failed
    [guest] › e2e/guest-landing-media-budget.spec.ts:79:9 › Guest landing media budget — desktop › keeps landing media within the documented request budget @smoke 
    [guest] › e2e/guest-landing-media-budget.spec.ts:79:9 › Guest landing media budget — mobile › keeps landing media within the documented request budget @smoke 
    [guest] › e2e/guest-landing-media-budget.spec.ts:145:7 › Guest landing hero media safety gates › does not request autoplay video with reduced motion 
    [guest] › e2e/guest-landing-media-budget.spec.ts:165:7 › Guest landing hero media safety gates › does not request autoplay video when Save-Data is enabled 
error Command failed with exit code 1.
info Visit https://yarnpkg.com/en/docs/cli/run for documentation about this command.
