yarn run v1.22.17
$ playwright test e2e/guest-landing-media-budget.spec.ts --config=perf-pages.playwright.config.ts --project=guest --workers=1
[Global Setup] Skipping authentication setup

Running 4 tests using 1 worker

(node:1434) Warning: The 'NO_COLOR' env is ignored due to the 'FORCE_COLOR' env being set.
(Use `node --trace-warnings ...` to show where the warning was created)
(node:1434) Warning: The 'NO_COLOR' env is ignored due to the 'FORCE_COLOR' env being set.
(Use `node --trace-warnings ...` to show where the warning was created)
  ✘  1 [guest] › e2e/guest-landing-media-budget.spec.ts:79:9 › Guest landing media budget — desktop › keeps landing media within the documented request budget @smoke (27.2s)
(node:5158) Warning: The 'NO_COLOR' env is ignored due to the 'FORCE_COLOR' env being set.
(Use `node --trace-warnings ...` to show where the warning was created)
(node:5158) Warning: The 'NO_COLOR' env is ignored due to the 'FORCE_COLOR' env being set.
(Use `node --trace-warnings ...` to show where the warning was created)
  ✘  2 [guest] › e2e/guest-landing-media-budget.spec.ts:79:9 › Guest landing media budget — mobile › keeps landing media within the documented request budget @smoke (3.9s)
(node:5830) Warning: The 'NO_COLOR' env is ignored due to the 'FORCE_COLOR' env being set.
(Use `node --trace-warnings ...` to show where the warning was created)
(node:5830) Warning: The 'NO_COLOR' env is ignored due to the 'FORCE_COLOR' env being set.
(Use `node --trace-warnings ...` to show where the warning was created)
  ✘  3 [guest] › e2e/guest-landing-media-budget.spec.ts:141:7 › Guest landing hero media safety gates › does not request autoplay video with reduced motion (20.7s)
(node:10189) Warning: The 'NO_COLOR' env is ignored due to the 'FORCE_COLOR' env being set.
(Use `node --trace-warnings ...` to show where the warning was created)
(node:10189) Warning: The 'NO_COLOR' env is ignored due to the 'FORCE_COLOR' env being set.
(Use `node --trace-warnings ...` to show where the warning was created)
  ✘  4 [guest] › e2e/guest-landing-media-budget.spec.ts:161:7 › Guest landing hero media safety gates › does not request autoplay video when Save-Data is enabled (8.8s)

[Global Teardown] ============================================
[Global Teardown] Cleaning up test data...
[Global Teardown] ============================================

[Global Teardown] Skipping test data cleanup (SKIP_E2E_CLEANUP=true)


  1) [guest] › e2e/guest-landing-media-budget.spec.ts:79:9 › Guest landing media budget — desktop › keeps landing media within the documented request budget @smoke 

    Error: [2mexpect([22m[31mreceived[39m[2m).[22mtoBe[2m([22m[32mexpected[39m[2m) // Object.is equality[22m

    Expected: [32mtrue[39m
    Received: [31mfalse[39m

    Call Log:
    - Timeout 5000ms exceeded while waiting on the predicate

      92 |         media.getByRole("button", { name: "Play demo" }),
      93 |       ).toHaveCount(0);
    > 94 |       await expect
         |       ^
      95 |         .poll(() =>
      96 |           [HERO_POSTER_PATH, HERO_VIDEO_PATH].every(
      97 |             (assetPath) => mediaRequests.includes(assetPath),
        at /Users/stevenchandler/Desktop/dev/quiver/.worktrees/perf-pages-20260903/e2e/guest-landing-media-budget.spec.ts:94:7

    attachment #1: screenshot (image/png) ──────────────────────────────────────────────────────────
    test-results/guest-landing-media-budget-c0f22-mented-request-budget-smoke-guest/test-failed-1.png
    ────────────────────────────────────────────────────────────────────────────────────────────────

    attachment #2: video (video/webm) ──────────────────────────────────────────────────────────────
    test-results/guest-landing-media-budget-c0f22-mented-request-budget-smoke-guest/video.webm
    ────────────────────────────────────────────────────────────────────────────────────────────────

    Error Context: test-results/guest-landing-media-budget-c0f22-mented-request-budget-smoke-guest/error-context.md

  2) [guest] › e2e/guest-landing-media-budget.spec.ts:79:9 › Guest landing media budget — mobile › keeps landing media within the documented request budget @smoke 

    Error: 
    ❌ Landing media budget mobile has errors!

    📸 Screenshot: test-results/error-detected-1788463455624.png
    🔗 URL: http://localhost:3113/

    🔴 Console Errors:
       - %c%s%c Database error fetching beach photos: background: #e6e6e6;background: light-dark(rgba(0,0,0,0.1), rgba(255,255,255,0.25));color: #000000;color: light-dark(#000000, #ffffff);border-radius: 2px  Server   {code: PGRST301, details: null, hint: null, message: JWSError (CompactDecodeError Invalid n
       - %c%s%c Database error fetching beaches: background: #e6e6e6;background: light-dark(rgba(0,0,0,0.1), rgba(255,255,255,0.25));color: #000000;color: light-dark(#000000, #ffffff);border-radius: 2px  Server   {code: PGRST301, details: null, hint: null, message: JWSError (CompactDecodeError Invalid number

       at utils/error-detection.ts:244

      242 |     ].join('\n');
      243 |
    > 244 |     throw new Error(errorMessage);
          |           ^
      245 |   }
      246 | }
      247 |
        at assertNoErrors (/Users/stevenchandler/Desktop/dev/quiver/.worktrees/perf-pages-20260903/e2e/utils/error-detection.ts:244:11)
        at /Users/stevenchandler/Desktop/dev/quiver/.worktrees/perf-pages-20260903/e2e/guest-landing-media-budget.spec.ts:74:7

    attachment #1: video (video/webm) ──────────────────────────────────────────────────────────────
    test-results/guest-landing-media-budget-ad3a5-mented-request-budget-smoke-guest/video.webm
    ────────────────────────────────────────────────────────────────────────────────────────────────

    attachment #2: screenshot (image/png) ──────────────────────────────────────────────────────────
    test-results/guest-landing-media-budget-ad3a5-mented-request-budget-smoke-guest/test-failed-1.png
    ────────────────────────────────────────────────────────────────────────────────────────────────

    Error Context: test-results/guest-landing-media-budget-ad3a5-mented-request-budget-smoke-guest/error-context.md

  3) [guest] › e2e/guest-landing-media-budget.spec.ts:141:7 › Guest landing hero media safety gates › does not request autoplay video with reduced motion 

    Error: [2mexpect([22m[31mlocator[39m[2m).[22mtoBeVisible[2m([22m[2m)[22m failed

    Locator: getByTestId('field-guide-hero-video').getByRole('button', { name: 'Play demo' })
    Expected: visible
    Timeout: 5000ms
    Error: element(s) not found

    Call log:
    [2m  - Expect "toBeVisible" with timeout 5000ms[22m
    [2m  - waiting for getByTestId('field-guide-hero-video').getByRole('button', { name: 'Play demo' })[22m


      153 |         name: "Play demo",
      154 |       }),
    > 155 |     ).toBeVisible();
          |       ^
      156 |     expect(mediaRequests).not.toContain(HERO_VIDEO_PATH);
      157 |     await page.getByRole("button", { name: "Play demo", exact: true }).click();
      158 |     await expect.poll(() => mediaRequests.includes(HERO_VIDEO_PATH)).toBe(true);
        at /Users/stevenchandler/Desktop/dev/quiver/.worktrees/perf-pages-20260903/e2e/guest-landing-media-budget.spec.ts:155:7

    attachment #1: screenshot (image/png) ──────────────────────────────────────────────────────────
    test-results/guest-landing-media-budget-cf582-y-video-with-reduced-motion-guest/test-failed-1.png
    ────────────────────────────────────────────────────────────────────────────────────────────────

    attachment #2: video (video/webm) ──────────────────────────────────────────────────────────────
    test-results/guest-landing-media-budget-cf582-y-video-with-reduced-motion-guest/video.webm
    ────────────────────────────────────────────────────────────────────────────────────────────────

    Error Context: test-results/guest-landing-media-budget-cf582-y-video-with-reduced-motion-guest/error-context.md

  4) [guest] › e2e/guest-landing-media-budget.spec.ts:161:7 › Guest landing hero media safety gates › does not request autoplay video when Save-Data is enabled 

    Error: [2mexpect([22m[31mlocator[39m[2m).[22mtoBeVisible[2m([22m[2m)[22m failed

    Locator: getByTestId('field-guide-hero-video').getByRole('button', { name: 'Play demo' })
    Expected: visible
    Timeout: 5000ms
    Error: element(s) not found

    Call log:
    [2m  - Expect "toBeVisible" with timeout 5000ms[22m
    [2m  - waiting for getByTestId('field-guide-hero-video').getByRole('button', { name: 'Play demo' })[22m


      178 |         name: "Play demo",
      179 |       }),
    > 180 |     ).toBeVisible();
          |       ^
      181 |     expect(mediaRequests).not.toContain(HERO_VIDEO_PATH);
      182 |     await page.getByRole("button", { name: "Play demo", exact: true }).click();
      183 |     await expect.poll(() => mediaRequests.includes(HERO_VIDEO_PATH)).toBe(true);
        at /Users/stevenchandler/Desktop/dev/quiver/.worktrees/perf-pages-20260903/e2e/guest-landing-media-budget.spec.ts:180:7

    Error: 
    ❌ Landing hero media safety gates has errors!

    📸 Screenshot: test-results/error-detected-1788463491380.png
    🔗 URL: http://localhost:3113/

    🔴 Console Errors:
       - Uncaught: Invalid or unexpected token
       - %c%s%c Database error fetching beach photos: background: #e6e6e6;background: light-dark(rgba(0,0,0,0.1), rgba(255,255,255,0.25));color: #000000;color: light-dark(#000000, #ffffff);border-radius: 2px  Server   {code: PGRST301, details: null, hint: null, message: JWSError (CompactDecodeError Invalid n
       - %c%s%c Database error fetching beaches: background: #e6e6e6;background: light-dark(rgba(0,0,0,0.1), rgba(255,255,255,0.25));color: #000000;color: light-dark(#000000, #ffffff);border-radius: 2px  Server   {code: PGRST301, details: null, hint: null, message: JWSError (CompactDecodeError Invalid number

       at utils/error-detection.ts:244

      242 |     ].join('\n');
      243 |
    > 244 |     throw new Error(errorMessage);
          |           ^
      245 |   }
      246 | }
      247 |
        at assertNoErrors (/Users/stevenchandler/Desktop/dev/quiver/.worktrees/perf-pages-20260903/e2e/utils/error-detection.ts:244:11)
        at /Users/stevenchandler/Desktop/dev/quiver/.worktrees/perf-pages-20260903/e2e/guest-landing-media-budget.spec.ts:136:5

    attachment #1: screenshot (image/png) ──────────────────────────────────────────────────────────
    test-results/guest-landing-media-budget-5d745-o-when-Save-Data-is-enabled-guest/test-failed-1.png
    ────────────────────────────────────────────────────────────────────────────────────────────────

    attachment #2: video (video/webm) ──────────────────────────────────────────────────────────────
    test-results/guest-landing-media-budget-5d745-o-when-Save-Data-is-enabled-guest/video.webm
    ────────────────────────────────────────────────────────────────────────────────────────────────

    Error Context: test-results/guest-landing-media-budget-5d745-o-when-Save-Data-is-enabled-guest/error-context.md

  4 failed
    [guest] › e2e/guest-landing-media-budget.spec.ts:79:9 › Guest landing media budget — desktop › keeps landing media within the documented request budget @smoke 
    [guest] › e2e/guest-landing-media-budget.spec.ts:79:9 › Guest landing media budget — mobile › keeps landing media within the documented request budget @smoke 
    [guest] › e2e/guest-landing-media-budget.spec.ts:141:7 › Guest landing hero media safety gates › does not request autoplay video with reduced motion 
    [guest] › e2e/guest-landing-media-budget.spec.ts:161:7 › Guest landing hero media safety gates › does not request autoplay video when Save-Data is enabled 
error Command failed with exit code 1.
info Visit https://yarnpkg.com/en/docs/cli/run for documentation about this command.
