// Jest Snapshot v1, https://goo.gl/fbAQLP

exports[`TideChart Component Rendering should render tide chart with forecast data 1`] = `
<div>
  <div
    class="rounded-lg border bg-card text-card-foreground shadow-sm"
  >
    <div
      class="flex flex-col space-y-1.5 p-6"
    >
      <div
        class="text-2xl font-semibold leading-none tracking-tight"
      >
        Tides
      </div>
    </div>
    <div
      class="p-6 pt-0"
    >
      <div
        class="overflow-x-auto"
      >
        <svg
          class="w-full h-auto min-w-[600px]"
          height="200"
          viewBox="0 0 800 200"
          width="800"
        >
          <defs>
            <lineargradient
              id="tideGradient"
              x1="0%"
              x2="0%"
              y1="0%"
              y2="100%"
            >
              <stop
                offset="0%"
                stop-color="#3B82F6"
                stop-opacity="0.3"
              />
              <stop
                offset="100%"
                stop-color="#3B82F6"
                stop-opacity="0.1"
              />
            </lineargradient>
          </defs>
          <rect
            fill="transparent"
            height="110"
            stroke="#E5E7EB"
            stroke-width="1"
            width="740"
            x="40"
            y="50"
          />
          <g>
            <line
              stroke="#F3F4F6"
              stroke-width="1"
              x1="40"
              x2="780"
              y1="50"
              y2="50"
            />
            <text
              class="text-sm font-medium fill-gray-600"
              text-anchor="end"
              x="32"
              y="54"
            >
              5.1
              ft
            </text>
          </g>
          <g>
            <line
              stroke="#F3F4F6"
              stroke-width="1"
              x1="40"
              x2="780"
              y1="77.5"
              y2="77.5"
            />
            <text
              class="text-sm font-medium fill-gray-600"
              text-anchor="end"
              x="32"
              y="81.5"
            >
              4.0
              ft
            </text>
          </g>
          <g>
            <line
              stroke="#F3F4F6"
              stroke-width="1"
              x1="40"
              x2="780"
              y1="105"
              y2="105"
            />
            <text
              class="text-sm font-medium fill-gray-600"
              text-anchor="end"
              x="32"
              y="109"
            >
              3.0
              ft
            </text>
          </g>
          <g>
            <line
              stroke="#F3F4F6"
              stroke-width="1"
              x1="40"
              x2="780"
              y1="132.5"
              y2="132.5"
            />
            <text
              class="text-sm font-medium fill-gray-600"
              text-anchor="end"
              x="32"
              y="136.5"
            >
              1.9
              ft
            </text>
          </g>
          <g>
            <line
              stroke="#F3F4F6"
              stroke-width="1"
              x1="40"
              x2="780"
              y1="160"
              y2="160"
            />
            <text
              class="text-sm font-medium fill-gray-600"
              text-anchor="end"
              x="32"
              y="164"
            >
              0.9
              ft
            </text>
          </g>
          <line
            stroke="#F3F4F6"
            stroke-dasharray="2,2"
            stroke-width="1"
            x1="780"
            x2="780"
            y1="50"
            y2="160"
          />
          <path
            d="M 0 0 C 185 0, 185 110, 370 110 C 410 110, 700 7.857142857142847, 740 7.857142857142847 L 740 110 L 0 110 Z"
            fill="url(#tideGradient)"
            transform="translate(40, 50)"
          />
          <path
            d="M 0 0 C 185 0, 185 110, 370 110 C 410 110, 700 7.857142857142847, 740 7.857142857142847"
            fill="none"
            stroke="#3B82F6"
            stroke-linecap="round"
            stroke-linejoin="round"
            stroke-width="3"
            transform="translate(40, 50)"
          />
          <g>
            <circle
              cx="40"
              cy="50"
              fill="#3B82F6"
              r="4"
              stroke="white"
              stroke-width="2"
            />
            <g>
              <rect
                fill="white"
                height="16"
                opacity="0.95"
                rx="3"
                stroke="#E5E7EB"
                stroke-width="1"
                width="36"
                x="22"
                y="8"
              />
              <text
                class="text-xs font-semibold fill-gray-800"
                text-anchor="middle"
                x="40"
                y="18"
              >
                5.1
                ft
              </text>
            </g>
          </g>
          <g>
            <circle
              cx="410"
              cy="160"
              fill="#6B7280"
              r="4"
              stroke="white"
              stroke-width="2"
            />
            <g>
              <rect
                fill="white"
                height="16"
                opacity="0.95"
                rx="3"
                stroke="#E5E7EB"
                stroke-width="1"
                width="36"
                x="392"
                y="83"
              />
              <text
                class="text-xs font-semibold fill-gray-800"
                text-anchor="middle"
                x="410"
                y="93"
              >
                0.9
                ft
              </text>
            </g>
          </g>
          <g>
            <circle
              cx="780"
              cy="57.85714285714285"
              fill="#3B82F6"
              r="4"
              stroke="white"
              stroke-width="2"
            />
            <g>
              <rect
                fill="white"
                height="16"
                opacity="0.95"
                rx="3"
                stroke="#E5E7EB"
                stroke-width="1"
                width="36"
                x="762"
                y="8"
              />
              <text
                class="text-xs font-semibold fill-gray-800"
                text-anchor="middle"
                x="780"
                y="18"
              >
                4.8
                ft
              </text>
            </g>
          </g>
          <g>
            <text
              class="text-sm font-semibold fill-gray-700"
              text-anchor="middle"
              x="410"
              y="175"
            >
              Mon
            </text>
            <text
              class="text-xs fill-gray-600"
              text-anchor="middle"
              x="410"
              y="190"
            >
              Jan 14
            </text>
          </g>
          <g>
            <text
              class="text-sm font-semibold fill-gray-700"
              text-anchor="middle"
              x="820"
              y="175"
            >
              Tue
            </text>
            <text
              class="text-xs fill-gray-600"
              text-anchor="middle"
              x="820"
              y="190"
            >
              Jan 15
            </text>
          </g>
        </svg>
      </div>
    </div>
  </div>
</div>
`;
