#options: 720x1566 fps=30/1 timebase=1/30 bitdepth=8 cabac=1 ref=1 deblock=1:0:0 analyse=0x1:0 me=dia subme=2 psy=1 psy_rd=1.00:0.00 mixed_ref=0 me_range=16 chroma_me=1 trellis=0 8x8dct=0 cqm=0 deadzone=21,11 fast_pskip=1 chroma_qp_offset=0 threads=16 lookahead_threads=5 sliced_threads=0 nr=0 decimate=1 interlaced=0 bluray_compat=0 constrained_intra=0 bframes=3 b_pyramid=2 b_adapt=1 b_bias=0 direct=3 weightb=1 open_gop=0 weightp=2 keyint=250 keyint_min=25 scenecut=40 intra_refresh=0 rc_lookahead=50 rc=abr mbtree=1 bitrate=270 ratetol=1.0 qcomp=0.60 qpmin=0 qpmax=69 qpstep=4 ip_ratio=1.40 aq=1:1.00
in:0 out:0 type:I dur:2 cpbdur:2 q:48.18 aq:33.55 tex:79942 mv:30324 misc:6118 imb:4410 pmb:0 smb:0 d:- ref:;
in:4 out:1 type:P dur:2 cpbdur:2 q:50.10 aq:39.74 tex:84 mv:7 misc:293 imb:0 pmb:4 smb:4406 d:- ref:0 ;
in:2 out:2 type:B dur:2 cpbdur:2 q:50.10 aq:40.00 tex:0 mv:0 misc:256 imb:0 pmb:0 smb:4410 d:- ref:0 ;
in:1 out:3 type:b dur:2 cpbdur:2 q:50.10 aq:41.00 tex:0 mv:0 misc:256 imb:0 pmb:0 smb:4410 d:- ref:0 ;
in:3 out:4 type:b dur:2 cpbdur:2 q:50.10 aq:41.00 tex:0 mv:0 misc:256 imb:0 pmb:0 smb:4410 d:- ref:0 ;
in:8 out:5 type:P dur:2 cpbdur:2 q:49.67 aq:34.15 tex:56 mv:16 misc:296 imb:1 pmb:2 smb:4407 d:- ref:0 ;
in:6 out:6 type:B dur:2 cpbdur:2 q:49.89 aq:39.00 tex:0 mv:0 misc:272 imb:0 pmb:0 smb:4410 d:- ref:0 ;
in:5 out:7 type:b dur:2 cpbdur:2 q:50.00 aq:41.00 tex:0 mv:0 misc:256 imb:0 pmb:0 smb:4410 d:- ref:0 ;
in:7 out:8 type:b dur:2 cpbdur:2 q:49.78 aq:41.00 tex:0 mv:0 misc:256 imb:0 pmb:0 smb:4410 d:- ref:0 ;
in:12 out:9 type:P dur:2 cpbdur:2 q:49.21 aq:40.78 tex:99 mv:17 misc:324 imb:0 pmb:7 smb:4403 d:- ref:0 ;
in:10 out:10 type:B dur:2 cpbdur:2 q:49.44 aq:39.00 tex:0 mv:0 misc:272 imb:0 pmb:0 smb:4410 d:- ref:0 ;
in:9 out:11 type:b dur:2 cpbdur:2 q:49.56 aq:40.00 tex:0 mv:0 misc:256 imb:0 pmb:0 smb:4410 d:- ref:0 ;
in:11 out:12 type:b dur:2 cpbdur:2 q:49.33 aq:40.00 tex:0 mv:0 misc:256 imb:0 pmb:0 smb:4410 d:- ref:0 ;
in:16 out:13 type:P dur:2 cpbdur:2 q:48.73 aq:35.67 tex:76 mv:9 misc:299 imb:0 pmb:4 smb:4406 d:- ref:0 ;
in:14 out:14 type:B dur:2 cpbdur:2 q:48.97 aq:38.00 tex:0 mv:0 misc:272 imb:0 pmb:0 smb:4410 d:- ref:0 ;
in:13 out:15 type:b dur:2 cpbdur:2 q:49.09 aq:40.00 tex:0 mv:0 misc:256 imb:0 pmb:0 smb:4410 d:- ref:0 ;
in:15 out:16 type:b dur:2 cpbdur:2 q:48.85 aq:40.00 tex:0 mv:0 misc:256 imb:0 pmb:0 smb:4410 d:- ref:0 ;
in:20 out:17 type:P dur:2 cpbdur:2 q:52.73 aq:42.00 tex:0 mv:0 misc:264 imb:0 pmb:0 smb:4410 d:- ref:0 ;
in:18 out:18 type:B dur:2 cpbdur:2 q:50.73 aq:40.00 tex:0 mv:0 misc:272 imb:0 pmb:0 smb:4410 d:- ref:0 ;
in:17 out:19 type:b dur:2 cpbdur:2 q:49.73 aq:41.00 tex:0 mv:0 misc:256 imb:0 pmb:0 smb:4410 d:- ref:0 ;
in:19 out:20 type:b dur:2 cpbdur:2 q:51.73 aq:43.00 tex:0 mv:0 misc:256 imb:0 pmb:0 smb:4410 d:- ref:0 ;
in:24 out:21 type:P dur:2 cpbdur:2 q:53.25 aq:45.00 tex:0 mv:0 misc:264 imb:0 pmb:0 smb:4410 d:- ref:0 ;
in:22 out:22 type:B dur:2 cpbdur:2 q:52.99 aq:44.00 tex:0 mv:0 misc:272 imb:0 pmb:0 smb:4410 d:- ref:0 ;
in:21 out:23 type:b dur:2 cpbdur:2 q:52.86 aq:45.00 tex:0 mv:0 misc:256 imb:0 pmb:0 smb:4410 d:- ref:0 ;
in:23 out:24 type:b dur:2 cpbdur:2 q:53.12 aq:45.00 tex:0 mv:0 misc:256 imb:0 pmb:0 smb:4410 d:- ref:0 ;
in:28 out:25 type:P dur:2 cpbdur:2 q:48.77 aq:33.35 tex:379 mv:566 misc:655 imb:19 pmb:61 smb:4330 d:- ref:0 ;
in:26 out:26 type:B dur:2 cpbdur:2 q:51.01 aq:40.00 tex:0 mv:0 misc:272 imb:0 pmb:0 smb:4410 d:- ref:0 ;
in:25 out:27 type:b dur:2 cpbdur:2 q:52.13 aq:44.00 tex:0 mv:0 misc:256 imb:0 pmb:0 smb:4410 d:- ref:0 ;
in:27 out:28 type:b dur:2 cpbdur:2 q:49.89 aq:40.00 tex:0 mv:0 misc:256 imb:0 pmb:0 smb:4410 d:- ref:0 ;
in:32 out:29 type:P dur:2 cpbdur:2 q:45.57 aq:33.84 tex:6352 mv:2005 misc:1931 imb:109 pmb:300 smb:4001 d:- ref:0 ;
in:30 out:30 type:B dur:2 cpbdur:2 q:47.17 aq:41.10 tex:38 mv:125 misc:373 imb:1 pmb:18 smb:4391 d:s ref:0 ;
in:29 out:31 type:b dur:2 cpbdur:2 q:47.97 aq:38.00 tex:6 mv:30 misc:316 imb:1 pmb:8 smb:4401 d:s ref:0 ;
in:31 out:32 type:b dur:2 cpbdur:2 q:46.37 aq:35.14 tex:12 mv:28 misc:272 imb:2 pmb:1 smb:4407 d:- ref:0 ;
in:36 out:33 type:P dur:2 cpbdur:2 q:43.11 aq:31.06 tex:33683 mv:5539 misc:3130 imb:331 pmb:1042 smb:3037 d:- ref:0 ;
in:34 out:34 type:B dur:2 cpbdur:2 q:44.34 aq:35.28 tex:51 mv:100 misc:361 imb:1 pmb:17 smb:4392 d:s ref:0 ;
in:33 out:35 type:b dur:2 cpbdur:2 q:44.95 aq:34.00 tex:8 mv:60 misc:316 imb:2 pmb:10 smb:4398 d:s ref:0 ;
in:35 out:36 type:b dur:2 cpbdur:2 q:43.72 aq:33.00 tex:3 mv:38 misc:271 imb:1 pmb:3 smb:4406 d:- ref:0 ;
in:40 out:37 type:P dur:2 cpbdur:2 q:41.26 aq:28.50 tex:40792 mv:6185 misc:3319 imb:691 pmb:1200 smb:2519 d:- ref:0 ;
in:38 out:38 type:B dur:2 cpbdur:2 q:42.18 aq:32.42 tex:84 mv:109 misc:351 imb:2 pmb:16 smb:4392 d:t ref:0 ;
in:37 out:39 type:b dur:2 cpbdur:2 q:42.65 aq:40.15 tex:36 mv:18 misc:274 imb:0 pmb:3 smb:4407 d:s ref:0 ;
in:39 out:40 type:b dur:2 cpbdur:2 q:41.72 aq:31.00 tex:4 mv:58 misc:298 imb:0 pmb:11 smb:4399 d:- ref:0 ;
in:44 out:41 type:P dur:2 cpbdur:2 q:39.72 aq:28.15 tex:45461 mv:4472 misc:3187 imb:240 pmb:1114 smb:3056 d:- ref:0 ;
in:42 out:42 type:B dur:2 cpbdur:2 q:40.49 aq:36.60 tex:151 mv:213 misc:396 imb:2 pmb:27 smb:4381 d:t ref:0 ;
in:41 out:43 type:b dur:2 cpbdur:2 q:40.87 aq:30.00 tex:1 mv:119 misc:344 imb:0 pmb:19 smb:4391 d:s ref:0 ;
in:43 out:44 type:b dur:2 cpbdur:2 q:40.10 aq:29.00 tex:7 mv:103 misc:306 imb:3 pmb:8 smb:4399 d:- ref:0 ;
in:48 out:45 type:P dur:2 cpbdur:2 q:38.88 aq:28.32 tex:32496 mv:3552 misc:3056 imb:122 pmb:922 smb:3366 d:s ref:0 ;
in:46 out:46 type:B dur:2 cpbdur:2 q:39.30 aq:33.33 tex:87 mv:412 misc:517 imb:3 pmb:57 smb:4350 d:t ref:0 ;
in:45 out:47 type:b dur:2 cpbdur:2 q:39.51 aq:29.00 tex:1 mv:9 misc:254 imb:0 pmb:1 smb:4409 d:s ref:0 ;
in:47 out:48 type:b dur:2 cpbdur:2 q:39.09 aq:26.44 tex:19 mv:110 misc:327 imb:1 pmb:17 smb:4392 d:- ref:0 ;
in:52 out:49 type:P dur:2 cpbdur:2 q:39.71 aq:28.42 tex:4785 mv:1486 misc:1393 imb:52 pmb:224 smb:4134 d:s ref:0 ;
in:50 out:50 type:B dur:2 cpbdur:2 q:39.29 aq:32.42 tex:164 mv:455 misc:533 imb:1 pmb:62 smb:4347 d:t ref:0 ;
in:49 out:51 type:b dur:2 cpbdur:2 q:39.08 aq:26.44 tex:12 mv:13 misc:255 imb:1 pmb:0 smb:4409 d:s ref:0 ;
in:51 out:52 type:b dur:2 cpbdur:2 q:39.50 aq:29.00 tex:1 mv:6 misc:265 imb:0 pmb:2 smb:4408 d:- ref:0 ;
in:54 out:53 type:P dur:2 cpbdur:2 q:40.82 aq:29.30 tex:870 mv:685 misc:693 imb:18 pmb:70 smb:4322 d:s ref:0 ;
in:53 out:54 type:b dur:2 cpbdur:2 q:40.26 aq:29.00 tex:0 mv:0 misc:248 imb:0 pmb:0 smb:4410 d:s ref:0 ;
in:58 out:55 type:P dur:2 cpbdur:2 q:40.80 aq:32.72 tex:2324 mv:967 misc:757 imb:29 pmb:100 smb:4281 d:s ref:0 ;
in:56 out:56 type:B dur:2 cpbdur:2 q:40.81 aq:29.00 tex:15 mv:340 misc:429 imb:2 pmb:45 smb:4363 d:t ref:0 ;
in:55 out:57 type:b dur:2 cpbdur:2 q:40.82 aq:30.00 tex:1 mv:17 misc:270 imb:0 pmb:6 smb:4404 d:s ref:0 ;
in:57 out:58 type:b dur:2 cpbdur:2 q:40.81 aq:39.52 tex:42 mv:56 misc:310 imb:0 pmb:13 smb:4397 d:- ref:0 ;
in:60 out:59 type:P dur:2 cpbdur:2 q:41.68 aq:32.13 tex:517 mv:720 misc:659 imb:12 pmb:76 smb:4322 d:s ref:0 ;
in:59 out:60 type:b dur:2 cpbdur:2 q:41.24 aq:30.00 tex:0 mv:0 misc:248 imb:0 pmb:0 smb:4410 d:s ref:0 ;
in:64 out:61 type:P dur:2 cpbdur:2 q:42.40 aq:35.31 tex:1048 mv:834 misc:670 imb:26 pmb:74 smb:4310 d:t ref:0 ;
in:62 out:62 type:B dur:2 cpbdur:2 q:42.04 aq:35.11 tex:37 mv:114 misc:337 imb:0 pmb:17 smb:4393 d:t ref:0 ;
in:61 out:63 type:b dur:2 cpbdur:2 q:41.86 aq:31.00 tex:0 mv:0 misc:248 imb:0 pmb:0 smb:4410 d:s ref:0 ;
in:63 out:64 type:b dur:2 cpbdur:2 q:42.22 aq:31.00 tex:3 mv:75 misc:290 imb:1 pmb:10 smb:4399 d:- ref:0 ;
in:66 out:65 type:P dur:2 cpbdur:2 q:41.46 aq:30.56 tex:1129 mv:851 misc:748 imb:20 pmb:100 smb:4290 d:t ref:0 ;
in:65 out:66 type:b dur:2 cpbdur:2 q:41.93 aq:31.00 tex:0 mv:0 misc:248 imb:0 pmb:0 smb:4410 d:s ref:0 ;
in:70 out:67 type:P dur:2 cpbdur:2 q:41.16 aq:32.31 tex:2342 mv:869 misc:741 imb:27 pmb:87 smb:4296 d:s ref:0 ;
in:68 out:68 type:B dur:2 cpbdur:2 q:41.31 aq:37.19 tex:44 mv:205 misc:351 imb:0 pmb:21 smb:4389 d:t ref:0 ;
in:67 out:69 type:b dur:2 cpbdur:2 q:41.38 aq:31.00 tex:4 mv:60 misc:296 imb:1 pmb:11 smb:4398 d:s ref:0 ;
in:69 out:70 type:b dur:2 cpbdur:2 q:41.23 aq:30.00 tex:3 mv:18 misc:283 imb:0 pmb:7 smb:4403 d:- ref:0 ;
in:72 out:71 type:P dur:2 cpbdur:2 q:39.52 aq:28.60 tex:6281 mv:1286 misc:1449 imb:40 pmb:246 smb:4124 d:s ref:0 ;
in:71 out:72 type:b dur:2 cpbdur:2 q:40.34 aq:26.15 tex:16 mv:74 misc:302 imb:1 pmb:12 smb:4397 d:s ref:0 ;
in:76 out:73 type:P dur:2 cpbdur:2 q:39.16 aq:26.68 tex:3783 mv:1428 misc:1149 imb:31 pmb:189 smb:4190 d:s ref:0 ;
in:74 out:74 type:B dur:2 cpbdur:2 q:39.34 aq:27.00 tex:6 mv:485 misc:493 imb:0 pmb:54 smb:4356 d:t ref:0 ;
in:73 out:75 type:b dur:2 cpbdur:2 q:39.43 aq:29.00 tex:0 mv:10 misc:262 imb:0 pmb:1 smb:4409 d:s ref:0 ;
in:75 out:76 type:b dur:2 cpbdur:2 q:39.25 aq:28.00 tex:2 mv:24 misc:270 imb:0 pmb:3 smb:4407 d:- ref:0 ;
in:80 out:77 type:P dur:2 cpbdur:2 q:37.54 aq:27.23 tex:36062 mv:3186 misc:3040 imb:113 pmb:946 smb:3351 d:s ref:0 ;
in:78 out:78 type:B dur:2 cpbdur:2 q:38.35 aq:34.04 tex:243 mv:437 misc:496 imb:0 pmb:55 smb:4355 d:t ref:0 ;
in:77 out:79 type:b dur:2 cpbdur:2 q:38.76 aq:37.18 tex:37 mv:11 misc:264 imb:0 pmb:2 smb:4408 d:s ref:0 ;
in:79 out:80 type:b dur:2 cpbdur:2 q:37.95 aq:27.00 tex:6 mv:111 misc:339 imb:0 pmb:20 smb:4390 d:- ref:0 ;
in:82 out:81 type:P dur:2 cpbdur:2 q:36.58 aq:27.01 tex:35201 mv:3559 misc:3136 imb:176 pmb:1012 smb:3222 d:s ref:0 ;
in:81 out:82 type:b dur:2 cpbdur:2 q:37.06 aq:30.21 tex:54 mv:35 misc:271 imb:0 pmb:3 smb:4407 d:t ref:0 ;
in:84 out:83 type:P dur:2 cpbdur:2 q:36.05 aq:24.85 tex:29643 mv:3735 misc:3222 imb:203 pmb:896 smb:3311 d:s ref:0 ;
in:83 out:84 type:b dur:2 cpbdur:2 q:36.31 aq:25.00 tex:1 mv:50 misc:285 imb:0 pmb:5 smb:4405 d:s ref:0 ;
in:88 out:85 type:P dur:2 cpbdur:2 q:35.77 aq:25.81 tex:14264 mv:2387 misc:2101 imb:76 pmb:464 smb:3870 d:s ref:0 ;
in:86 out:86 type:B dur:2 cpbdur:2 q:35.91 aq:30.55 tex:303 mv:888 misc:601 imb:0 pmb:85 smb:4325 d:t ref:0 ;
in:85 out:87 type:b dur:2 cpbdur:2 q:35.98 aq:25.00 tex:7 mv:121 misc:328 imb:0 pmb:15 smb:4395 d:s ref:0 ;
in:87 out:88 type:b dur:2 cpbdur:2 q:35.84 aq:24.78 tex:24 mv:67 misc:325 imb:0 pmb:13 smb:4397 d:- ref:0 ;
in:92 out:89 type:P dur:2 cpbdur:2 q:35.23 aq:26.80 tex:15585 mv:2075 misc:2020 imb:61 pmb:427 smb:3922 d:t ref:0 ;
in:90 out:90 type:B dur:2 cpbdur:2 q:35.50 aq:31.34 tex:178 mv:208 misc:430 imb:0 pmb:30 smb:4380 d:t ref:0 ;
in:89 out:91 type:b dur:2 cpbdur:2 q:35.64 aq:24.78 tex:29 mv:138 misc:385 imb:1 pmb:24 smb:4385 d:s ref:0 ;
in:91 out:92 type:b dur:2 cpbdur:2 q:35.37 aq:24.72 tex:22 mv:46 misc:284 imb:0 pmb:6 smb:4404 d:- ref:0 ;
in:96 out:93 type:P dur:2 cpbdur:2 q:35.58 aq:25.25 tex:3876 mv:1498 misc:1066 imb:33 pmb:165 smb:4212 d:t ref:0 ;
in:94 out:94 type:B dur:2 cpbdur:2 q:35.40 aq:29.49 tex:129 mv:444 misc:507 imb:0 pmb:52 smb:4358 d:t ref:0 ;
in:93 out:95 type:b dur:2 cpbdur:2 q:35.32 aq:23.78 tex:33 mv:249 misc:414 imb:0 pmb:29 smb:4381 d:s ref:0 ;
in:95 out:96 type:b dur:2 cpbdur:2 q:35.49 aq:24.72 tex:27 mv:164 misc:329 imb:0 pmb:15 smb:4395 d:- ref:0 ;
in:100 out:97 type:P dur:2 cpbdur:2 q:36.11 aq:30.53 tex:5844 mv:1706 misc:858 imb:43 pmb:144 smb:4223 d:t ref:0 ;
in:98 out:98 type:B dur:2 cpbdur:2 q:35.84 aq:23.78 tex:35 mv:275 misc:466 imb:0 pmb:47 smb:4363 d:t ref:0 ;
in:97 out:99 type:b dur:2 cpbdur:2 q:35.71 aq:24.78 tex:36 mv:346 misc:442 imb:0 pmb:50 smb:4360 d:s ref:0 ;
in:99 out:100 type:b dur:2 cpbdur:2 q:35.98 aq:25.00 tex:8 mv:256 misc:392 imb:0 pmb:28 smb:4382 d:- ref:0 ;
in:104 out:101 type:P dur:2 cpbdur:2 q:36.79 aq:29.66 tex:2493 mv:1266 misc:833 imb:31 pmb:125 smb:4254 d:t ref:0 ;
in:102 out:102 type:B dur:2 cpbdur:2 q:36.45 aq:33.51 tex:164 mv:204 misc:432 imb:1 pmb:28 smb:4381 d:t ref:0 ;
in:101 out:103 type:b dur:2 cpbdur:2 q:36.28 aq:25.00 tex:4 mv:87 misc:349 imb:0 pmb:17 smb:4393 d:s ref:0 ;
in:103 out:104 type:b dur:2 cpbdur:2 q:36.62 aq:26.00 tex:4 mv:130 misc:362 imb:0 pmb:17 smb:4393 d:- ref:0 ;
in:108 out:105 type:P dur:2 cpbdur:2 q:36.62 aq:31.38 tex:1995 mv:1365 misc:816 imb:34 pmb:124 smb:4252 d:t ref:0 ;
in:106 out:106 type:B dur:2 cpbdur:2 q:36.70 aq:34.19 tex:107 mv:381 misc:480 imb:0 pmb:47 smb:4363 d:t ref:0 ;
in:105 out:107 type:b dur:2 cpbdur:2 q:36.74 aq:26.00 tex:8 mv:141 misc:363 imb:1 pmb:25 smb:4384 d:s ref:0 ;
in:107 out:108 type:b dur:2 cpbdur:2 q:36.66 aq:26.00 tex:9 mv:151 misc:360 imb:1 pmb:17 smb:4392 d:- ref:0 ;
in:112 out:109 type:P dur:2 cpbdur:2 q:35.88 aq:29.79 tex:3727 mv:1389 misc:852 imb:45 pmb:125 smb:4240 d:t ref:0 ;
in:110 out:110 type:B dur:2 cpbdur:2 q:36.25 aq:31.01 tex:126 mv:227 misc:463 imb:0 pmb:39 smb:4371 d:t ref:0 ;
in:109 out:111 type:b dur:2 cpbdur:2 q:36.44 aq:33.13 tex:71 mv:148 misc:381 imb:0 pmb:24 smb:4386 d:s ref:0 ;
in:111 out:112 type:b dur:2 cpbdur:2 q:36.07 aq:31.99 tex:50 mv:113 misc:349 imb:0 pmb:18 smb:4392 d:- ref:0 ;
in:116 out:113 type:P dur:2 cpbdur:2 q:35.03 aq:30.38 tex:3120 mv:1283 misc:821 imb:33 pmb:116 smb:4261 d:t ref:0 ;
in:114 out:114 type:B dur:2 cpbdur:2 q:35.45 aq:23.00 tex:30 mv:135 misc:427 imb:0 pmb:31 smb:4379 d:t ref:0 ;
in:113 out:115 type:b dur:2 cpbdur:2 q:35.67 aq:35.03 tex:76 mv:179 misc:393 imb:1 pmb:24 smb:4385 d:s ref:0 ;
in:115 out:116 type:b dur:2 cpbdur:2 q:35.24 aq:28.68 tex:52 mv:279 misc:453 imb:0 pmb:43 smb:4367 d:- ref:0 ;
in:120 out:117 type:P dur:2 cpbdur:2 q:34.23 aq:23.43 tex:81103 mv:7161 misc:664 imb:3023 pmb:153 smb:1234 d:t ref:0 ;
in:118 out:118 type:B dur:2 cpbdur:2 q:34.63 aq:24.18 tex:1976 mv:8082 misc:646 imb:367 pmb:2768 smb:1275 d:s ref:0 ;
in:117 out:119 type:b dur:2 cpbdur:2 q:34.83 aq:24.00 tex:4 mv:40 misc:308 imb:0 pmb:7 smb:4403 d:t ref:0 ;
in:119 out:120 type:b dur:2 cpbdur:2 q:34.43 aq:32.34 tex:403 mv:626 misc:1035 imb:4 pmb:265 smb:4141 d:- ref:0 ;
in:121 out:121 type:P dur:2 cpbdur:2 q:34.40 aq:28.91 tex:29635 mv:3973 misc:840 imb:341 pmb:332 smb:3737 d:t ref:0 ;
in:122 out:122 type:P dur:2 cpbdur:2 q:34.47 aq:22.56 tex:10380 mv:4560 misc:1580 imb:501 pmb:654 smb:3255 d:t ref:0 w:6,63,1,6,63,2,64,0 ;
in:124 out:123 type:P dur:2 cpbdur:2 q:34.47 aq:20.41 tex:52150 mv:9784 misc:938 imb:3740 pmb:130 smb:540 d:t ref:0 ;
in:123 out:124 type:b dur:2 cpbdur:2 q:34.47 aq:20.70 tex:14392 mv:13821 misc:1307 imb:926 pmb:2592 smb:892 d:s ref:0 ;
in:127 out:125 type:P dur:2 cpbdur:2 q:34.54 aq:20.91 tex:39734 mv:9113 misc:1937 imb:1979 pmb:482 smb:1949 d:t ref:0 ;
in:125 out:126 type:B dur:2 cpbdur:2 q:34.49 aq:22.27 tex:25107 mv:10225 misc:1524 imb:487 pmb:1947 smb:1976 d:s ref:0 ;
in:126 out:127 type:b dur:2 cpbdur:2 q:34.52 aq:23.81 tex:5144 mv:1171 misc:1285 imb:41 pmb:518 smb:3851 d:- ref:0 ;
in:131 out:128 type:P dur:2 cpbdur:2 q:34.62 aq:22.52 tex:22208 mv:6410 misc:1454 imb:1639 pmb:172 smb:2599 d:t ref:0 ;
in:129 out:129 type:B dur:2 cpbdur:2 q:34.58 aq:21.60 tex:13777 mv:11264 misc:1975 imb:726 pmb:1345 smb:2339 d:s ref:0 ;
in:128 out:130 type:b dur:2 cpbdur:2 q:34.56 aq:22.07 tex:6607 mv:9250 misc:1911 imb:394 pmb:1424 smb:2592 d:s ref:0 ;
in:130 out:131 type:b dur:2 cpbdur:2 q:34.60 aq:23.42 tex:2713 mv:3069 misc:1682 imb:107 pmb:753 smb:3550 d:- ref:0 ;
in:132 out:132 type:P dur:2 cpbdur:2 q:34.41 aq:24.11 tex:20221 mv:6646 misc:1461 imb:915 pmb:325 smb:3170 d:t ref:0 ;
in:133 out:133 type:P dur:2 cpbdur:2 q:35.38 aq:23.09 tex:16660 mv:7015 misc:1437 imb:960 pmb:335 smb:3115 d:s ref:0 ;
in:134 out:134 type:P dur:2 cpbdur:2 q:35.48 aq:22.51 tex:18401 mv:7392 misc:1535 imb:885 pmb:409 smb:3116 d:s ref:0 ;
in:136 out:135 type:P dur:2 cpbdur:2 q:35.64 aq:24.07 tex:34309 mv:7964 misc:1279 imb:1066 pmb:341 smb:3003 d:s ref:0 ;
in:135 out:136 type:b dur:2 cpbdur:2 q:35.56 aq:29.08 tex:2818 mv:4240 misc:1486 imb:192 pmb:298 smb:3920 d:s ref:0 ;
in:139 out:137 type:P dur:2 cpbdur:2 q:35.96 aq:24.84 tex:66079 mv:13414 misc:1603 imb:2480 pmb:401 smb:1529 d:s ref:0 ;
in:137 out:138 type:B dur:2 cpbdur:2 q:35.75 aq:34.43 tex:3610 mv:3572 misc:1698 imb:90 pmb:557 smb:3763 d:s ref:0 ;
in:138 out:139 type:b dur:2 cpbdur:2 q:35.86 aq:27.26 tex:1150 mv:3225 misc:1521 imb:96 pmb:390 smb:3924 d:- ref:0 ;
in:142 out:140 type:P dur:2 cpbdur:2 q:37.35 aq:27.43 tex:4311 mv:2554 misc:1407 imb:146 pmb:255 smb:4009 d:s ref:0 ;
in:140 out:141 type:B dur:2 cpbdur:2 q:36.43 aq:31.10 tex:855 mv:2121 misc:1024 imb:35 pmb:212 smb:4163 d:s ref:0 ;
in:141 out:142 type:b dur:2 cpbdur:2 q:36.89 aq:25.57 tex:312 mv:1661 misc:963 imb:24 pmb:207 smb:4179 d:- ref:0 ;
in:143 out:143 type:I dur:2 cpbdur:2 q:32.83 aq:20.53 tex:209578 mv:36425 misc:525 imb:4410 pmb:0 smb:0 d:s ref:;
in:144 out:144 type:P dur:2 cpbdur:2 q:40.92 aq:29.55 tex:1354 mv:2548 misc:1602 imb:93 pmb:374 smb:3943 d:s ref:0 ;
in:145 out:145 type:P dur:2 cpbdur:2 q:41.11 aq:21.22 tex:11156 mv:4759 misc:1717 imb:511 pmb:365 smb:3534 d:s ref:0 ;
in:147 out:146 type:P dur:2 cpbdur:2 q:41.25 aq:28.99 tex:3565 mv:3655 misc:2020 imb:180 pmb:417 smb:3813 d:s ref:0 ;
in:146 out:147 type:b dur:2 cpbdur:2 q:41.18 aq:26.00 tex:40 mv:434 misc:534 imb:13 pmb:54 smb:4343 d:t ref:0 ;
in:149 out:148 type:P dur:2 cpbdur:2 q:41.37 aq:30.42 tex:18606 mv:6024 misc:1282 imb:1137 pmb:290 smb:2983 d:s ref:0 ;
in:148 out:149 type:b dur:2 cpbdur:2 q:41.31 aq:28.57 tex:174 mv:110 misc:308 imb:2 pmb:6 smb:4402 d:s ref:0 ;
in:152 out:150 type:P dur:2 cpbdur:2 q:41.52 aq:30.52 tex:32031 mv:9217 misc:2032 imb:1155 pmb:642 smb:2613 d:s ref:0 ;
in:150 out:151 type:B dur:2 cpbdur:2 q:41.42 aq:35.12 tex:169 mv:1255 misc:1640 imb:13 pmb:461 smb:3936 d:s ref:0 ;
in:151 out:152 type:b dur:2 cpbdur:2 q:41.47 aq:31.96 tex:288 mv:672 misc:544 imb:47 pmb:53 smb:4310 d:- ref:0 ;
in:154 out:153 type:P dur:2 cpbdur:2 q:42.28 aq:28.42 tex:28878 mv:9435 misc:2503 imb:688 pmb:950 smb:2772 d:s ref:0 ;
in:153 out:154 type:b dur:2 cpbdur:2 q:41.90 aq:41.85 tex:272 mv:1003 misc:589 imb:5 pmb:103 smb:4302 d:s ref:0 ;
in:158 out:155 type:P dur:2 cpbdur:2 q:42.29 aq:29.51 tex:23205 mv:4936 misc:2091 imb:276 pmb:590 smb:3544 d:s ref:0 ;
in:156 out:156 type:B dur:2 cpbdur:2 q:42.29 aq:34.89 tex:105 mv:680 misc:663 imb:12 pmb:104 smb:4294 d:s ref:0 ;
in:155 out:157 type:b dur:2 cpbdur:2 q:42.28 aq:31.31 tex:22 mv:523 misc:543 imb:2 pmb:82 smb:4326 d:s ref:0 ;
in:157 out:158 type:b dur:2 cpbdur:2 q:42.29 aq:39.93 tex:42 mv:122 misc:332 imb:0 pmb:17 smb:4393 d:- ref:0 ;
in:162 out:159 type:P dur:2 cpbdur:2 q:41.88 aq:30.85 tex:11860 mv:3723 misc:2193 imb:134 pmb:600 smb:3676 d:s ref:0 ;
in:160 out:160 type:B dur:2 cpbdur:2 q:42.09 aq:42.54 tex:43 mv:149 misc:400 imb:0 pmb:31 smb:4379 d:t ref:0 ;
in:159 out:161 type:b dur:2 cpbdur:2 q:42.19 aq:32.00 tex:0 mv:0 misc:248 imb:0 pmb:0 smb:4410 d:s ref:0 ;
in:161 out:162 type:b dur:2 cpbdur:2 q:41.99 aq:32.00 tex:0 mv:8 misc:256 imb:0 pmb:1 smb:4409 d:- ref:0 ;
in:166 out:163 type:P dur:2 cpbdur:2 q:41.69 aq:29.34 tex:3950 mv:1213 misc:1381 imb:42 pmb:233 smb:4135 d:s ref:0 ;
in:164 out:164 type:B dur:2 cpbdur:2 q:41.79 aq:30.00 tex:0 mv:0 misc:264 imb:0 pmb:0 smb:4410 d:s ref:0 ;
in:163 out:165 type:b dur:2 cpbdur:2 q:41.84 aq:32.00 tex:0 mv:0 misc:248 imb:0 pmb:0 smb:4410 d:s ref:0 ;
in:165 out:166 type:b dur:2 cpbdur:2 q:41.74 aq:32.00 tex:0 mv:0 misc:248 imb:0 pmb:0 smb:4410 d:- ref:0 ;
in:169 out:167 type:P dur:2 cpbdur:2 q:41.86 aq:33.21 tex:2908 mv:850 misc:1146 imb:26 pmb:182 smb:4202 d:s ref:0 ;
in:167 out:168 type:B dur:2 cpbdur:2 q:41.75 aq:31.00 tex:0 mv:0 misc:264 imb:0 pmb:0 smb:4410 d:s ref:0 ;
in:168 out:169 type:b dur:2 cpbdur:2 q:41.80 aq:32.00 tex:0 mv:0 misc:248 imb:0 pmb:0 smb:4410 d:- ref:0 ;
in:173 out:170 type:P dur:2 cpbdur:2 q:41.82 aq:31.54 tex:8110 mv:2272 misc:1810 imb:84 pmb:420 smb:3906 d:s ref:0 ;
in:171 out:171 type:B dur:2 cpbdur:2 q:41.84 aq:39.33 tex:90 mv:311 misc:423 imb:4 pmb:37 smb:4369 d:s ref:0 ;
in:170 out:172 type:b dur:2 cpbdur:2 q:41.85 aq:32.00 tex:2 mv:12 misc:258 imb:1 pmb:0 smb:4409 d:s ref:0 ;
in:172 out:173 type:b dur:2 cpbdur:2 q:41.83 aq:42.15 tex:45 mv:198 misc:349 imb:3 pmb:27 smb:4380 d:- ref:0 ;
in:177 out:174 type:P dur:2 cpbdur:2 q:41.71 aq:31.89 tex:5184 mv:1531 misc:1421 imb:63 pmb:249 smb:4098 d:s ref:0 ;
in:175 out:175 type:B dur:2 cpbdur:2 q:41.76 aq:32.70 tex:145 mv:383 misc:464 imb:13 pmb:39 smb:4358 d:t ref:0 ;
in:174 out:176 type:b dur:2 cpbdur:2 q:41.79 aq:37.36 tex:30 mv:5 misc:261 imb:0 pmb:1 smb:4409 d:s ref:0 ;
in:176 out:177 type:b dur:2 cpbdur:2 q:41.74 aq:32.00 tex:1 mv:20 misc:275 imb:0 pmb:4 smb:4406 d:- ref:0 ;
in:180 out:178 type:P dur:2 cpbdur:2 q:41.47 aq:33.00 tex:6076 mv:1484 misc:1472 imb:90 pmb:226 smb:4094 d:s ref:0 ;
in:178 out:179 type:B dur:2 cpbdur:2 q:41.63 aq:36.44 tex:102 mv:352 misc:450 imb:12 pmb:35 smb:4363 d:t ref:0 ;
in:179 out:180 type:b dur:2 cpbdur:2 q:41.55 aq:30.92 tex:70 mv:408 misc:426 imb:13 pmb:42 smb:4355 d:- ref:0 ;
in:184 out:181 type:P dur:2 cpbdur:2 q:41.23 aq:32.21 tex:3467 mv:1078 misc:1159 imb:47 pmb:165 smb:4198 d:s ref:0 ;
in:182 out:182 type:B dur:2 cpbdur:2 q:41.35 aq:36.32 tex:39 mv:74 misc:319 imb:2 pmb:7 smb:4401 d:t ref:0 ;
in:181 out:183 type:b dur:2 cpbdur:2 q:41.41 aq:31.00 tex:0 mv:0 misc:248 imb:0 pmb:0 smb:4410 d:s ref:0 ;
in:183 out:184 type:b dur:2 cpbdur:2 q:41.29 aq:31.00 tex:0 mv:0 misc:248 imb:0 pmb:0 smb:4410 d:- ref:0 ;
in:188 out:185 type:P dur:2 cpbdur:2 q:40.86 aq:31.73 tex:5810 mv:1468 misc:1514 imb:65 pmb:239 smb:4106 d:s ref:0 ;
in:186 out:186 type:B dur:2 cpbdur:2 q:41.05 aq:34.33 tex:35 mv:36 misc:321 imb:0 pmb:9 smb:4401 d:s ref:0 ;
in:185 out:187 type:b dur:2 cpbdur:2 q:41.14 aq:39.71 tex:26 mv:18 misc:260 imb:1 pmb:1 smb:4408 d:s ref:0 ;
in:187 out:188 type:b dur:2 cpbdur:2 q:40.95 aq:31.00 tex:0 mv:0 misc:248 imb:0 pmb:0 smb:4410 d:- ref:0 ;
in:192 out:189 type:P dur:2 cpbdur:2 q:40.50 aq:31.45 tex:7131 mv:1602 misc:1691 imb:80 pmb:291 smb:4039 d:s ref:0 ;
in:190 out:190 type:B dur:2 cpbdur:2 q:40.68 aq:37.01 tex:79 mv:272 misc:417 imb:3 pmb:32 smb:4375 d:t ref:0 ;
in:189 out:191 type:b dur:2 cpbdur:2 q:40.77 aq:38.65 tex:65 mv:83 misc:292 imb:1 pmb:11 smb:4398 d:s ref:0 ;
in:191 out:192 type:b dur:2 cpbdur:2 q:40.59 aq:31.00 tex:0 mv:3 misc:261 imb:0 pmb:1 smb:4409 d:- ref:0 ;
in:196 out:193 type:P dur:2 cpbdur:2 q:40.12 aq:30.01 tex:7892 mv:1823 misc:1757 imb:85 pmb:307 smb:4018 d:s ref:0 ;
in:194 out:194 type:B dur:2 cpbdur:2 q:40.31 aq:37.07 tex:122 mv:305 misc:421 imb:8 pmb:34 smb:4368 d:t ref:0 ;
in:193 out:195 type:b dur:2 cpbdur:2 q:40.41 aq:38.74 tex:54 mv:39 misc:283 imb:2 pmb:6 smb:4402 d:s ref:0 ;
in:195 out:196 type:b dur:2 cpbdur:2 q:40.22 aq:30.00 tex:1 mv:34 misc:277 imb:0 pmb:4 smb:4406 d:- ref:0 ;
in:200 out:197 type:P dur:2 cpbdur:2 q:39.90 aq:28.29 tex:8992 mv:1621 misc:1731 imb:80 pmb:351 smb:3979 d:s ref:0 ;
in:198 out:198 type:B dur:2 cpbdur:2 q:40.01 aq:38.07 tex:85 mv:157 misc:374 imb:3 pmb:22 smb:4385 d:t ref:0 ;
in:197 out:199 type:b dur:2 cpbdur:2 q:40.07 aq:30.00 tex:0 mv:0 misc:248 imb:0 pmb:0 smb:4410 d:s ref:0 ;
in:199 out:200 type:b dur:2 cpbdur:2 q:39.95 aq:39.33 tex:74 mv:46 misc:280 imb:1 pmb:6 smb:4403 d:- ref:0 ;
in:204 out:201 type:P dur:2 cpbdur:2 q:39.68 aq:30.80 tex:7703 mv:1622 misc:1627 imb:69 pmb:317 smb:4024 d:s ref:0 ;
in:202 out:202 type:B dur:2 cpbdur:2 q:39.79 aq:31.10 tex:70 mv:236 misc:398 imb:9 pmb:22 smb:4379 d:t ref:0 ;
in:201 out:203 type:b dur:2 cpbdur:2 q:39.84 aq:30.00 tex:0 mv:0 misc:248 imb:0 pmb:0 smb:4410 d:s ref:0 ;
in:203 out:204 type:b dur:2 cpbdur:2 q:39.74 aq:30.00 tex:0 mv:0 misc:248 imb:0 pmb:0 smb:4410 d:- ref:0 ;
in:208 out:205 type:P dur:2 cpbdur:2 q:39.47 aq:30.60 tex:8458 mv:1458 misc:1628 imb:73 pmb:292 smb:4045 d:s ref:0 ;
in:206 out:206 type:B dur:2 cpbdur:2 q:39.58 aq:28.21 tex:108 mv:195 misc:377 imb:7 pmb:21 smb:4382 d:t ref:0 ;
in:205 out:207 type:b dur:2 cpbdur:2 q:39.63 aq:30.00 tex:0 mv:4 misc:260 imb:0 pmb:1 smb:4409 d:s ref:0 ;
in:207 out:208 type:b dur:2 cpbdur:2 q:39.52 aq:29.00 tex:4 mv:22 misc:270 imb:0 pmb:6 smb:4404 d:- ref:0 ;
in:212 out:209 type:P dur:2 cpbdur:2 q:39.29 aq:29.49 tex:6869 mv:1356 misc:1431 imb:60 pmb:250 smb:4100 d:s ref:0 ;
in:210 out:210 type:B dur:2 cpbdur:2 q:39.38 aq:35.88 tex:117 mv:189 misc:382 imb:4 pmb:20 smb:4386 d:t ref:0 ;
in:209 out:211 type:b dur:2 cpbdur:2 q:39.42 aq:29.00 tex:3 mv:11 misc:258 imb:1 pmb:0 smb:4409 d:s ref:0 ;
in:211 out:212 type:b dur:2 cpbdur:2 q:39.33 aq:29.00 tex:0 mv:0 misc:248 imb:0 pmb:0 smb:4410 d:- ref:0 ;
in:214 out:213 type:P dur:2 cpbdur:2 q:39.07 aq:27.45 tex:6401 mv:1288 misc:1583 imb:62 pmb:258 smb:4090 d:s ref:0 ;
in:213 out:214 type:b dur:2 cpbdur:2 q:39.18 aq:29.00 tex:8 mv:41 misc:279 imb:1 pmb:11 smb:4398 d:t ref:0 ;
in:218 out:215 type:P dur:2 cpbdur:2 q:38.86 aq:29.68 tex:6593 mv:1323 misc:1508 imb:72 pmb:244 smb:4094 d:s ref:0 ;
in:216 out:216 type:B dur:2 cpbdur:2 q:38.97 aq:34.99 tex:89 mv:171 misc:380 imb:1 pmb:21 smb:4388 d:t ref:0 ;
in:215 out:217 type:b dur:2 cpbdur:2 q:39.02 aq:30.20 tex:11 mv:22 misc:263 imb:1 pmb:1 smb:4408 d:s ref:0 ;
in:217 out:218 type:b dur:2 cpbdur:2 q:38.92 aq:29.00 tex:0 mv:9 misc:255 imb:0 pmb:1 smb:4409 d:- ref:0 ;
in:222 out:219 type:P dur:2 cpbdur:2 q:38.62 aq:28.42 tex:8614 mv:1452 misc:1598 imb:62 pmb:291 smb:4057 d:s ref:0 ;
in:220 out:220 type:B dur:2 cpbdur:2 q:38.74 aq:35.10 tex:67 mv:157 misc:384 imb:2 pmb:24 smb:4384 d:t ref:0 ;
in:219 out:221 type:b dur:2 cpbdur:2 q:38.80 aq:29.00 tex:5 mv:44 misc:279 imb:2 pmb:4 smb:4404 d:s ref:0 ;
in:221 out:222 type:b dur:2 cpbdur:2 q:38.68 aq:29.00 tex:3 mv:63 misc:318 imb:0 pmb:13 smb:4397 d:- ref:0 ;
in:226 out:223 type:P dur:2 cpbdur:2 q:38.37 aq:28.29 tex:8744 mv:1444 misc:1692 imb:62 pmb:332 smb:4016 d:s ref:0 ;
in:224 out:224 type:B dur:2 cpbdur:2 q:38.50 aq:36.29 tex:109 mv:230 misc:381 imb:7 pmb:30 smb:4373 d:t ref:0 ;
in:223 out:225 type:b dur:2 cpbdur:2 q:38.56 aq:29.00 tex:6 mv:65 misc:281 imb:0 pmb:14 smb:4396 d:s ref:0 ;
in:225 out:226 type:b dur:2 cpbdur:2 q:38.44 aq:28.00 tex:3 mv:19 misc:266 imb:1 pmb:2 smb:4407 d:- ref:0 ;
in:230 out:227 type:P dur:2 cpbdur:2 q:38.14 aq:27.52 tex:10584 mv:1723 misc:1773 imb:68 pmb:365 smb:3977 d:s ref:0 ;
in:228 out:228 type:B dur:2 cpbdur:2 q:38.26 aq:31.76 tex:124 mv:253 misc:423 imb:5 pmb:37 smb:4368 d:t ref:0 ;
in:227 out:229 type:b dur:2 cpbdur:2 q:38.32 aq:25.19 tex:17 mv:80 misc:303 imb:1 pmb:14 smb:4395 d:s ref:0 ;
in:229 out:230 type:b dur:2 cpbdur:2 q:38.20 aq:37.23 tex:80 mv:55 misc:297 imb:2 pmb:5 smb:4403 d:- ref:0 ;
in:234 out:231 type:P dur:2 cpbdur:2 q:37.92 aq:27.42 tex:8731 mv:1489 misc:1700 imb:69 pmb:325 smb:4016 d:s ref:0 ;
in:232 out:232 type:B dur:2 cpbdur:2 q:38.03 aq:32.76 tex:158 mv:206 misc:412 imb:5 pmb:25 smb:4380 d:t ref:0 ;
in:231 out:233 type:b dur:2 cpbdur:2 q:38.09 aq:28.00 tex:2 mv:19 misc:267 imb:0 pmb:2 smb:4408 d:s ref:0 ;
in:233 out:234 type:b dur:2 cpbdur:2 q:37.98 aq:28.00 tex:2 mv:16 misc:262 imb:0 pmb:3 smb:4407 d:- ref:0 ;
in:238 out:235 type:P dur:2 cpbdur:2 q:37.65 aq:27.42 tex:11309 mv:1881 misc:1810 imb:95 pmb:343 smb:3972 d:s ref:0 ;
in:236 out:236 type:B dur:2 cpbdur:2 q:37.79 aq:33.84 tex:201 mv:377 misc:510 imb:6 pmb:64 smb:4340 d:t ref:0 ;
in:235 out:237 type:b dur:2 cpbdur:2 q:37.85 aq:28.00 tex:13 mv:109 misc:334 imb:1 pmb:18 smb:4391 d:s ref:0 ;
in:237 out:238 type:b dur:2 cpbdur:2 q:37.72 aq:28.00 tex:5 mv:49 misc:314 imb:0 pmb:15 smb:4395 d:- ref:0 ;
in:242 out:239 type:P dur:2 cpbdur:2 q:37.42 aq:28.63 tex:10407 mv:1492 misc:1749 imb:71 pmb:337 smb:4002 d:s ref:0 ;
in:240 out:240 type:B dur:2 cpbdur:2 q:37.54 aq:34.82 tex:149 mv:382 misc:437 imb:6 pmb:48 smb:4356 d:t ref:0 ;
in:239 out:241 type:b dur:2 cpbdur:2 q:37.59 aq:28.00 tex:4 mv:48 misc:292 imb:0 pmb:10 smb:4400 d:s ref:0 ;
in:241 out:242 type:b dur:2 cpbdur:2 q:37.48 aq:36.99 tex:41 mv:113 misc:318 imb:2 pmb:15 smb:4393 d:- ref:0 ;
in:246 out:243 type:P dur:2 cpbdur:2 q:37.22 aq:27.50 tex:10537 mv:1714 misc:1781 imb:81 pmb:345 smb:3984 d:s ref:0 ;
in:244 out:244 type:B dur:2 cpbdur:2 q:37.32 aq:36.27 tex:279 mv:663 misc:562 imb:17 pmb:67 smb:4326 d:t ref:0 ;
in:243 out:245 type:b dur:2 cpbdur:2 q:37.37 aq:35.24 tex:80 mv:76 misc:292 imb:2 pmb:8 smb:4400 d:s ref:0 ;
in:245 out:246 type:b dur:2 cpbdur:2 q:37.27 aq:32.50 tex:43 mv:93 misc:328 imb:0 pmb:15 smb:4395 d:- ref:0 ;
in:250 out:247 type:P dur:2 cpbdur:2 q:37.04 aq:27.43 tex:9449 mv:1715 misc:1572 imb:93 pmb:295 smb:4022 d:s ref:0 ;
in:248 out:248 type:B dur:2 cpbdur:2 q:37.13 aq:35.58 tex:361 mv:620 misc:555 imb:16 pmb:64 smb:4330 d:t ref:0 ;
in:247 out:249 type:b dur:2 cpbdur:2 q:37.17 aq:35.63 tex:50 mv:65 misc:309 imb:1 pmb:8 smb:4401 d:s ref:0 ;
in:249 out:250 type:b dur:2 cpbdur:2 q:37.08 aq:32.40 tex:59 mv:99 misc:314 imb:1 pmb:9 smb:4400 d:- ref:0 ;
in:254 out:251 type:P dur:2 cpbdur:2 q:36.86 aq:24.67 tex:9975 mv:1869 misc:1812 imb:104 pmb:320 smb:3986 d:s ref:0 ;
in:252 out:252 type:B dur:2 cpbdur:2 q:36.95 aq:35.24 tex:364 mv:640 misc:532 imb:16 pmb:66 smb:4328 d:t ref:0 ;
in:251 out:253 type:b dur:2 cpbdur:2 q:36.99 aq:35.11 tex:41 mv:69 misc:298 imb:0 pmb:11 smb:4399 d:s ref:0 ;
in:253 out:254 type:b dur:2 cpbdur:2 q:36.90 aq:27.00 tex:4 mv:36 misc:288 imb:0 pmb:5 smb:4405 d:- ref:0 ;
in:258 out:255 type:P dur:2 cpbdur:2 q:36.66 aq:24.59 tex:10782 mv:1648 misc:1770 imb:73 pmb:339 smb:3998 d:s ref:0 ;
in:256 out:256 type:B dur:2 cpbdur:2 q:36.76 aq:34.72 tex:434 mv:632 misc:550 imb:16 pmb:69 smb:4325 d:t ref:0 ;
in:255 out:257 type:b dur:2 cpbdur:2 q:36.81 aq:33.04 tex:36 mv:128 misc:324 imb:1 pmb:14 smb:4395 d:s ref:0 ;
in:257 out:258 type:b dur:2 cpbdur:2 q:36.71 aq:27.00 tex:6 mv:53 misc:277 imb:1 pmb:5 smb:4404 d:- ref:0 ;
in:262 out:259 type:P dur:2 cpbdur:2 q:36.48 aq:25.96 tex:10316 mv:1549 misc:1663 imb:96 pmb:300 smb:4014 d:s ref:0 ;
in:260 out:260 type:B dur:2 cpbdur:2 q:36.57 aq:32.89 tex:65 mv:428 misc:467 imb:8 pmb:51 smb:4351 d:t ref:0 ;
in:259 out:261 type:b dur:2 cpbdur:2 q:36.61 aq:33.47 tex:43 mv:51 misc:282 imb:2 pmb:4 smb:4404 d:s ref:0 ;
in:261 out:262 type:b dur:2 cpbdur:2 q:36.53 aq:26.00 tex:4 mv:50 misc:330 imb:0 pmb:15 smb:4395 d:- ref:0 ;
in:266 out:263 type:P dur:2 cpbdur:2 q:36.29 aq:27.29 tex:11255 mv:1658 misc:1743 imb:83 pmb:356 smb:3971 d:s ref:0 ;
in:264 out:264 type:B dur:2 cpbdur:2 q:36.39 aq:30.43 tex:197 mv:245 misc:414 imb:6 pmb:31 smb:4373 d:t ref:0 ;
in:263 out:265 type:b dur:2 cpbdur:2 q:36.44 aq:38.51 tex:101 mv:69 misc:294 imb:4 pmb:5 smb:4401 d:s ref:0 ;
in:265 out:266 type:b dur:2 cpbdur:2 q:36.34 aq:28.31 tex:70 mv:70 misc:292 imb:3 pmb:6 smb:4401 d:- ref:0 ;
in:270 out:267 type:P dur:2 cpbdur:2 q:36.11 aq:26.75 tex:9363 mv:1487 misc:1662 imb:77 pmb:293 smb:4040 d:t ref:0 ;
in:268 out:268 type:B dur:2 cpbdur:2 q:36.20 aq:34.67 tex:215 mv:171 misc:390 imb:3 pmb:28 smb:4379 d:t ref:0 ;
in:267 out:269 type:b dur:2 cpbdur:2 q:36.25 aq:26.00 tex:2 mv:39 misc:295 imb:0 pmb:8 smb:4402 d:s ref:0 ;
in:269 out:270 type:b dur:2 cpbdur:2 q:36.16 aq:39.57 tex:76 mv:109 misc:311 imb:3 pmb:12 smb:4395 d:- ref:0 ;
in:274 out:271 type:P dur:2 cpbdur:2 q:35.90 aq:24.91 tex:11974 mv:1549 misc:1893 imb:60 pmb:387 smb:3963 d:t ref:0 ;
in:272 out:272 type:B dur:2 cpbdur:2 q:36.00 aq:33.66 tex:164 mv:218 misc:394 imb:6 pmb:19 smb:4385 d:t ref:0 ;
in:271 out:273 type:b dur:2 cpbdur:2 q:36.06 aq:26.00 tex:5 mv:36 misc:287 imb:1 pmb:4 smb:4405 d:s ref:0 ;
in:273 out:274 type:b dur:2 cpbdur:2 q:35.95 aq:35.10 tex:75 mv:80 misc:301 imb:2 pmb:9 smb:4399 d:- ref:0 ;
in:278 out:275 type:P dur:2 cpbdur:2 q:35.66 aq:25.43 tex:11643 mv:1720 misc:1861 imb:68 pmb:379 smb:3963 d:t ref:0 ;
in:276 out:276 type:B dur:2 cpbdur:2 q:35.78 aq:28.79 tex:172 mv:290 misc:442 imb:5 pmb:41 smb:4364 d:t ref:0 ;
in:275 out:277 type:b dur:2 cpbdur:2 q:35.84 aq:37.94 tex:69 mv:84 misc:383 imb:0 pmb:32 smb:4378 d:s ref:0 ;
in:277 out:278 type:b dur:2 cpbdur:2 q:35.72 aq:38.54 tex:110 mv:105 misc:313 imb:3 pmb:13 smb:4394 d:- ref:0 ;
in:282 out:279 type:P dur:2 cpbdur:2 q:35.47 aq:25.61 tex:11332 mv:1587 misc:1673 imb:72 pmb:341 smb:3997 d:s ref:0 ;
in:280 out:280 type:B dur:2 cpbdur:2 q:35.56 aq:27.94 tex:427 mv:485 misc:496 imb:8 pmb:59 smb:4343 d:t ref:0 ;
in:279 out:281 type:b dur:2 cpbdur:2 q:35.61 aq:35.42 tex:108 mv:152 misc:332 imb:4 pmb:15 smb:4391 d:s ref:0 ;
in:281 out:282 type:b dur:2 cpbdur:2 q:35.52 aq:24.74 tex:63 mv:120 misc:321 imb:4 pmb:15 smb:4391 d:- ref:0 ;
in:286 out:283 type:P dur:2 cpbdur:2 q:35.29 aq:25.30 tex:11583 mv:1639 misc:1858 imb:61 pmb:381 smb:3968 d:s ref:0 ;
in:284 out:284 type:B dur:2 cpbdur:2 q:35.38 aq:31.54 tex:293 mv:387 misc:480 imb:12 pmb:40 smb:4358 d:t ref:0 ;
in:283 out:285 type:b dur:2 cpbdur:2 q:35.42 aq:25.00 tex:7 mv:98 misc:311 imb:1 pmb:11 smb:4398 d:s ref:0 ;
in:285 out:286 type:b dur:2 cpbdur:2 q:35.33 aq:25.00 tex:5 mv:47 misc:292 imb:1 pmb:6 smb:4403 d:- ref:0 ;
in:290 out:287 type:P dur:2 cpbdur:2 q:35.14 aq:23.58 tex:10229 mv:1478 misc:1613 imb:60 pmb:306 smb:4044 d:t ref:0 ;
in:288 out:288 type:B dur:2 cpbdur:2 q:35.21 aq:23.17 tex:142 mv:338 misc:448 imb:10 pmb:41 smb:4359 d:t ref:0 ;
in:287 out:289 type:b dur:2 cpbdur:2 q:35.25 aq:34.97 tex:134 mv:166 misc:348 imb:5 pmb:23 smb:4382 d:s ref:0 ;
in:289 out:290 type:b dur:2 cpbdur:2 q:35.18 aq:38.88 tex:78 mv:114 misc:320 imb:2 pmb:20 smb:4388 d:- ref:0 ;
in:294 out:291 type:P dur:2 cpbdur:2 q:34.97 aq:26.54 tex:11966 mv:1686 misc:1700 imb:78 pmb:319 smb:4013 d:t ref:0 ;
in:292 out:292 type:B dur:2 cpbdur:2 q:35.06 aq:20.89 tex:109 mv:244 misc:415 imb:3 pmb:38 smb:4369 d:t ref:0 ;
in:291 out:293 type:b dur:2 cpbdur:2 q:35.10 aq:25.00 tex:11 mv:160 misc:365 imb:2 pmb:27 smb:4381 d:s ref:0 ;
in:293 out:294 type:b dur:2 cpbdur:2 q:35.01 aq:32.98 tex:41 mv:128 misc:319 imb:3 pmb:18 smb:4389 d:- ref:0 ;
in:298 out:295 type:P dur:2 cpbdur:2 q:34.77 aq:22.65 tex:13938 mv:1832 misc:1926 imb:94 pmb:381 smb:3935 d:t ref:0 ;
in:296 out:296 type:B dur:2 cpbdur:2 q:34.87 aq:32.70 tex:168 mv:331 misc:445 imb:9 pmb:40 smb:4361 d:t ref:0 ;
in:295 out:297 type:b dur:2 cpbdur:2 q:34.92 aq:36.63 tex:149 mv:176 misc:355 imb:5 pmb:25 smb:4380 d:s ref:0 ;
in:297 out:298 type:b dur:2 cpbdur:2 q:34.82 aq:25.00 tex:11 mv:85 misc:304 imb:2 pmb:12 smb:4396 d:- ref:0 ;
in:302 out:299 type:P dur:2 cpbdur:2 q:34.60 aq:25.37 tex:12017 mv:1691 misc:1748 imb:73 pmb:337 smb:4000 d:t ref:0 ;
in:300 out:300 type:B dur:2 cpbdur:2 q:34.69 aq:30.58 tex:194 mv:426 misc:452 imb:8 pmb:50 smb:4352 d:t ref:0 ;
in:299 out:301 type:b dur:2 cpbdur:2 q:34.73 aq:37.55 tex:93 mv:189 misc:366 imb:5 pmb:25 smb:4380 d:s ref:0 ;
in:301 out:302 type:b dur:2 cpbdur:2 q:34.64 aq:29.86 tex:104 mv:240 misc:376 imb:3 pmb:27 smb:4380 d:- ref:0 ;
in:306 out:303 type:P dur:2 cpbdur:2 q:34.42 aq:24.18 tex:12264 mv:1544 misc:1840 imb:61 pmb:376 smb:3973 d:t ref:0 ;
in:304 out:304 type:B dur:2 cpbdur:2 q:34.51 aq:33.74 tex:209 mv:311 misc:448 imb:7 pmb:41 smb:4362 d:t ref:0 ;
in:303 out:305 type:b dur:2 cpbdur:2 q:34.56 aq:34.51 tex:140 mv:232 misc:412 imb:7 pmb:39 smb:4364 d:s ref:0 ;
in:305 out:306 type:b dur:2 cpbdur:2 q:34.47 aq:37.72 tex:91 mv:119 misc:358 imb:2 pmb:24 smb:4384 d:- ref:0 ;
in:310 out:307 type:P dur:2 cpbdur:2 q:34.27 aq:25.10 tex:10009 mv:1501 misc:1594 imb:63 pmb:288 smb:4059 d:t ref:0 ;
in:308 out:308 type:B dur:2 cpbdur:2 q:34.34 aq:25.83 tex:367 mv:430 misc:499 imb:12 pmb:39 smb:4359 d:t ref:0 ;
in:307 out:309 type:b dur:2 cpbdur:2 q:34.38 aq:24.00 tex:18 mv:180 misc:394 imb:3 pmb:27 smb:4380 d:s ref:0 ;
in:309 out:310 type:b dur:2 cpbdur:2 q:34.30 aq:35.21 tex:91 mv:144 misc:341 imb:2 pmb:15 smb:4393 d:- ref:0 ;
in:314 out:311 type:P dur:2 cpbdur:2 q:34.10 aq:24.51 tex:11100 mv:1669 misc:1679 imb:78 pmb:310 smb:4022 d:t ref:0 ;
in:312 out:312 type:B dur:2 cpbdur:2 q:34.18 aq:26.10 tex:245 mv:446 misc:493 imb:8 pmb:55 smb:4347 d:t ref:0 ;
in:311 out:313 type:b dur:2 cpbdur:2 q:34.22 aq:36.81 tex:55 mv:129 misc:392 imb:1 pmb:30 smb:4379 d:s ref:0 ;
in:313 out:314 type:b dur:2 cpbdur:2 q:34.14 aq:36.81 tex:74 mv:136 misc:318 imb:6 pmb:10 smb:4394 d:- ref:0 ;
in:318 out:315 type:P dur:2 cpbdur:2 q:33.90 aq:21.76 tex:12632 mv:1905 misc:1887 imb:102 pmb:363 smb:3945 d:t ref:0 ;
in:316 out:316 type:B dur:2 cpbdur:2 q:34.00 aq:33.63 tex:233 mv:383 misc:480 imb:12 pmb:45 smb:4353 d:t ref:0 ;
in:315 out:317 type:b dur:2 cpbdur:2 q:34.05 aq:36.39 tex:61 mv:163 misc:376 imb:2 pmb:30 smb:4378 d:s ref:0 ;
in:317 out:318 type:b dur:2 cpbdur:2 q:33.95 aq:30.40 tex:76 mv:271 misc:357 imb:5 pmb:29 smb:4376 d:- ref:0 ;
in:322 out:319 type:P dur:2 cpbdur:2 q:33.76 aq:24.94 tex:13424 mv:1852 misc:1740 imb:67 pmb:354 smb:3989 d:t ref:0 ;
in:320 out:320 type:B dur:2 cpbdur:2 q:33.83 aq:26.07 tex:556 mv:580 misc:568 imb:14 pmb:60 smb:4336 d:t ref:0 ;
in:319 out:321 type:b dur:2 cpbdur:2 q:33.86 aq:28.86 tex:96 mv:263 misc:441 imb:2 pmb:44 smb:4364 d:s ref:0 ;
in:321 out:322 type:b dur:2 cpbdur:2 q:33.79 aq:30.91 tex:83 mv:232 misc:373 imb:4 pmb:35 smb:4371 d:- ref:0 ;
in:326 out:323 type:P dur:2 cpbdur:2 q:33.60 aq:22.83 tex:11200 mv:1718 misc:1666 imb:59 pmb:341 smb:4010 d:t ref:0 ;
in:324 out:324 type:B dur:2 cpbdur:2 q:33.68 aq:23.71 tex:566 mv:592 misc:554 imb:18 pmb:63 smb:4329 d:t ref:0 ;
in:323 out:325 type:b dur:2 cpbdur:2 q:33.72 aq:23.96 tex:73 mv:363 misc:436 imb:8 pmb:35 smb:4367 d:s ref:0 ;
in:325 out:326 type:b dur:2 cpbdur:2 q:33.64 aq:24.00 tex:8 mv:86 misc:322 imb:0 pmb:24 smb:4386 d:- ref:0 ;
in:330 out:327 type:P dur:2 cpbdur:2 q:33.44 aq:23.53 tex:13831 mv:1641 misc:1768 imb:57 pmb:387 smb:3966 d:t ref:0 ;
in:328 out:328 type:B dur:2 cpbdur:2 q:33.52 aq:26.99 tex:580 mv:422 misc:502 imb:11 pmb:44 smb:4355 d:t ref:0 ;
in:327 out:329 type:b dur:2 cpbdur:2 q:33.56 aq:35.24 tex:58 mv:349 misc:457 imb:9 pmb:49 smb:4352 d:s ref:0 ;
in:329 out:330 type:b dur:2 cpbdur:2 q:33.48 aq:32.92 tex:154 mv:245 misc:361 imb:6 pmb:24 smb:4380 d:- ref:0 ;
in:334 out:331 type:P dur:2 cpbdur:2 q:33.26 aq:23.14 tex:13092 mv:1586 misc:1754 imb:58 pmb:357 smb:3995 d:t ref:0 ;
in:332 out:332 type:B dur:2 cpbdur:2 q:33.35 aq:23.87 tex:593 mv:455 misc:496 imb:14 pmb:44 smb:4352 d:t ref:0 ;
in:331 out:333 type:b dur:2 cpbdur:2 q:33.40 aq:35.64 tex:85 mv:210 misc:401 imb:4 pmb:28 smb:4378 d:s ref:0 ;
in:333 out:334 type:b dur:2 cpbdur:2 q:33.31 aq:34.09 tex:146 mv:119 misc:335 imb:4 pmb:17 smb:4389 d:- ref:0 ;
in:338 out:335 type:P dur:2 cpbdur:2 q:33.06 aq:22.62 tex:15843 mv:1846 misc:1887 imb:78 pmb:376 smb:3956 d:t ref:0 ;
in:336 out:336 type:B dur:2 cpbdur:2 q:33.16 aq:25.52 tex:482 mv:472 misc:526 imb:10 pmb:60 smb:4340 d:t ref:0 ;
in:335 out:337 type:b dur:2 cpbdur:2 q:33.21 aq:35.94 tex:124 mv:315 misc:449 imb:6 pmb:40 smb:4364 d:s ref:0 ;
in:337 out:338 type:b dur:2 cpbdur:2 q:33.11 aq:35.38 tex:89 mv:227 misc:372 imb:5 pmb:28 smb:4377 d:- ref:0 ;
in:342 out:339 type:P dur:2 cpbdur:2 q:32.92 aq:23.92 tex:10923 mv:1610 misc:1491 imb:74 pmb:267 smb:4069 d:t ref:0 ;
in:340 out:340 type:B dur:2 cpbdur:2 q:32.99 aq:24.07 tex:444 mv:507 misc:473 imb:12 pmb:50 smb:4348 d:t ref:0 ;
in:339 out:341 type:b dur:2 cpbdur:2 q:33.02 aq:35.54 tex:202 mv:172 misc:338 imb:8 pmb:18 smb:4384 d:s ref:0 ;
in:341 out:342 type:b dur:2 cpbdur:2 q:32.95 aq:33.91 tex:137 mv:190 misc:353 imb:6 pmb:18 smb:4386 d:- ref:0 ;
in:346 out:343 type:P dur:2 cpbdur:2 q:32.79 aq:22.47 tex:12016 mv:1841 misc:1775 imb:100 pmb:332 smb:3978 d:t ref:0 ;
in:344 out:344 type:B dur:2 cpbdur:2 q:32.86 aq:32.90 tex:486 mv:331 misc:495 imb:10 pmb:39 smb:4361 d:t ref:0 ;
in:343 out:345 type:b dur:2 cpbdur:2 q:32.89 aq:23.24 tex:142 mv:269 misc:397 imb:4 pmb:39 smb:4367 d:s ref:0 ;
in:345 out:346 type:b dur:2 cpbdur:2 q:32.82 aq:35.80 tex:99 mv:192 misc:357 imb:5 pmb:20 smb:4385 d:- ref:0 ;
in:350 out:347 type:P dur:2 cpbdur:2 q:32.68 aq:24.46 tex:12763 mv:1508 misc:1521 imb:61 pmb:304 smb:4045 d:t ref:0 ;
in:348 out:348 type:B dur:2 cpbdur:2 q:32.74 aq:29.49 tex:503 mv:566 misc:531 imb:16 pmb:63 smb:4331 d:t ref:0 ;
in:347 out:349 type:b dur:2 cpbdur:2 q:32.76 aq:35.54 tex:74 mv:190 misc:400 imb:3 pmb:24 smb:4383 d:s ref:0 ;
in:349 out:350 type:b dur:2 cpbdur:2 q:32.71 aq:24.53 tex:182 mv:129 misc:345 imb:2 pmb:20 smb:4388 d:- ref:0 ;
in:354 out:351 type:P dur:2 cpbdur:2 q:32.55 aq:23.17 tex:9124 mv:1225 misc:1299 imb:59 pmb:225 smb:4126 d:t ref:0 ;
in:352 out:352 type:B dur:2 cpbdur:2 q:32.62 aq:23.34 tex:179 mv:290 misc:451 imb:5 pmb:42 smb:4363 d:t ref:0 ;
in:351 out:353 type:b dur:2 cpbdur:2 q:32.65 aq:23.22 tex:110 mv:128 misc:362 imb:2 pmb:24 smb:4384 d:s ref:0 ;
in:353 out:354 type:b dur:2 cpbdur:2 q:32.59 aq:33.54 tex:97 mv:108 misc:347 imb:2 pmb:22 smb:4386 d:- ref:0 ;
in:358 out:355 type:P dur:2 cpbdur:2 q:32.35 aq:24.23 tex:11629 mv:1752 misc:1259 imb:59 pmb:249 smb:4102 d:t ref:0 ;
in:356 out:356 type:B dur:2 cpbdur:2 q:32.45 aq:31.01 tex:550 mv:511 misc:507 imb:8 pmb:67 smb:4335 d:t ref:0 ;
in:355 out:357 type:b dur:2 cpbdur:2 q:32.50 aq:32.66 tex:177 mv:246 misc:393 imb:2 pmb:32 smb:4376 d:t ref:0 ;
in:357 out:358 type:b dur:2 cpbdur:2 q:32.40 aq:31.35 tex:69 mv:139 misc:352 imb:0 pmb:27 smb:4383 d:- ref:0 ;
in:362 out:359 type:P dur:2 cpbdur:2 q:32.22 aq:23.69 tex:8534 mv:1640 misc:1306 imb:56 pmb:230 smb:4124 d:t ref:0 ;
in:360 out:360 type:B dur:2 cpbdur:2 q:32.29 aq:29.79 tex:387 mv:412 misc:513 imb:4 pmb:47 smb:4359 d:t ref:0 ;
in:359 out:361 type:b dur:2 cpbdur:2 q:32.32 aq:32.70 tex:83 mv:227 misc:418 imb:0 pmb:28 smb:4382 d:s ref:0 ;
in:361 out:362 type:b dur:2 cpbdur:2 q:32.25 aq:32.43 tex:75 mv:146 misc:315 imb:1 pmb:14 smb:4395 d:- ref:0 ;
in:366 out:363 type:P dur:2 cpbdur:2 q:32.06 aq:24.76 tex:5790 mv:1435 misc:1055 imb:50 pmb:181 smb:4179 d:t ref:0 ;
in:364 out:364 type:B dur:2 cpbdur:2 q:32.14 aq:31.73 tex:376 mv:478 misc:538 imb:4 pmb:67 smb:4339 d:t ref:0 ;
in:363 out:365 type:b dur:2 cpbdur:2 q:32.18 aq:27.30 tex:101 mv:332 misc:471 imb:7 pmb:38 smb:4365 d:s ref:0 ;
in:365 out:366 type:b dur:2 cpbdur:2 q:32.10 aq:21.59 tex:22 mv:115 misc:319 imb:1 pmb:19 smb:4390 d:- ref:0 ;
in:370 out:367 type:P dur:2 cpbdur:2 q:31.88 aq:19.52 tex:6406 mv:1490 misc:1192 imb:82 pmb:163 smb:4165 d:t ref:0 ;
in:368 out:368 type:B dur:2 cpbdur:2 q:31.97 aq:31.31 tex:353 mv:328 misc:471 imb:4 pmb:44 smb:4362 d:t ref:0 ;
in:367 out:369 type:b dur:2 cpbdur:2 q:32.01 aq:21.46 tex:95 mv:114 misc:343 imb:3 pmb:17 smb:4390 d:s ref:0 ;
in:369 out:370 type:b dur:2 cpbdur:2 q:31.92 aq:24.09 tex:124 mv:195 misc:377 imb:6 pmb:27 smb:4377 d:- ref:0 ;
in:374 out:371 type:P dur:2 cpbdur:2 q:31.65 aq:20.87 tex:6639 mv:1439 misc:1074 imb:52 pmb:202 smb:4156 d:t ref:0 ;
in:372 out:372 type:B dur:2 cpbdur:2 q:31.76 aq:28.49 tex:713 mv:399 misc:520 imb:13 pmb:47 smb:4350 d:t ref:0 ;
in:371 out:373 type:b dur:2 cpbdur:2 q:31.82 aq:20.35 tex:39 mv:199 misc:410 imb:3 pmb:26 smb:4381 d:s ref:0 ;
in:373 out:374 type:b dur:2 cpbdur:2 q:31.71 aq:30.59 tex:128 mv:224 misc:368 imb:4 pmb:29 smb:4377 d:- ref:0 ;
in:378 out:375 type:P dur:2 cpbdur:2 q:31.37 aq:21.69 tex:6211 mv:1356 misc:969 imb:49 pmb:171 smb:4190 d:t ref:0 ;
in:376 out:376 type:B dur:2 cpbdur:2 q:31.51 aq:25.44 tex:659 mv:280 misc:461 imb:9 pmb:38 smb:4363 d:t ref:0 ;
in:375 out:377 type:b dur:2 cpbdur:2 q:31.58 aq:30.96 tex:145 mv:220 misc:403 imb:3 pmb:38 smb:4369 d:t ref:0 ;
in:377 out:378 type:b dur:2 cpbdur:2 q:31.44 aq:28.08 tex:200 mv:229 misc:379 imb:6 pmb:23 smb:4381 d:- ref:0 ;
in:382 out:379 type:P dur:2 cpbdur:2 q:31.13 aq:21.18 tex:6165 mv:1453 misc:918 imb:64 pmb:159 smb:4187 d:t ref:0 ;
in:380 out:380 type:B dur:2 cpbdur:2 q:31.25 aq:24.71 tex:963 mv:522 misc:555 imb:17 pmb:61 smb:4332 d:t ref:0 ;
in:379 out:381 type:b dur:2 cpbdur:2 q:31.31 aq:25.10 tex:126 mv:256 misc:442 imb:3 pmb:39 smb:4368 d:s ref:0 ;
in:381 out:382 type:b dur:2 cpbdur:2 q:31.19 aq:30.24 tex:295 mv:227 misc:390 imb:6 pmb:25 smb:4379 d:- ref:0 ;
in:386 out:383 type:P dur:2 cpbdur:2 q:30.90 aq:19.22 tex:6274 mv:1377 misc:1013 imb:76 pmb:148 smb:4186 d:t ref:0 ;
in:384 out:384 type:B dur:2 cpbdur:2 q:31.02 aq:24.98 tex:627 mv:416 misc:557 imb:6 pmb:60 smb:4344 d:t ref:0 ;
in:383 out:385 type:b dur:2 cpbdur:2 q:31.08 aq:33.52 tex:233 mv:226 misc:477 imb:5 pmb:44 smb:4361 d:s ref:0 ;
in:385 out:386 type:b dur:2 cpbdur:2 q:30.96 aq:24.43 tex:171 mv:144 misc:333 imb:4 pmb:16 smb:4390 d:- ref:0 ;
in:390 out:387 type:P dur:2 cpbdur:2 q:30.70 aq:21.51 tex:3640 mv:999 misc:833 imb:39 pmb:115 smb:4256 d:t ref:0 ;
in:388 out:388 type:B dur:2 cpbdur:2 q:30.80 aq:23.58 tex:1030 mv:364 misc:558 imb:14 pmb:44 smb:4352 d:t ref:0 ;
in:387 out:389 type:b dur:2 cpbdur:2 q:30.85 aq:24.03 tex:90 mv:249 misc:421 imb:2 pmb:34 smb:4374 d:s ref:0 ;
in:389 out:390 type:b dur:2 cpbdur:2 q:30.75 aq:28.18 tex:260 mv:251 misc:385 imb:8 pmb:23 smb:4379 d:- ref:0 ;
in:392 out:391 type:P dur:2 cpbdur:2 q:30.40 aq:23.09 tex:882 mv:552 misc:630 imb:18 pmb:74 smb:4318 d:t ref:0 ;
in:391 out:392 type:b dur:2 cpbdur:2 q:30.55 aq:31.96 tex:163 mv:71 misc:294 imb:1 pmb:11 smb:4398 d:t ref:0 ;
in:393 out:393 type:I dur:2 cpbdur:2 q:28.65 aq:18.77 tex:388305 mv:71858 misc:533 imb:4410 pmb:0 smb:0 d:t ref:;
in:397 out:394 type:P dur:2 cpbdur:2 q:34.03 aq:26.49 tex:1703 mv:833 misc:696 imb:17 pmb:99 smb:4294 d:t ref:0 ;
in:395 out:395 type:B dur:2 cpbdur:2 q:34.03 aq:29.71 tex:69 mv:167 misc:380 imb:1 pmb:19 smb:4390 d:t ref:0 ;
in:394 out:396 type:b dur:2 cpbdur:2 q:34.03 aq:34.01 tex:68 mv:97 misc:339 imb:0 pmb:15 smb:4395 d:s ref:0 ;
in:396 out:397 type:b dur:2 cpbdur:2 q:34.03 aq:19.00 tex:7 mv:69 misc:300 imb:0 pmb:9 smb:4401 d:- ref:0 ;
in:399 out:398 type:P dur:2 cpbdur:2 q:33.73 aq:26.98 tex:849 mv:269 misc:482 imb:12 pmb:36 smb:4362 d:t ref:0 ;
in:398 out:399 type:b dur:2 cpbdur:2 q:33.88 aq:19.00 tex:10 mv:45 misc:289 imb:0 pmb:10 smb:4400 d:t ref:0 ;
in:401 out:400 type:P dur:2 cpbdur:2 q:33.61 aq:25.74 tex:229549 mv:17861 misc:1214 imb:3298 pmb:316 smb:796 d:t ref:0 ;
in:400 out:401 type:b dur:2 cpbdur:2 q:33.67 aq:22.56 tex:1348 mv:5613 misc:1551 imb:193 pmb:3113 smb:1104 d:s ref:0 ;
in:404 out:402 type:P dur:2 cpbdur:2 q:34.15 aq:25.82 tex:184519 mv:16498 misc:1263 imb:3340 pmb:264 smb:806 d:t ref:0 ;
in:402 out:403 type:B dur:2 cpbdur:2 q:33.79 aq:22.57 tex:1961 mv:7260 misc:1835 imb:261 pmb:2851 smb:1298 d:s ref:0 ;
in:403 out:404 type:b dur:2 cpbdur:2 q:33.97 aq:21.69 tex:321 mv:398 misc:473 imb:9 pmb:68 smb:4333 d:- ref:0 ;
in:405 out:405 type:P dur:2 cpbdur:2 q:34.76 aq:27.24 tex:1049 mv:538 misc:653 imb:29 pmb:43 smb:4338 d:t ref:0 ;
in:406 out:406 type:P dur:2 cpbdur:2 q:34.70 aq:24.45 tex:153899 mv:14058 misc:1243 imb:2971 pmb:284 smb:1155 d:t ref:0 ;
in:409 out:407 type:P dur:2 cpbdur:2 q:34.97 aq:24.01 tex:145714 mv:12236 misc:1402 imb:2641 pmb:238 smb:1531 d:t ref:0 ;
in:407 out:408 type:B dur:2 cpbdur:2 q:34.79 aq:22.10 tex:992 mv:7277 misc:1515 imb:238 pmb:2342 smb:1830 d:s ref:0 ;
in:408 out:409 type:b dur:2 cpbdur:2 q:34.88 aq:30.23 tex:1066 mv:728 misc:846 imb:40 pmb:155 smb:4215 d:- ref:0 ;
in:411 out:410 type:P dur:2 cpbdur:2 q:35.09 aq:24.47 tex:23421 mv:5155 misc:2232 imb:517 pmb:468 smb:3425 d:t ref:0 ;
in:410 out:411 type:b dur:2 cpbdur:2 q:35.03 aq:24.22 tex:1166 mv:5625 misc:1713 imb:173 pmb:1960 smb:2277 d:s ref:0 ;
in:412 out:412 type:P dur:2 cpbdur:2 q:35.19 aq:23.90 tex:2346 mv:763 misc:795 imb:33 pmb:77 smb:4300 d:t ref:0 ;
in:414 out:413 type:P dur:2 cpbdur:2 q:35.15 aq:25.43 tex:21976 mv:5440 misc:2264 imb:700 pmb:376 smb:3334 d:t ref:0 ;
in:413 out:414 type:b dur:2 cpbdur:2 q:35.17 aq:22.88 tex:1285 mv:10936 misc:1507 imb:437 pmb:1715 smb:2258 d:s ref:0 ;
in:415 out:415 type:P dur:2 cpbdur:2 q:35.22 aq:24.97 tex:6768 mv:3832 misc:1920 imb:454 pmb:270 smb:3686 d:t ref:0 ;
in:416 out:416 type:P dur:2 cpbdur:2 q:36.36 aq:24.00 tex:17004 mv:4481 misc:2179 imb:476 pmb:353 smb:3581 d:s ref:0 ;
in:417 out:417 type:P dur:2 cpbdur:2 q:36.50 aq:24.50 tex:7049 mv:3999 misc:2088 imb:530 pmb:330 smb:3550 d:s ref:0 ;
in:418 out:418 type:P dur:2 cpbdur:2 q:37.54 aq:27.71 tex:15156 mv:4122 misc:1962 imb:549 pmb:318 smb:3543 d:s ref:0 ;
in:419 out:419 type:P dur:2 cpbdur:2 q:37.64 aq:29.67 tex:19530 mv:4653 misc:2137 imb:326 pmb:475 smb:3609 d:s ref:0 ;
in:420 out:420 type:P dur:2 cpbdur:2 q:37.68 aq:25.40 tex:10528 mv:3725 misc:2155 imb:351 pmb:349 smb:3710 d:s ref:0 ;
in:421 out:421 type:P dur:2 cpbdur:2 q:37.84 aq:26.94 tex:13942 mv:5356 misc:2382 imb:479 pmb:455 smb:3476 d:s ref:0 ;
in:422 out:422 type:P dur:2 cpbdur:2 q:38.57 aq:26.03 tex:12189 mv:5492 misc:2423 imb:446 pmb:499 smb:3465 d:s ref:0 ;
in:423 out:423 type:P dur:2 cpbdur:2 q:39.35 aq:29.81 tex:8833 mv:4800 misc:2367 imb:501 pmb:421 smb:3488 d:s ref:0 ;
in:425 out:424 type:P dur:2 cpbdur:2 q:39.43 aq:27.24 tex:9587 mv:4340 misc:2305 imb:313 pmb:403 smb:3694 d:s ref:0 ;
in:424 out:425 type:b dur:2 cpbdur:2 q:39.39 aq:30.95 tex:451 mv:3006 misc:1343 imb:133 pmb:325 smb:3952 d:s ref:0 ;
in:427 out:426 type:P dur:2 cpbdur:2 q:39.54 aq:27.20 tex:12179 mv:5776 misc:2509 imb:594 pmb:427 smb:3389 d:s ref:0 ;
in:426 out:427 type:b dur:2 cpbdur:2 q:39.49 aq:30.52 tex:605 mv:3431 misc:1468 imb:123 pmb:408 smb:3879 d:s ref:0 ;
in:430 out:428 type:P dur:2 cpbdur:2 q:39.53 aq:26.55 tex:9422 mv:5297 misc:2521 imb:508 pmb:457 smb:3445 d:s ref:0 ;
in:428 out:429 type:B dur:2 cpbdur:2 q:39.54 aq:25.80 tex:443 mv:3165 misc:1520 imb:96 pmb:481 smb:3833 d:s ref:0 ;
in:429 out:430 type:b dur:2 cpbdur:2 q:39.53 aq:27.38 tex:524 mv:3846 misc:1662 imb:164 pmb:425 smb:3821 d:- ref:0 ;
in:432 out:431 type:P dur:2 cpbdur:2 q:39.56 aq:25.89 tex:5963 mv:4452 misc:2401 imb:430 pmb:446 smb:3534 d:s ref:0 ;
in:431 out:432 type:b dur:2 cpbdur:2 q:39.55 aq:37.71 tex:78 mv:279 misc:803 imb:5 pmb:213 smb:4192 d:s ref:0 ;
in:433 out:433 type:P dur:2 cpbdur:2 q:39.23 aq:25.21 tex:10880 mv:4741 misc:2595 imb:440 pmb:475 smb:3495 d:s ref:0 ;
in:437 out:434 type:P dur:2 cpbdur:2 q:39.10 aq:27.44 tex:13338 mv:5710 misc:2704 imb:540 pmb:500 smb:3370 d:s ref:0 ;
in:435 out:435 type:B dur:2 cpbdur:2 q:39.17 aq:24.30 tex:532 mv:3873 misc:1915 imb:203 pmb:521 smb:3686 d:t ref:0 ;
in:434 out:436 type:b dur:2 cpbdur:2 q:39.20 aq:30.81 tex:236 mv:3626 misc:1722 imb:59 pmb:524 smb:3827 d:s ref:0 ;
in:436 out:437 type:b dur:2 cpbdur:2 q:39.13 aq:25.74 tex:202 mv:2442 misc:1532 imb:41 pmb:434 smb:3935 d:- ref:0 ;
in:441 out:438 type:P dur:2 cpbdur:2 q:38.82 aq:27.78 tex:13215 mv:6043 misc:2854 imb:385 pmb:699 smb:3326 d:s ref:0 ;
in:439 out:439 type:B dur:2 cpbdur:2 q:38.96 aq:28.07 tex:590 mv:4099 misc:1743 imb:95 pmb:522 smb:3793 d:s ref:0 ;
in:438 out:440 type:b dur:2 cpbdur:2 q:39.03 aq:31.30 tex:422 mv:2766 misc:1572 imb:35 pmb:446 smb:3929 d:t ref:0 ;
in:440 out:441 type:b dur:2 cpbdur:2 q:38.89 aq:30.49 tex:373 mv:1653 misc:998 imb:68 pmb:172 smb:4170 d:- ref:0 ;
in:444 out:442 type:P dur:2 cpbdur:2 q:38.62 aq:26.80 tex:19259 mv:6832 misc:2933 imb:534 pmb:843 smb:3033 d:s ref:0 ;
in:442 out:443 type:B dur:2 cpbdur:2 q:38.75 aq:36.17 tex:114 mv:833 misc:845 imb:12 pmb:142 smb:4256 d:t ref:0 ;
in:443 out:444 type:b dur:2 cpbdur:2 q:38.69 aq:33.00 tex:60 mv:331 misc:561 imb:2 pmb:66 smb:4342 d:- ref:0 ;
in:448 out:445 type:P dur:2 cpbdur:2 q:38.73 aq:27.93 tex:23299 mv:7212 misc:3121 imb:641 pmb:863 smb:2906 d:s ref:0 ;
in:446 out:446 type:B dur:2 cpbdur:2 q:38.68 aq:33.51 tex:391 mv:3079 misc:1642 imb:70 pmb:462 smb:3878 d:s ref:0 ;
in:445 out:447 type:b dur:2 cpbdur:2 q:38.65 aq:24.00 tex:20 mv:110 misc:358 imb:2 pmb:17 smb:4391 d:s ref:0 ;
in:447 out:448 type:b dur:2 cpbdur:2 q:38.70 aq:24.00 tex:191 mv:2336 misc:1385 imb:31 pmb:331 smb:4048 d:- ref:0 ;
in:452 out:449 type:P dur:2 cpbdur:2 q:39.01 aq:29.32 tex:7114 mv:1204 misc:1426 imb:71 pmb:214 smb:4125 d:s ref:0 ;
in:450 out:450 type:B dur:2 cpbdur:2 q:38.87 aq:37.65 tex:310 mv:286 misc:444 imb:6 pmb:34 smb:4370 d:s ref:0 ;
in:449 out:451 type:b dur:2 cpbdur:2 q:38.80 aq:37.90 tex:171 mv:183 misc:374 imb:1 pmb:23 smb:4386 d:s ref:0 ;
in:451 out:452 type:b dur:2 cpbdur:2 q:38.94 aq:37.75 tex:86 mv:30 misc:292 imb:2 pmb:3 smb:4405 d:- ref:0 ;
in:456 out:453 type:P dur:2 cpbdur:2 q:38.97 aq:29.63 tex:5606 mv:889 misc:1097 imb:70 pmb:136 smb:4204 d:s ref:0 ;
in:454 out:454 type:B dur:2 cpbdur:2 q:38.99 aq:37.11 tex:433 mv:357 misc:450 imb:9 pmb:38 smb:4363 d:s ref:0 ;
in:453 out:455 type:b dur:2 cpbdur:2 q:39.00 aq:39.61 tex:128 mv:150 misc:354 imb:0 pmb:19 smb:4391 d:s ref:0 ;
in:455 out:456 type:b dur:2 cpbdur:2 q:38.98 aq:38.32 tex:220 mv:160 misc:364 imb:3 pmb:20 smb:4387 d:- ref:0 ;
in:460 out:457 type:P dur:2 cpbdur:2 q:38.84 aq:29.19 tex:3989 mv:815 misc:940 imb:63 pmb:101 smb:4246 d:s ref:0 ;
in:458 out:458 type:B dur:2 cpbdur:2 q:38.90 aq:39.12 tex:444 mv:424 misc:468 imb:12 pmb:44 smb:4354 d:s ref:0 ;
in:457 out:459 type:b dur:2 cpbdur:2 q:38.93 aq:37.73 tex:206 mv:249 misc:401 imb:8 pmb:24 smb:4378 d:s ref:0 ;
in:459 out:460 type:b dur:2 cpbdur:2 q:38.87 aq:35.32 tex:133 mv:254 misc:397 imb:5 pmb:26 smb:4379 d:- ref:0 ;
in:464 out:461 type:P dur:2 cpbdur:2 q:38.77 aq:29.22 tex:4193 mv:904 misc:927 imb:60 pmb:122 smb:4228 d:s ref:0 ;
in:462 out:462 type:B dur:2 cpbdur:2 q:38.81 aq:39.73 tex:531 mv:424 misc:485 imb:9 pmb:57 smb:4344 d:t ref:0 ;
in:461 out:463 type:b dur:2 cpbdur:2 q:38.82 aq:24.00 tex:16 mv:172 misc:372 imb:2 pmb:23 smb:4385 d:s ref:0 ;
in:463 out:464 type:b dur:2 cpbdur:2 q:38.79 aq:33.53 tex:48 mv:89 misc:319 imb:1 pmb:12 smb:4397 d:- ref:0 ;
in:468 out:465 type:P dur:2 cpbdur:2 q:38.43 aq:29.53 tex:6646 mv:903 misc:1235 imb:59 pmb:176 smb:4175 d:s ref:0 ;
in:466 out:466 type:B dur:2 cpbdur:2 q:38.60 aq:36.11 tex:364 mv:319 misc:437 imb:6 pmb:37 smb:4367 d:t ref:0 ;
in:465 out:467 type:b dur:2 cpbdur:2 q:38.69 aq:38.55 tex:140 mv:148 misc:360 imb:1 pmb:17 smb:4392 d:s ref:0 ;
in:467 out:468 type:b dur:2 cpbdur:2 q:38.51 aq:24.00 tex:4 mv:18 misc:266 imb:1 pmb:2 smb:4407 d:- ref:0 ;
in:472 out:469 type:P dur:2 cpbdur:2 q:38.41 aq:29.32 tex:4046 mv:751 misc:851 imb:53 pmb:103 smb:4254 d:s ref:0 ;
in:470 out:470 type:B dur:2 cpbdur:2 q:38.42 aq:37.12 tex:298 mv:333 misc:425 imb:12 pmb:32 smb:4366 d:t ref:0 ;
in:469 out:471 type:b dur:2 cpbdur:2 q:38.42 aq:35.38 tex:114 mv:65 misc:317 imb:1 pmb:11 smb:4398 d:s ref:0 ;
in:471 out:472 type:b dur:2 cpbdur:2 q:38.42 aq:23.00 tex:5 mv:73 misc:322 imb:0 pmb:11 smb:4399 d:- ref:0 ;
in:476 out:473 type:P dur:2 cpbdur:2 q:38.26 aq:28.87 tex:4665 mv:852 misc:1059 imb:57 pmb:123 smb:4230 d:s ref:0 ;
in:474 out:474 type:B dur:2 cpbdur:2 q:38.34 aq:37.94 tex:274 mv:349 misc:449 imb:8 pmb:36 smb:4366 d:t ref:0 ;
in:473 out:475 type:b dur:2 cpbdur:2 q:38.37 aq:36.10 tex:48 mv:60 misc:300 imb:1 pmb:6 smb:4403 d:s ref:0 ;
in:475 out:476 type:b dur:2 cpbdur:2 q:38.30 aq:23.00 tex:11 mv:92 misc:305 imb:1 pmb:8 smb:4401 d:- ref:0 ;
in:480 out:477 type:P dur:2 cpbdur:2 q:38.10 aq:30.19 tex:5428 mv:889 misc:1003 imb:66 pmb:134 smb:4210 d:s ref:0 ;
in:478 out:478 type:B dur:2 cpbdur:2 q:38.18 aq:35.07 tex:333 mv:419 misc:464 imb:12 pmb:45 smb:4353 d:t ref:0 ;
in:477 out:479 type:b dur:2 cpbdur:2 q:38.22 aq:36.88 tex:150 mv:215 misc:379 imb:2 pmb:27 smb:4381 d:s ref:0 ;
in:479 out:480 type:b dur:2 cpbdur:2 q:38.14 aq:29.65 tex:59 mv:63 misc:326 imb:2 pmb:9 smb:4399 d:- ref:0 ;
in:484 out:481 type:P dur:2 cpbdur:2 q:37.97 aq:30.14 tex:4713 mv:766 misc:921 imb:63 pmb:104 smb:4243 d:s ref:0 ;
in:482 out:482 type:B dur:2 cpbdur:2 q:38.04 aq:37.13 tex:362 mv:410 misc:468 imb:13 pmb:39 smb:4358 d:t ref:0 ;
in:481 out:483 type:b dur:2 cpbdur:2 q:38.07 aq:23.00 tex:14 mv:154 misc:336 imb:5 pmb:10 smb:4395 d:s ref:0 ;
in:483 out:484 type:b dur:2 cpbdur:2 q:38.00 aq:36.87 tex:104 mv:75 misc:309 imb:2 pmb:8 smb:4400 d:- ref:0 ;
in:488 out:485 type:P dur:2 cpbdur:2 q:37.64 aq:26.91 tex:7756 mv:1104 misc:1396 imb:94 pmb:202 smb:4114 d:s ref:0 ;
in:486 out:486 type:B dur:2 cpbdur:2 q:37.80 aq:36.93 tex:391 mv:490 misc:511 imb:9 pmb:52 smb:4349 d:t ref:0 ;
in:485 out:487 type:b dur:2 cpbdur:2 q:37.89 aq:32.79 tex:65 mv:191 misc:360 imb:5 pmb:17 smb:4388 d:s ref:0 ;
in:487 out:488 type:b dur:2 cpbdur:2 q:37.72 aq:34.25 tex:83 mv:167 misc:350 imb:3 pmb:16 smb:4391 d:- ref:0 ;
in:492 out:489 type:P dur:2 cpbdur:2 q:37.66 aq:31.08 tex:2999 mv:767 misc:826 imb:51 pmb:94 smb:4265 d:s ref:0 ;
in:490 out:490 type:B dur:2 cpbdur:2 q:37.65 aq:34.73 tex:290 mv:370 misc:444 imb:10 pmb:36 smb:4364 d:t ref:0 ;
in:489 out:491 type:b dur:2 cpbdur:2 q:37.64 aq:32.20 tex:106 mv:52 misc:298 imb:2 pmb:5 smb:4403 d:s ref:0 ;
in:491 out:492 type:b dur:2 cpbdur:2 q:37.65 aq:32.94 tex:69 mv:124 misc:343 imb:2 pmb:13 smb:4395 d:- ref:0 ;
in:496 out:493 type:P dur:2 cpbdur:2 q:37.52 aq:30.56 tex:5151 mv:819 misc:958 imb:68 pmb:113 smb:4229 d:s ref:0 ;
in:494 out:494 type:B dur:2 cpbdur:2 q:37.59 aq:36.48 tex:344 mv:472 misc:528 imb:12 pmb:53 smb:4345 d:t ref:0 ;
in:493 out:495 type:b dur:2 cpbdur:2 q:37.62 aq:33.22 tex:101 mv:191 misc:356 imb:3 pmb:18 smb:4389 d:s ref:0 ;
in:495 out:496 type:b dur:2 cpbdur:2 q:37.56 aq:31.78 tex:108 mv:40 misc:276 imb:1 pmb:4 smb:4405 d:- ref:0 ;
in:500 out:497 type:P dur:2 cpbdur:2 q:37.36 aq:30.28 tex:6503 mv:1022 misc:1067 imb:79 pmb:139 smb:4192 d:s ref:0 ;
in:498 out:498 type:B dur:2 cpbdur:2 q:37.44 aq:32.86 tex:522 mv:584 misc:542 imb:14 pmb:64 smb:4332 d:t ref:0 ;
in:497 out:499 type:b dur:2 cpbdur:2 q:37.48 aq:36.19 tex:119 mv:199 misc:410 imb:4 pmb:26 smb:4380 d:s ref:0 ;
in:499 out:500 type:b dur:2 cpbdur:2 q:37.40 aq:36.41 tex:215 mv:292 misc:437 imb:4 pmb:36 smb:4370 d:- ref:0 ;
in:504 out:501 type:P dur:2 cpbdur:2 q:37.24 aq:29.65 tex:8610 mv:1237 misc:1249 imb:84 pmb:199 smb:4127 d:s ref:0 ;
in:502 out:502 type:B dur:2 cpbdur:2 q:37.30 aq:37.69 tex:569 mv:525 misc:522 imb:15 pmb:61 smb:4334 d:t ref:0 ;
in:501 out:503 type:b dur:2 cpbdur:2 q:37.33 aq:35.19 tex:216 mv:326 misc:410 imb:8 pmb:30 smb:4372 d:s ref:0 ;
in:503 out:504 type:b dur:2 cpbdur:2 q:37.27 aq:35.99 tex:263 mv:284 misc:421 imb:6 pmb:30 smb:4374 d:- ref:0 ;
in:508 out:505 type:P dur:2 cpbdur:2 q:36.89 aq:26.99 tex:10554 mv:1688 misc:1742 imb:443 pmb:286 smb:3681 d:s ref:0 ;
in:506 out:506 type:B dur:2 cpbdur:2 q:37.07 aq:28.30 tex:105 mv:318 misc:617 imb:5 pmb:102 smb:4303 d:s ref:0 ;
in:505 out:507 type:b dur:2 cpbdur:2 q:37.15 aq:33.55 tex:113 mv:116 misc:347 imb:1 pmb:19 smb:4390 d:s ref:0 ;
in:507 out:508 type:b dur:2 cpbdur:2 q:36.98 aq:24.60 tex:113 mv:98 misc:437 imb:0 pmb:81 smb:4329 d:- ref:0 ;
in:509 out:509 type:P dur:2 cpbdur:2 q:36.94 aq:24.27 tex:4713 mv:766 misc:1121 imb:54 pmb:164 smb:4192 d:s ref:0 ;
in:511 out:510 type:P dur:2 cpbdur:2 q:36.91 aq:24.09 tex:20722 mv:1600 misc:926 imb:251 pmb:97 smb:4062 d:s ref:0 ;
in:510 out:511 type:b dur:2 cpbdur:2 q:36.93 aq:24.02 tex:521 mv:219 misc:412 imb:0 pmb:98 smb:4312 d:s ref:0 ;
in:512 out:512 type:P dur:2 cpbdur:2 q:36.89 aq:21.78 tex:16388 mv:1722 misc:1154 imb:227 pmb:134 smb:4049 d:s ref:0 ;
in:516 out:513 type:P dur:2 cpbdur:2 q:36.91 aq:24.11 tex:18080 mv:1783 misc:961 imb:161 pmb:134 smb:4115 d:s ref:0 ;
in:514 out:514 type:B dur:2 cpbdur:2 q:36.90 aq:33.24 tex:389 mv:506 misc:561 imb:9 pmb:93 smb:4308 d:s ref:0 ;
in:513 out:515 type:b dur:2 cpbdur:2 q:36.89 aq:22.08 tex:31 mv:152 misc:393 imb:3 pmb:55 smb:4352 d:s ref:0 ;
in:515 out:516 type:b dur:2 cpbdur:2 q:36.91 aq:35.33 tex:100 mv:154 misc:354 imb:4 pmb:15 smb:4391 d:- ref:0 ;
in:520 out:517 type:P dur:2 cpbdur:2 q:36.84 aq:25.40 tex:6116 mv:905 misc:1027 imb:65 pmb:125 smb:4220 d:s ref:0 ;
in:518 out:518 type:B dur:2 cpbdur:2 q:36.88 aq:34.55 tex:414 mv:468 misc:486 imb:6 pmb:56 smb:4348 d:t ref:0 ;
in:517 out:519 type:b dur:2 cpbdur:2 q:36.89 aq:31.65 tex:69 mv:107 misc:328 imb:1 pmb:11 smb:4398 d:s ref:0 ;
in:519 out:520 type:b dur:2 cpbdur:2 q:36.86 aq:34.60 tex:179 mv:233 misc:388 imb:2 pmb:29 smb:4379 d:- ref:0 ;
in:524 out:521 type:P dur:2 cpbdur:2 q:36.75 aq:24.36 tex:5195 mv:951 misc:950 imb:64 pmb:114 smb:4232 d:s ref:0 ;
in:522 out:522 type:B dur:2 cpbdur:2 q:36.80 aq:34.28 tex:503 mv:458 misc:503 imb:3 pmb:61 smb:4346 d:t ref:0 ;
in:521 out:523 type:b dur:2 cpbdur:2 q:36.82 aq:35.89 tex:49 mv:123 misc:324 imb:1 pmb:13 smb:4396 d:s ref:0 ;
in:523 out:524 type:b dur:2 cpbdur:2 q:36.78 aq:38.32 tex:108 mv:177 misc:379 imb:2 pmb:21 smb:4387 d:- ref:0 ;
in:528 out:525 type:P dur:2 cpbdur:2 q:36.41 aq:26.78 tex:9000 mv:1526 misc:1690 imb:143 pmb:240 smb:4027 d:s ref:0 ;
in:526 out:526 type:B dur:2 cpbdur:2 q:36.58 aq:36.46 tex:329 mv:457 misc:470 imb:9 pmb:48 smb:4353 d:t ref:0 ;
in:525 out:527 type:b dur:2 cpbdur:2 q:36.67 aq:22.00 tex:19 mv:165 misc:344 imb:4 pmb:15 smb:4391 d:s ref:0 ;
in:527 out:528 type:b dur:2 cpbdur:2 q:36.49 aq:33.39 tex:177 mv:262 misc:385 imb:6 pmb:24 smb:4380 d:- ref:0 ;
in:532 out:529 type:P dur:2 cpbdur:2 q:36.65 aq:22.63 tex:4105 mv:968 misc:839 imb:76 pmb:85 smb:4249 d:s ref:0 ;
in:530 out:530 type:B dur:2 cpbdur:2 q:36.53 aq:37.61 tex:542 mv:628 misc:510 imb:17 pmb:57 smb:4336 d:t ref:0 ;
in:529 out:531 type:b dur:2 cpbdur:2 q:36.47 aq:33.27 tex:141 mv:210 misc:345 imb:4 pmb:18 smb:4388 d:s ref:0 ;
in:531 out:532 type:b dur:2 cpbdur:2 q:36.59 aq:37.41 tex:196 mv:398 misc:438 imb:12 pmb:34 smb:4364 d:- ref:0 ;
in:536 out:533 type:P dur:2 cpbdur:2 q:36.49 aq:26.48 tex:5524 mv:860 misc:912 imb:58 pmb:123 smb:4229 d:s ref:0 ;
in:534 out:534 type:B dur:2 cpbdur:2 q:36.57 aq:35.49 tex:779 mv:557 misc:520 imb:17 pmb:57 smb:4336 d:t ref:0 ;
in:533 out:535 type:b dur:2 cpbdur:2 q:36.61 aq:37.25 tex:228 mv:285 misc:383 imb:8 pmb:25 smb:4377 d:s ref:0 ;
in:535 out:536 type:b dur:2 cpbdur:2 q:36.53 aq:32.69 tex:62 mv:89 misc:321 imb:2 pmb:12 smb:4396 d:- ref:0 ;
in:540 out:537 type:P dur:2 cpbdur:2 q:36.33 aq:26.55 tex:5171 mv:866 misc:1011 imb:55 pmb:133 smb:4222 d:s ref:0 ;
in:538 out:538 type:B dur:2 cpbdur:2 q:36.41 aq:35.31 tex:646 mv:455 misc:499 imb:10 pmb:54 smb:4346 d:t ref:0 ;
in:537 out:539 type:b dur:2 cpbdur:2 q:36.45 aq:33.84 tex:103 mv:85 misc:340 imb:1 pmb:14 smb:4395 d:s ref:0 ;
in:539 out:540 type:b dur:2 cpbdur:2 q:36.37 aq:31.71 tex:59 mv:74 misc:315 imb:0 pmb:10 smb:4400 d:- ref:0 ;
in:544 out:541 type:P dur:2 cpbdur:2 q:36.21 aq:27.63 tex:5672 mv:917 misc:995 imb:72 pmb:128 smb:4210 d:s ref:0 ;
in:542 out:542 type:B dur:2 cpbdur:2 q:36.27 aq:36.23 tex:709 mv:563 misc:496 imb:12 pmb:57 smb:4341 d:t ref:0 ;
in:541 out:543 type:b dur:2 cpbdur:2 q:36.30 aq:34.98 tex:122 mv:189 misc:353 imb:4 pmb:17 smb:4389 d:s ref:0 ;
in:543 out:544 type:b dur:2 cpbdur:2 q:36.24 aq:34.54 tex:213 mv:339 misc:408 imb:6 pmb:34 smb:4370 d:- ref:0 ;
in:548 out:545 type:P dur:2 cpbdur:2 q:35.82 aq:24.66 tex:9098 mv:1325 misc:1377 imb:70 pmb:230 smb:4110 d:s ref:0 ;
in:546 out:546 type:B dur:2 cpbdur:2 q:36.02 aq:31.89 tex:556 mv:682 misc:514 imb:10 pmb:62 smb:4338 d:t ref:0 ;
in:545 out:547 type:b dur:2 cpbdur:2 q:36.11 aq:32.55 tex:61 mv:112 misc:347 imb:1 pmb:18 smb:4391 d:s ref:0 ;
in:547 out:548 type:b dur:2 cpbdur:2 q:35.92 aq:34.78 tex:95 mv:226 misc:375 imb:1 pmb:25 smb:4384 d:- ref:0 ;
in:552 out:549 type:P dur:2 cpbdur:2 q:35.91 aq:29.17 tex:6069 mv:1007 misc:1036 imb:58 pmb:149 smb:4203 d:s ref:0 ;
in:550 out:550 type:B dur:2 cpbdur:2 q:35.86 aq:33.10 tex:571 mv:597 misc:496 imb:8 pmb:61 smb:4341 d:t ref:0 ;
in:549 out:551 type:b dur:2 cpbdur:2 q:35.84 aq:31.05 tex:130 mv:68 misc:314 imb:1 pmb:11 smb:4398 d:s ref:0 ;
in:551 out:552 type:b dur:2 cpbdur:2 q:35.89 aq:35.61 tex:192 mv:271 misc:401 imb:6 pmb:29 smb:4375 d:- ref:0 ;
in:556 out:553 type:P dur:2 cpbdur:2 q:35.78 aq:31.44 tex:4350 mv:861 misc:861 imb:53 pmb:121 smb:4236 d:s ref:0 ;
in:554 out:554 type:B dur:2 cpbdur:2 q:35.84 aq:32.40 tex:680 mv:556 misc:516 imb:6 pmb:60 smb:4344 d:t ref:0 ;
in:553 out:555 type:b dur:2 cpbdur:2 q:35.87 aq:21.00 tex:17 mv:238 misc:369 imb:4 pmb:26 smb:4380 d:s ref:0 ;
in:555 out:556 type:b dur:2 cpbdur:2 q:35.81 aq:34.49 tex:154 mv:135 misc:351 imb:3 pmb:15 smb:4392 d:- ref:0 ;
in:560 out:557 type:P dur:2 cpbdur:2 q:35.62 aq:30.17 tex:4714 mv:772 misc:842 imb:53 pmb:100 smb:4257 d:s ref:0 ;
in:558 out:558 type:B dur:2 cpbdur:2 q:35.70 aq:35.01 tex:650 mv:474 misc:524 imb:3 pmb:62 smb:4345 d:t ref:0 ;
in:557 out:559 type:b dur:2 cpbdur:2 q:35.74 aq:37.75 tex:191 mv:275 misc:414 imb:2 pmb:37 smb:4371 d:s ref:0 ;
in:559 out:560 type:b dur:2 cpbdur:2 q:35.66 aq:29.02 tex:107 mv:125 misc:352 imb:1 pmb:16 smb:4393 d:- ref:0 ;
in:564 out:561 type:P dur:2 cpbdur:2 q:35.51 aq:26.03 tex:4081 mv:988 misc:787 imb:101 pmb:82 smb:4227 d:s ref:0 ;
in:562 out:562 type:B dur:2 cpbdur:2 q:35.56 aq:34.81 tex:579 mv:504 misc:445 imb:11 pmb:49 smb:4350 d:t ref:0 ;
in:561 out:563 type:b dur:2 cpbdur:2 q:35.59 aq:33.84 tex:169 mv:253 misc:370 imb:4 pmb:23 smb:4383 d:s ref:0 ;
in:563 out:564 type:b dur:2 cpbdur:2 q:35.54 aq:34.38 tex:212 mv:316 misc:392 imb:3 pmb:33 smb:4374 d:- ref:0 ;
in:568 out:565 type:P dur:2 cpbdur:2 q:35.11 aq:26.42 tex:4069 mv:878 misc:725 imb:66 pmb:69 smb:4275 d:s ref:0 ;
in:566 out:566 type:B dur:2 cpbdur:2 q:35.31 aq:34.13 tex:845 mv:544 misc:507 imb:15 pmb:59 smb:4336 d:s ref:0 ;
in:565 out:567 type:b dur:2 cpbdur:2 q:35.41 aq:31.04 tex:106 mv:139 misc:355 imb:5 pmb:16 smb:4389 d:s ref:0 ;
in:567 out:568 type:b dur:2 cpbdur:2 q:35.21 aq:32.88 tex:217 mv:351 misc:408 imb:8 pmb:35 smb:4367 d:- ref:0 ;
in:572 out:569 type:P dur:2 cpbdur:2 q:35.22 aq:26.37 tex:2738 mv:856 misc:702 imb:75 pmb:56 smb:4279 d:s ref:0 ;
in:570 out:570 type:B dur:2 cpbdur:2 q:35.17 aq:29.49 tex:137 mv:407 misc:448 imb:9 pmb:45 smb:4356 d:s ref:0 ;
in:569 out:571 type:b dur:2 cpbdur:2 q:35.14 aq:21.36 tex:111 mv:244 misc:397 imb:9 pmb:28 smb:4373 d:s ref:0 ;
in:571 out:572 type:b dur:2 cpbdur:2 q:35.19 aq:20.00 tex:6 mv:70 misc:308 imb:0 pmb:13 smb:4397 d:- ref:0 ;
in:576 out:573 type:P dur:2 cpbdur:2 q:35.08 aq:25.92 tex:3392 mv:769 misc:679 imb:63 pmb:67 smb:4280 d:s ref:0 ;
in:574 out:574 type:B dur:2 cpbdur:2 q:35.15 aq:31.68 tex:554 mv:632 misc:526 imb:13 pmb:64 smb:4333 d:t ref:0 ;
in:573 out:575 type:b dur:2 cpbdur:2 q:35.19 aq:31.18 tex:167 mv:371 misc:414 imb:10 pmb:33 smb:4367 d:s ref:0 ;
in:575 out:576 type:b dur:2 cpbdur:2 q:35.11 aq:29.70 tex:228 mv:374 misc:438 imb:8 pmb:40 smb:4362 d:- ref:0 ;
in:580 out:577 type:P dur:2 cpbdur:2 q:34.90 aq:25.62 tex:3154 mv:895 misc:687 imb:67 pmb:69 smb:4274 d:s ref:0 ;
in:578 out:578 type:B dur:2 cpbdur:2 q:34.99 aq:28.95 tex:645 mv:531 misc:520 imb:9 pmb:59 smb:4342 d:t ref:0 ;
in:577 out:579 type:b dur:2 cpbdur:2 q:35.03 aq:30.20 tex:232 mv:202 misc:398 imb:1 pmb:24 smb:4385 d:s ref:0 ;
in:579 out:580 type:b dur:2 cpbdur:2 q:34.95 aq:36.07 tex:282 mv:339 misc:427 imb:4 pmb:40 smb:4366 d:- ref:0 ;
in:584 out:581 type:P dur:2 cpbdur:2 q:34.75 aq:24.60 tex:2676 mv:802 misc:650 imb:59 pmb:53 smb:4298 d:s ref:0 ;
in:582 out:582 type:B dur:2 cpbdur:2 q:34.83 aq:34.23 tex:925 mv:725 misc:550 imb:14 pmb:75 smb:4321 d:s ref:0 ;
in:581 out:583 type:b dur:2 cpbdur:2 q:34.87 aq:30.88 tex:109 mv:274 misc:385 imb:5 pmb:29 smb:4376 d:s ref:0 ;
in:583 out:584 type:b dur:2 cpbdur:2 q:34.79 aq:35.22 tex:111 mv:412 misc:429 imb:7 pmb:39 smb:4364 d:- ref:0 ;
in:587 out:585 type:P dur:2 cpbdur:2 q:34.27 aq:26.25 tex:2204 mv:784 misc:660 imb:40 pmb:64 smb:4306 d:s ref:0 ;
in:585 out:586 type:B dur:2 cpbdur:2 q:34.59 aq:34.30 tex:671 mv:620 misc:509 imb:10 pmb:60 smb:4340 d:t ref:0 ;
in:586 out:587 type:b dur:2 cpbdur:2 q:34.43 aq:31.17 tex:139 mv:265 misc:428 imb:3 pmb:41 smb:4366 d:- ref:0 ;
in:588 out:588 type:I dur:2 cpbdur:2 q:32.35 aq:23.46 tex:170301 mv:39201 misc:530 imb:4410 pmb:0 smb:0 d:s ref:;
in:589 out:589 type:P dur:2 cpbdur:2 q:34.97 aq:25.54 tex:482 mv:135 misc:375 imb:9 pmb:8 smb:4393 d:s ref:0 ;
in:592 out:590 type:P dur:2 cpbdur:2 q:34.93 aq:27.08 tex:127863 mv:12553 misc:1336 imb:3251 pmb:200 smb:959 d:s ref:0 ;
in:590 out:591 type:B dur:2 cpbdur:2 q:34.96 aq:33.33 tex:4365 mv:918 misc:1277 imb:27 pmb:246 smb:4137 d:s ref:0 ;
in:591 out:592 type:b dur:2 cpbdur:2 q:34.94 aq:23.85 tex:215 mv:163 misc:374 imb:4 pmb:20 smb:4386 d:- ref:0 ;
in:593 out:593 type:P dur:2 cpbdur:2 q:35.20 aq:26.42 tex:113897 mv:11768 misc:1383 imb:3019 pmb:250 smb:1141 d:s ref:0 ;
in:594 out:594 type:P dur:2 cpbdur:2 q:35.35 aq:22.13 tex:169639 mv:11081 misc:1448 imb:2948 pmb:184 smb:1278 d:s ref:0 ;
in:595 out:595 type:P dur:2 cpbdur:2 q:35.61 aq:25.52 tex:8607 mv:4369 misc:2056 imb:569 pmb:334 smb:3507 d:s ref:0 ;
in:597 out:596 type:P dur:2 cpbdur:2 q:35.59 aq:22.66 tex:7745 mv:3509 misc:2042 imb:394 pmb:254 smb:3762 d:s ref:0 ;
in:596 out:597 type:b dur:2 cpbdur:2 q:35.60 aq:25.78 tex:395 mv:3110 misc:1455 imb:105 pmb:411 smb:3894 d:t ref:0 ;
in:598 out:598 type:P dur:2 cpbdur:2 q:35.63 aq:23.08 tex:7407 mv:4816 misc:2353 imb:451 pmb:425 smb:3534 d:s ref:0 ;
in:599 out:599 type:P dur:2 cpbdur:2 q:35.66 aq:24.82 tex:14272 mv:4770 misc:2334 imb:473 pmb:503 smb:3434 d:s ref:0 ;
in:600 out:600 type:P dur:2 cpbdur:2 q:35.67 aq:23.77 tex:8449 mv:4260 misc:2251 imb:425 pmb:365 smb:3620 d:s ref:0 ;
in:602 out:601 type:P dur:2 cpbdur:2 q:35.66 aq:22.99 tex:12321 mv:4186 misc:2245 imb:414 pmb:353 smb:3643 d:s ref:0 ;
in:601 out:602 type:b dur:2 cpbdur:2 q:35.66 aq:24.93 tex:586 mv:5150 misc:1968 imb:211 pmb:536 smb:3663 d:t ref:0 ;
in:605 out:603 type:P dur:2 cpbdur:2 q:35.70 aq:22.16 tex:20232 mv:6040 misc:2448 imb:680 pmb:460 smb:3270 d:s ref:0 ;
in:603 out:604 type:B dur:2 cpbdur:2 q:35.67 aq:28.49 tex:376 mv:3374 misc:1506 imb:120 pmb:388 smb:3902 d:s ref:0 ;
in:604 out:605 type:b dur:2 cpbdur:2 q:35.69 aq:22.88 tex:204 mv:3304 misc:1540 imb:159 pmb:449 smb:3802 d:- ref:0 ;
in:607 out:606 type:P dur:2 cpbdur:2 q:36.41 aq:20.75 tex:8052 mv:3820 misc:2224 imb:397 pmb:349 smb:3664 d:s ref:0 ;
in:606 out:607 type:b dur:2 cpbdur:2 q:36.06 aq:25.30 tex:257 mv:3591 misc:1672 imb:180 pmb:393 smb:3837 d:t ref:0 ;
in:611 out:608 type:P dur:2 cpbdur:2 q:36.31 aq:23.45 tex:14261 mv:5486 misc:2357 imb:452 pmb:529 smb:3429 d:s ref:0 ;
in:609 out:609 type:B dur:2 cpbdur:2 q:36.36 aq:21.70 tex:578 mv:4878 misc:1768 imb:198 pmb:432 smb:3780 d:s ref:0 ;
in:608 out:610 type:b dur:2 cpbdur:2 q:36.39 aq:26.20 tex:209 mv:3782 misc:1593 imb:59 pmb:453 smb:3898 d:t ref:0 ;
in:610 out:611 type:b dur:2 cpbdur:2 q:36.34 aq:21.00 tex:142 mv:4328 misc:1722 imb:127 pmb:484 smb:3799 d:- ref:0 ;
in:613 out:612 type:P dur:2 cpbdur:2 q:37.47 aq:23.97 tex:7303 mv:4558 misc:2275 imb:451 pmb:426 smb:3533 d:s ref:0 ;
in:612 out:613 type:b dur:2 cpbdur:2 q:36.89 aq:28.14 tex:215 mv:3061 misc:1572 imb:21 pmb:535 smb:3854 d:t ref:0 ;
in:617 out:614 type:P dur:2 cpbdur:2 q:37.46 aq:25.13 tex:12906 mv:4639 misc:2311 imb:367 pmb:461 smb:3582 d:s ref:0 ;
in:615 out:615 type:B dur:2 cpbdur:2 q:37.47 aq:32.43 tex:304 mv:3481 misc:1671 imb:43 pmb:451 smb:3916 d:t ref:0 ;
in:614 out:616 type:b dur:2 cpbdur:2 q:37.47 aq:22.86 tex:146 mv:2070 misc:1448 imb:17 pmb:340 smb:4053 d:s ref:0 ;
in:616 out:617 type:b dur:2 cpbdur:2 q:37.47 aq:31.18 tex:211 mv:1529 misc:1356 imb:22 pmb:291 smb:4097 d:- ref:0 ;
in:621 out:618 type:P dur:2 cpbdur:2 q:37.63 aq:26.33 tex:11963 mv:5044 misc:2465 imb:377 pmb:535 smb:3498 d:s ref:0 ;
in:619 out:619 type:B dur:2 cpbdur:2 q:37.55 aq:24.26 tex:539 mv:3241 misc:1716 imb:39 pmb:479 smb:3892 d:t ref:0 ;
in:618 out:620 type:b dur:2 cpbdur:2 q:37.51 aq:40.13 tex:89 mv:146 misc:357 imb:0 pmb:17 smb:4393 d:s ref:0 ;
in:620 out:621 type:b dur:2 cpbdur:2 q:37.59 aq:23.22 tex:84 mv:132 misc:312 imb:0 pmb:16 smb:4394 d:- ref:0 ;
in:624 out:622 type:P dur:2 cpbdur:2 q:37.61 aq:27.55 tex:18475 mv:5590 misc:2607 imb:440 pmb:657 smb:3313 d:s ref:0 ;
in:622 out:623 type:B dur:2 cpbdur:2 q:37.62 aq:22.00 tex:40 mv:562 misc:798 imb:8 pmb:129 smb:4273 d:t ref:0 ;
in:623 out:624 type:b dur:2 cpbdur:2 q:37.62 aq:23.00 tex:84 mv:392 misc:1628 imb:9 pmb:475 smb:3926 d:- ref:0 ;
in:628 out:625 type:P dur:2 cpbdur:2 q:37.58 aq:27.47 tex:1981 mv:211 misc:680 imb:8 pmb:59 smb:4343 d:s ref:0 ;
in:626 out:626 type:B dur:2 cpbdur:2 q:37.59 aq:21.00 tex:0 mv:0 misc:264 imb:0 pmb:0 smb:4410 d:s ref:0 ;
in:625 out:627 type:b dur:2 cpbdur:2 q:37.60 aq:23.00 tex:0 mv:0 misc:248 imb:0 pmb:0 smb:4410 d:s ref:0 ;
in:627 out:628 type:b dur:2 cpbdur:2 q:37.58 aq:23.00 tex:0 mv:0 misc:248 imb:0 pmb:0 smb:4410 d:- ref:0 ;
in:632 out:629 type:P dur:2 cpbdur:2 q:37.44 aq:28.54 tex:1623 mv:218 misc:623 imb:13 pmb:42 smb:4355 d:s ref:0 ;
in:630 out:630 type:B dur:2 cpbdur:2 q:37.51 aq:21.00 tex:0 mv:0 misc:264 imb:0 pmb:0 smb:4410 d:s ref:0 ;
in:629 out:631 type:b dur:2 cpbdur:2 q:37.54 aq:23.00 tex:0 mv:0 misc:248 imb:0 pmb:0 smb:4410 d:s ref:0 ;
in:631 out:632 type:b dur:2 cpbdur:2 q:37.48 aq:22.00 tex:0 mv:0 misc:248 imb:0 pmb:0 smb:4410 d:- ref:0 ;
in:636 out:633 type:P dur:2 cpbdur:2 q:37.22 aq:26.64 tex:1039 mv:125 misc:508 imb:5 pmb:31 smb:4374 d:s ref:0 ;
in:634 out:634 type:B dur:2 cpbdur:2 q:37.33 aq:21.00 tex:0 mv:0 misc:264 imb:0 pmb:0 smb:4410 d:s ref:0 ;
in:633 out:635 type:b dur:2 cpbdur:2 q:37.39 aq:22.00 tex:0 mv:0 misc:248 imb:0 pmb:0 smb:4410 d:s ref:0 ;
in:635 out:636 type:b dur:2 cpbdur:2 q:37.28 aq:22.00 tex:0 mv:0 misc:248 imb:0 pmb:0 smb:4410 d:- ref:0 ;
in:640 out:637 type:P dur:2 cpbdur:2 q:37.08 aq:30.93 tex:1104 mv:72 misc:480 imb:1 pmb:30 smb:4379 d:s ref:0 ;
in:638 out:638 type:B dur:2 cpbdur:2 q:37.15 aq:21.00 tex:3 mv:11 misc:274 imb:1 pmb:0 smb:4409 d:s ref:0 ;
in:637 out:639 type:b dur:2 cpbdur:2 q:37.19 aq:22.00 tex:0 mv:0 misc:248 imb:0 pmb:0 smb:4410 d:s ref:0 ;
in:639 out:640 type:b dur:2 cpbdur:2 q:37.12 aq:22.00 tex:0 mv:0 misc:248 imb:0 pmb:0 smb:4410 d:- ref:0 ;
in:644 out:641 type:P dur:2 cpbdur:2 q:36.92 aq:21.86 tex:227 mv:55 misc:350 imb:2 pmb:6 smb:4402 d:s ref:0 ;
in:642 out:642 type:B dur:2 cpbdur:2 q:37.00 aq:21.00 tex:3 mv:11 misc:274 imb:1 pmb:0 smb:4409 d:s ref:0 ;
in:641 out:643 type:b dur:2 cpbdur:2 q:37.04 aq:22.00 tex:0 mv:0 misc:248 imb:0 pmb:0 smb:4410 d:s ref:0 ;
in:643 out:644 type:b dur:2 cpbdur:2 q:36.96 aq:22.00 tex:0 mv:0 misc:248 imb:0 pmb:0 smb:4410 d:- ref:0 ;
in:648 out:645 type:P dur:2 cpbdur:2 q:36.87 aq:18.00 tex:0 mv:0 misc:280 imb:0 pmb:0 smb:4410 d:s ref:0 ;
in:646 out:646 type:B dur:2 cpbdur:2 q:36.89 aq:21.00 tex:3 mv:11 misc:274 imb:1 pmb:0 smb:4409 d:s ref:0 ;
in:645 out:647 type:b dur:2 cpbdur:2 q:36.91 aq:22.00 tex:0 mv:0 misc:248 imb:0 pmb:0 smb:4410 d:s ref:0 ;
in:647 out:648 type:b dur:2 cpbdur:2 q:36.88 aq:22.00 tex:0 mv:0 misc:248 imb:0 pmb:0 smb:4410 d:- ref:0 ;
in:652 out:649 type:P dur:2 cpbdur:2 q:36.68 aq:17.00 tex:251 mv:210 misc:507 imb:28 pmb:20 smb:4362 d:s ref:0 ;
in:650 out:650 type:B dur:2 cpbdur:2 q:36.77 aq:21.00 tex:3 mv:11 misc:274 imb:1 pmb:0 smb:4409 d:s ref:0 ;
in:649 out:651 type:b dur:2 cpbdur:2 q:36.82 aq:22.00 tex:0 mv:0 misc:248 imb:0 pmb:0 smb:4410 d:s ref:0 ;
in:651 out:652 type:b dur:2 cpbdur:2 q:36.73 aq:22.00 tex:0 mv:0 misc:248 imb:0 pmb:0 smb:4410 d:- ref:0 ;
in:656 out:653 type:P dur:2 cpbdur:2 q:36.50 aq:17.00 tex:0 mv:0 misc:280 imb:0 pmb:0 smb:4410 d:s ref:0 ;
in:654 out:654 type:B dur:2 cpbdur:2 q:36.59 aq:20.00 tex:3 mv:11 misc:274 imb:1 pmb:0 smb:4409 d:s ref:0 ;
in:653 out:655 type:b dur:2 cpbdur:2 q:36.64 aq:22.00 tex:0 mv:0 misc:248 imb:0 pmb:0 smb:4410 d:s ref:0 ;
in:655 out:656 type:b dur:2 cpbdur:2 q:36.55 aq:22.00 tex:0 mv:0 misc:248 imb:0 pmb:0 smb:4410 d:- ref:0 ;
in:660 out:657 type:P dur:2 cpbdur:2 q:36.35 aq:18.00 tex:3 mv:11 misc:298 imb:1 pmb:0 smb:4409 d:s ref:0 ;
in:658 out:658 type:B dur:2 cpbdur:2 q:36.43 aq:20.00 tex:3 mv:11 misc:274 imb:1 pmb:0 smb:4409 d:s ref:0 ;
in:657 out:659 type:b dur:2 cpbdur:2 q:36.47 aq:21.00 tex:0 mv:0 misc:248 imb:0 pmb:0 smb:4410 d:s ref:0 ;
in:659 out:660 type:b dur:2 cpbdur:2 q:36.39 aq:21.00 tex:0 mv:0 misc:248 imb:0 pmb:0 smb:4410 d:- ref:0 ;
in:664 out:661 type:P dur:2 cpbdur:2 q:36.07 aq:18.00 tex:0 mv:0 misc:280 imb:0 pmb:0 smb:4410 d:s ref:0 ;
in:662 out:662 type:B dur:2 cpbdur:2 q:36.21 aq:20.00 tex:1 mv:20 misc:275 imb:0 pmb:1 smb:4409 d:s ref:0 ;
in:661 out:663 type:b dur:2 cpbdur:2 q:36.28 aq:21.00 tex:0 mv:0 misc:248 imb:0 pmb:0 smb:4410 d:s ref:0 ;
in:663 out:664 type:b dur:2 cpbdur:2 q:36.14 aq:21.00 tex:0 mv:0 misc:248 imb:0 pmb:0 smb:4410 d:- ref:0 ;
in:668 out:665 type:P dur:2 cpbdur:2 q:36.04 aq:20.00 tex:0 mv:0 misc:280 imb:0 pmb:0 smb:4410 d:s ref:0 ;
in:666 out:666 type:B dur:2 cpbdur:2 q:36.05 aq:20.00 tex:0 mv:0 misc:264 imb:0 pmb:0 smb:4410 d:s ref:0 ;
in:665 out:667 type:b dur:2 cpbdur:2 q:36.06 aq:21.00 tex:0 mv:0 misc:248 imb:0 pmb:0 smb:4410 d:s ref:0 ;
in:667 out:668 type:b dur:2 cpbdur:2 q:36.04 aq:21.00 tex:0 mv:0 misc:248 imb:0 pmb:0 smb:4410 d:- ref:0 ;
in:669 out:669 type:P dur:2 cpbdur:2 q:35.83 aq:21.00 tex:0 mv:0 misc:280 imb:0 pmb:0 smb:4410 d:s ref:0 ;
