#options: 720x1566 fps=30/1 timebase=1/30 bitdepth=8 cabac=1 ref=1 deblock=1:0:0 analyse=0x1:0 me=dia subme=2 psy=1 psy_rd=1.00:0.00 mixed_ref=0 me_range=16 chroma_me=1 trellis=0 8x8dct=0 cqm=0 deadzone=21,11 fast_pskip=1 chroma_qp_offset=0 threads=16 lookahead_threads=5 sliced_threads=0 nr=0 decimate=1 interlaced=0 bluray_compat=0 constrained_intra=0 bframes=3 b_pyramid=2 b_adapt=1 b_bias=0 direct=3 weightb=1 open_gop=0 weightp=2 keyint=250 keyint_min=25 scenecut=40 intra_refresh=0 rc_lookahead=50 rc=abr mbtree=1 bitrate=220 ratetol=1.0 qcomp=0.60 qpmin=0 qpmax=69 qpstep=4 ip_ratio=1.40 aq=1:1.00
in:0 out:0 type:I dur:2 cpbdur:2 q:49.96 aq:36.08 tex:105016 mv:31943 misc:6121 imb:4410 pmb:0 smb:0 d:- ref:;
in:4 out:1 type:P dur:2 cpbdur:2 q:51.94 aq:38.89 tex:93 mv:12 misc:311 imb:0 pmb:6 smb:4404 d:- ref:0 ;
in:2 out:2 type:B dur:2 cpbdur:2 q:51.94 aq:37.00 tex:0 mv:0 misc:256 imb:0 pmb:0 smb:4410 d:- ref:0 ;
in:1 out:3 type:b dur:2 cpbdur:2 q:51.94 aq:38.00 tex:0 mv:0 misc:256 imb:0 pmb:0 smb:4410 d:- ref:0 ;
in:3 out:4 type:b dur:2 cpbdur:2 q:51.94 aq:38.00 tex:0 mv:0 misc:256 imb:0 pmb:0 smb:4410 d:- ref:0 ;
in:8 out:5 type:P dur:2 cpbdur:2 q:51.51 aq:43.24 tex:60 mv:6 misc:294 imb:0 pmb:3 smb:4407 d:- ref:0 ;
in:6 out:6 type:B dur:2 cpbdur:2 q:51.73 aq:36.00 tex:0 mv:0 misc:272 imb:0 pmb:0 smb:4410 d:- ref:0 ;
in:5 out:7 type:b dur:2 cpbdur:2 q:51.84 aq:38.00 tex:0 mv:0 misc:256 imb:0 pmb:0 smb:4410 d:- ref:0 ;
in:7 out:8 type:b dur:2 cpbdur:2 q:51.62 aq:37.00 tex:0 mv:0 misc:256 imb:0 pmb:0 smb:4410 d:- ref:0 ;
in:12 out:9 type:P dur:2 cpbdur:2 q:51.06 aq:40.82 tex:128 mv:42 misc:358 imb:1 pmb:10 smb:4399 d:- ref:0 ;
in:10 out:10 type:B dur:2 cpbdur:2 q:51.28 aq:35.00 tex:0 mv:0 misc:272 imb:0 pmb:0 smb:4410 d:- ref:0 ;
in:9 out:11 type:b dur:2 cpbdur:2 q:51.40 aq:37.00 tex:0 mv:0 misc:256 imb:0 pmb:0 smb:4410 d:- ref:0 ;
in:11 out:12 type:b dur:2 cpbdur:2 q:51.17 aq:36.00 tex:0 mv:0 misc:256 imb:0 pmb:0 smb:4410 d:- ref:0 ;
in:16 out:13 type:P dur:2 cpbdur:2 q:50.57 aq:34.38 tex:156 mv:55 misc:357 imb:2 pmb:8 smb:4400 d:- ref:0 ;
in:14 out:14 type:B dur:2 cpbdur:2 q:50.81 aq:35.00 tex:0 mv:0 misc:272 imb:0 pmb:0 smb:4410 d:- ref:0 ;
in:13 out:15 type:b dur:2 cpbdur:2 q:50.93 aq:36.00 tex:0 mv:0 misc:256 imb:0 pmb:0 smb:4410 d:- ref:0 ;
in:15 out:16 type:b dur:2 cpbdur:2 q:50.69 aq:36.00 tex:0 mv:0 misc:256 imb:0 pmb:0 smb:4410 d:- ref:0 ;
in:20 out:17 type:P dur:2 cpbdur:2 q:54.57 aq:48.63 tex:28 mv:2 misc:274 imb:0 pmb:1 smb:4409 d:- ref:0 ;
in:18 out:18 type:B dur:2 cpbdur:2 q:52.57 aq:38.00 tex:0 mv:0 misc:272 imb:0 pmb:0 smb:4410 d:- ref:0 ;
in:17 out:19 type:b dur:2 cpbdur:2 q:51.57 aq:37.00 tex:0 mv:0 misc:256 imb:0 pmb:0 smb:4410 d:- ref:0 ;
in:19 out:20 type:b dur:2 cpbdur:2 q:53.57 aq:41.00 tex:0 mv:0 misc:256 imb:0 pmb:0 smb:4410 d:- ref:0 ;
in:24 out:21 type:P dur:2 cpbdur:2 q:58.57 aq:48.00 tex:0 mv:0 misc:264 imb:0 pmb:0 smb:4410 d:- ref:0 ;
in:22 out:22 type:B dur:2 cpbdur:2 q:56.57 aq:45.00 tex:0 mv:0 misc:272 imb:0 pmb:0 smb:4410 d:- ref:0 ;
in:21 out:23 type:b dur:2 cpbdur:2 q:55.57 aq:44.00 tex:0 mv:0 misc:256 imb:0 pmb:0 smb:4410 d:- ref:0 ;
in:23 out:24 type:b dur:2 cpbdur:2 q:57.57 aq:48.00 tex:0 mv:0 misc:256 imb:0 pmb:0 smb:4410 d:- ref:0 ;
in:27 out:25 type:P dur:2 cpbdur:2 q:55.05 aq:39.62 tex:20 mv:57 misc:331 imb:9 pmb:0 smb:4401 d:- ref:0 ;
in:25 out:26 type:B dur:2 cpbdur:2 q:57.40 aq:47.00 tex:0 mv:0 misc:272 imb:0 pmb:0 smb:4410 d:- ref:0 ;
in:26 out:27 type:b dur:2 cpbdur:2 q:56.23 aq:46.00 tex:0 mv:0 misc:256 imb:0 pmb:0 smb:4410 d:- ref:0 ;
in:29 out:28 type:P dur:2 cpbdur:2 q:52.60 aq:38.50 tex:583 mv:272 misc:585 imb:45 pmb:5 smb:4360 d:- ref:0 ;
in:28 out:29 type:b dur:2 cpbdur:2 q:53.82 aq:41.00 tex:0 mv:0 misc:256 imb:0 pmb:0 smb:4410 d:- ref:0 ;
in:33 out:30 type:P dur:2 cpbdur:2 q:51.20 aq:34.29 tex:535 mv:286 misc:619 imb:43 pmb:14 smb:4353 d:- ref:0 ;
in:31 out:31 type:B dur:2 cpbdur:2 q:51.90 aq:36.00 tex:3 mv:14 misc:287 imb:1 pmb:1 smb:4408 d:- ref:0 ;
in:30 out:32 type:b dur:2 cpbdur:2 q:52.25 aq:38.00 tex:0 mv:3 misc:261 imb:0 pmb:1 smb:4409 d:s ref:0 ;
in:32 out:33 type:b dur:2 cpbdur:2 q:51.55 aq:37.00 tex:0 mv:0 misc:256 imb:0 pmb:0 smb:4410 d:- ref:0 ;
in:37 out:34 type:P dur:2 cpbdur:2 q:48.81 aq:36.80 tex:3504 mv:1145 misc:1527 imb:176 pmb:131 smb:4103 d:- ref:0 ;
in:35 out:35 type:B dur:2 cpbdur:2 q:50.00 aq:34.00 tex:1 mv:5 misc:290 imb:0 pmb:2 smb:4408 d:- ref:0 ;
in:34 out:36 type:b dur:2 cpbdur:2 q:50.60 aq:36.00 tex:0 mv:5 misc:275 imb:0 pmb:2 smb:4408 d:s ref:0 ;
in:36 out:37 type:b dur:2 cpbdur:2 q:49.41 aq:36.00 tex:33 mv:5 misc:266 imb:0 pmb:1 smb:4409 d:- ref:0 ;
in:41 out:38 type:P dur:2 cpbdur:2 q:46.90 aq:36.62 tex:11064 mv:2415 misc:2545 imb:153 pmb:429 smb:3828 d:- ref:0 ;
in:39 out:39 type:B dur:2 cpbdur:2 q:47.86 aq:42.15 tex:54 mv:13 misc:293 imb:0 pmb:4 smb:4406 d:s ref:0 ;
in:38 out:40 type:b dur:2 cpbdur:2 q:48.34 aq:33.00 tex:1 mv:4 misc:267 imb:0 pmb:2 smb:4408 d:s ref:0 ;
in:40 out:41 type:b dur:2 cpbdur:2 q:47.38 aq:32.00 tex:0 mv:0 misc:248 imb:0 pmb:0 smb:4410 d:- ref:0 ;
in:45 out:42 type:P dur:2 cpbdur:2 q:45.32 aq:35.29 tex:28283 mv:3953 misc:3228 imb:198 pmb:845 smb:3367 d:- ref:0 ;
in:43 out:43 type:B dur:2 cpbdur:2 q:46.11 aq:40.23 tex:131 mv:68 misc:377 imb:1 pmb:14 smb:4395 d:s ref:0 ;
in:42 out:44 type:b dur:2 cpbdur:2 q:46.51 aq:32.00 tex:2 mv:15 misc:295 imb:0 pmb:6 smb:4404 d:s ref:0 ;
in:44 out:45 type:b dur:2 cpbdur:2 q:45.72 aq:31.00 tex:0 mv:0 misc:248 imb:0 pmb:0 smb:4410 d:- ref:0 ;
in:49 out:46 type:P dur:2 cpbdur:2 q:44.03 aq:33.92 tex:33043 mv:4942 misc:3567 imb:270 pmb:1027 smb:3113 d:- ref:0 ;
in:47 out:47 type:B dur:2 cpbdur:2 q:44.67 aq:36.23 tex:229 mv:104 misc:403 imb:3 pmb:17 smb:4390 d:s ref:0 ;
in:46 out:48 type:b dur:2 cpbdur:2 q:45.00 aq:30.00 tex:0 mv:0 misc:248 imb:0 pmb:0 smb:4410 d:s ref:0 ;
in:48 out:49 type:b dur:2 cpbdur:2 q:44.35 aq:29.00 tex:1 mv:3 misc:260 imb:0 pmb:1 smb:4409 d:- ref:0 ;
in:53 out:50 type:P dur:2 cpbdur:2 q:43.08 aq:32.55 tex:29303 mv:4718 misc:3435 imb:254 pmb:953 smb:3203 d:s ref:0 ;
in:51 out:51 type:B dur:2 cpbdur:2 q:43.55 aq:31.90 tex:115 mv:62 misc:335 imb:2 pmb:7 smb:4401 d:s ref:0 ;
in:50 out:52 type:b dur:2 cpbdur:2 q:43.79 aq:33.90 tex:38 mv:4 misc:254 imb:0 pmb:1 smb:4409 d:s ref:0 ;
in:52 out:53 type:b dur:2 cpbdur:2 q:43.31 aq:28.00 tex:0 mv:0 misc:248 imb:0 pmb:0 smb:4410 d:- ref:0 ;
in:57 out:54 type:P dur:2 cpbdur:2 q:42.79 aq:29.82 tex:18504 mv:4388 misc:3308 imb:552 pmb:655 smb:3203 d:s ref:0 ;
in:55 out:55 type:B dur:2 cpbdur:2 q:42.93 aq:28.78 tex:49 mv:83 misc:372 imb:1 pmb:14 smb:4395 d:s ref:0 ;
in:54 out:56 type:b dur:2 cpbdur:2 q:43.00 aq:28.00 tex:4 mv:21 misc:271 imb:2 pmb:0 smb:4408 d:s ref:0 ;
in:56 out:57 type:b dur:2 cpbdur:2 q:42.86 aq:28.00 tex:0 mv:3 misc:261 imb:0 pmb:1 smb:4409 d:- ref:0 ;
in:61 out:58 type:P dur:2 cpbdur:2 q:43.48 aq:33.19 tex:4863 mv:1969 misc:1624 imb:105 pmb:216 smb:4089 d:s ref:0 ;
in:59 out:59 type:B dur:2 cpbdur:2 q:43.13 aq:35.45 tex:419 mv:326 misc:575 imb:6 pmb:44 smb:4360 d:t ref:0 ;
in:58 out:60 type:b dur:2 cpbdur:2 q:42.96 aq:30.41 tex:35 mv:19 misc:274 imb:1 pmb:2 smb:4407 d:s ref:0 ;
in:60 out:61 type:b dur:2 cpbdur:2 q:43.31 aq:28.00 tex:2 mv:13 misc:257 imb:1 pmb:0 smb:4409 d:- ref:0 ;
in:65 out:62 type:P dur:2 cpbdur:2 q:44.42 aq:34.95 tex:2952 mv:1465 misc:1359 imb:85 pmb:150 smb:4175 d:s ref:0 ;
in:63 out:63 type:B dur:2 cpbdur:2 q:43.95 aq:34.35 tex:249 mv:142 misc:417 imb:2 pmb:22 smb:4386 d:t ref:0 ;
in:62 out:64 type:b dur:2 cpbdur:2 q:43.71 aq:29.00 tex:0 mv:4 misc:260 imb:0 pmb:1 smb:4409 d:s ref:0 ;
in:64 out:65 type:b dur:2 cpbdur:2 q:44.19 aq:32.88 tex:54 mv:8 misc:266 imb:0 pmb:2 smb:4408 d:- ref:0 ;
in:69 out:66 type:P dur:2 cpbdur:2 q:45.00 aq:34.89 tex:3453 mv:1585 misc:1362 imb:106 pmb:135 smb:4169 d:s ref:0 ;
in:67 out:67 type:B dur:2 cpbdur:2 q:44.71 aq:40.95 tex:190 mv:100 misc:398 imb:0 pmb:18 smb:4392 d:s ref:0 ;
in:66 out:68 type:b dur:2 cpbdur:2 q:44.57 aq:30.00 tex:0 mv:4 misc:260 imb:0 pmb:1 smb:4409 d:s ref:0 ;
in:68 out:69 type:b dur:2 cpbdur:2 q:44.85 aq:30.00 tex:0 mv:14 misc:258 imb:0 pmb:1 smb:4409 d:- ref:0 ;
in:73 out:70 type:P dur:2 cpbdur:2 q:44.99 aq:35.48 tex:3032 mv:1417 misc:1303 imb:94 pmb:125 smb:4191 d:s ref:0 ;
in:71 out:71 type:B dur:2 cpbdur:2 q:44.99 aq:33.90 tex:188 mv:71 misc:373 imb:1 pmb:14 smb:4395 d:t ref:0 ;
in:70 out:72 type:b dur:2 cpbdur:2 q:45.00 aq:42.74 tex:55 mv:11 misc:270 imb:0 pmb:3 smb:4407 d:s ref:0 ;
in:72 out:73 type:b dur:2 cpbdur:2 q:44.99 aq:35.34 tex:38 mv:14 misc:268 imb:0 pmb:2 smb:4408 d:- ref:0 ;
in:77 out:74 type:P dur:2 cpbdur:2 q:44.21 aq:34.01 tex:3994 mv:1617 misc:1453 imb:106 pmb:156 smb:4148 d:s ref:0 ;
in:75 out:75 type:B dur:2 cpbdur:2 q:44.60 aq:40.31 tex:223 mv:98 misc:391 imb:1 pmb:17 smb:4392 d:s ref:0 ;
in:74 out:76 type:b dur:2 cpbdur:2 q:44.80 aq:30.00 tex:4 mv:24 misc:268 imb:2 pmb:1 smb:4407 d:s ref:0 ;
in:76 out:77 type:b dur:2 cpbdur:2 q:44.41 aq:29.00 tex:0 mv:0 misc:248 imb:0 pmb:0 smb:4410 d:- ref:0 ;
in:81 out:78 type:P dur:2 cpbdur:2 q:43.25 aq:33.21 tex:6104 mv:2026 misc:1782 imb:115 pmb:248 smb:4047 d:s ref:0 ;
in:79 out:79 type:B dur:2 cpbdur:2 q:43.73 aq:36.23 tex:281 mv:153 misc:414 imb:4 pmb:18 smb:4388 d:t ref:0 ;
in:78 out:80 type:b dur:2 cpbdur:2 q:43.97 aq:29.00 tex:0 mv:3 misc:261 imb:0 pmb:1 smb:4409 d:s ref:0 ;
in:80 out:81 type:b dur:2 cpbdur:2 q:43.49 aq:38.15 tex:59 mv:7 misc:262 imb:0 pmb:2 smb:4408 d:- ref:0 ;
in:84 out:82 type:P dur:2 cpbdur:2 q:42.31 aq:31.22 tex:18505 mv:3202 misc:2869 imb:192 pmb:613 smb:3605 d:s ref:0 ;
in:82 out:83 type:B dur:2 cpbdur:2 q:42.94 aq:34.95 tex:56 mv:14 misc:298 imb:0 pmb:4 smb:4406 d:s ref:0 ;
in:83 out:84 type:b dur:2 cpbdur:2 q:42.63 aq:33.84 tex:53 mv:8 misc:267 imb:0 pmb:2 smb:4408 d:- ref:0 ;
in:88 out:85 type:P dur:2 cpbdur:2 q:41.86 aq:30.82 tex:18136 mv:3404 misc:2868 imb:178 pmb:592 smb:3640 d:s ref:0 ;
in:86 out:86 type:B dur:2 cpbdur:2 q:42.08 aq:34.20 tex:329 mv:344 misc:567 imb:4 pmb:47 smb:4359 d:t ref:0 ;
in:85 out:87 type:b dur:2 cpbdur:2 q:42.20 aq:27.29 tex:85 mv:44 misc:303 imb:2 pmb:5 smb:4403 d:s ref:0 ;
in:87 out:88 type:b dur:2 cpbdur:2 q:41.97 aq:29.24 tex:35 mv:21 misc:272 imb:1 pmb:2 smb:4407 d:- ref:0 ;
in:92 out:89 type:P dur:2 cpbdur:2 q:41.08 aq:30.49 tex:28089 mv:3875 misc:3252 imb:174 pmb:843 smb:3393 d:s ref:0 ;
in:90 out:90 type:B dur:2 cpbdur:2 q:41.47 aq:37.45 tex:423 mv:435 misc:678 imb:1 pmb:71 smb:4338 d:t ref:0 ;
in:89 out:91 type:b dur:2 cpbdur:2 q:41.66 aq:37.83 tex:86 mv:34 misc:296 imb:1 pmb:6 smb:4403 d:s ref:0 ;
in:91 out:92 type:b dur:2 cpbdur:2 q:41.27 aq:35.92 tex:38 mv:16 misc:266 imb:0 pmb:2 smb:4408 d:- ref:0 ;
in:96 out:93 type:P dur:2 cpbdur:2 q:40.48 aq:29.62 tex:29290 mv:3786 misc:3148 imb:140 pmb:834 smb:3436 d:s ref:0 ;
in:94 out:94 type:B dur:2 cpbdur:2 q:40.78 aq:32.57 tex:375 mv:530 misc:719 imb:4 pmb:74 smb:4332 d:t ref:0 ;
in:93 out:95 type:b dur:2 cpbdur:2 q:40.93 aq:38.60 tex:164 mv:37 misc:327 imb:0 pmb:10 smb:4400 d:s ref:0 ;
in:95 out:96 type:b dur:2 cpbdur:2 q:40.63 aq:26.00 tex:0 mv:9 misc:255 imb:0 pmb:1 smb:4409 d:- ref:0 ;
in:100 out:97 type:P dur:2 cpbdur:2 q:40.06 aq:29.79 tex:22170 mv:3252 misc:2842 imb:116 pmb:671 smb:3623 d:s ref:0 ;
in:98 out:98 type:B dur:2 cpbdur:2 q:40.27 aq:34.17 tex:535 mv:749 misc:884 imb:4 pmb:113 smb:4293 d:t ref:0 ;
in:97 out:99 type:b dur:2 cpbdur:2 q:40.38 aq:32.58 tex:58 mv:36 misc:306 imb:1 pmb:6 smb:4403 d:s ref:0 ;
in:99 out:100 type:b dur:2 cpbdur:2 q:40.17 aq:27.10 tex:68 mv:26 misc:290 imb:0 pmb:6 smb:4404 d:- ref:0 ;
in:104 out:101 type:P dur:2 cpbdur:2 q:40.55 aq:29.14 tex:57022 mv:7143 misc:1915 imb:674 pmb:384 smb:3352 d:t ref:0 ;
in:102 out:102 type:B dur:2 cpbdur:2 q:40.31 aq:33.88 tex:993 mv:3112 misc:799 imb:174 pmb:485 smb:3751 d:s ref:0 ;
in:101 out:103 type:b dur:2 cpbdur:2 q:40.19 aq:26.95 tex:42 mv:26 misc:292 imb:1 pmb:4 smb:4405 d:s ref:0 ;
in:103 out:104 type:b dur:2 cpbdur:2 q:40.43 aq:32.92 tex:144 mv:196 misc:628 imb:2 pmb:126 smb:4282 d:- ref:0 ;
in:108 out:105 type:P dur:2 cpbdur:2 q:41.65 aq:30.50 tex:4727 mv:2317 misc:1708 imb:94 pmb:258 smb:4058 d:t ref:0 ;
in:106 out:106 type:B dur:2 cpbdur:2 q:41.10 aq:30.94 tex:189 mv:222 misc:469 imb:3 pmb:28 smb:4379 d:t ref:0 ;
in:105 out:107 type:b dur:2 cpbdur:2 q:40.83 aq:26.00 tex:6 mv:29 misc:285 imb:1 pmb:4 smb:4405 d:s ref:0 ;
in:107 out:108 type:b dur:2 cpbdur:2 q:41.38 aq:26.00 tex:3 mv:14 misc:263 imb:1 pmb:1 smb:4408 d:- ref:0 ;
in:112 out:109 type:P dur:2 cpbdur:2 q:42.00 aq:31.09 tex:4500 mv:2397 misc:1663 imb:115 pmb:245 smb:4050 d:t ref:0 ;
in:110 out:110 type:B dur:2 cpbdur:2 q:41.83 aq:37.58 tex:279 mv:166 misc:507 imb:1 pmb:36 smb:4373 d:t ref:0 ;
in:109 out:111 type:b dur:2 cpbdur:2 q:41.74 aq:36.20 tex:77 mv:65 misc:322 imb:5 pmb:4 smb:4401 d:s ref:0 ;
in:111 out:112 type:b dur:2 cpbdur:2 q:41.92 aq:27.00 tex:1 mv:11 misc:260 imb:0 pmb:1 smb:4409 d:- ref:0 ;
in:116 out:113 type:P dur:2 cpbdur:2 q:42.13 aq:33.04 tex:5269 mv:2480 misc:1691 imb:113 pmb:243 smb:4054 d:t ref:0 ;
in:114 out:114 type:B dur:2 cpbdur:2 q:42.07 aq:35.77 tex:244 mv:228 misc:520 imb:3 pmb:36 smb:4371 d:t ref:0 ;
in:113 out:115 type:b dur:2 cpbdur:2 q:42.03 aq:33.22 tex:79 mv:44 misc:317 imb:2 pmb:7 smb:4401 d:s ref:0 ;
in:115 out:116 type:b dur:2 cpbdur:2 q:42.10 aq:27.00 tex:0 mv:0 misc:248 imb:0 pmb:0 smb:4410 d:- ref:0 ;
in:120 out:117 type:P dur:2 cpbdur:2 q:42.44 aq:30.57 tex:3715 mv:2080 misc:1605 imb:90 pmb:235 smb:4085 d:s ref:0 ;
in:118 out:118 type:B dur:2 cpbdur:2 q:42.28 aq:36.05 tex:227 mv:296 misc:557 imb:1 pmb:45 smb:4364 d:t ref:0 ;
in:117 out:119 type:b dur:2 cpbdur:2 q:42.20 aq:30.21 tex:38 mv:4 misc:262 imb:0 pmb:1 smb:4409 d:s ref:0 ;
in:119 out:120 type:b dur:2 cpbdur:2 q:42.36 aq:35.12 tex:33 mv:9 misc:270 imb:0 pmb:2 smb:4408 d:- ref:0 ;
in:124 out:121 type:P dur:2 cpbdur:2 q:41.84 aq:31.86 tex:6056 mv:2548 misc:1748 imb:127 pmb:265 smb:4018 d:s ref:0 ;
in:122 out:122 type:B dur:2 cpbdur:2 q:42.14 aq:34.70 tex:251 mv:456 misc:669 imb:3 pmb:65 smb:4342 d:t ref:0 ;
in:121 out:123 type:b dur:2 cpbdur:2 q:42.29 aq:27.00 tex:2 mv:14 misc:264 imb:1 pmb:1 smb:4408 d:s ref:0 ;
in:123 out:124 type:b dur:2 cpbdur:2 q:41.99 aq:34.54 tex:62 mv:15 misc:283 imb:0 pmb:4 smb:4406 d:- ref:0 ;
in:128 out:125 type:P dur:2 cpbdur:2 q:41.25 aq:31.05 tex:6316 mv:2555 misc:1849 imb:116 pmb:296 smb:3998 d:s ref:0 ;
in:126 out:126 type:B dur:2 cpbdur:2 q:41.55 aq:32.75 tex:182 mv:409 misc:617 imb:2 pmb:57 smb:4351 d:t ref:0 ;
in:125 out:127 type:b dur:2 cpbdur:2 q:41.69 aq:35.88 tex:48 mv:8 misc:264 imb:0 pmb:2 smb:4408 d:s ref:0 ;
in:127 out:128 type:b dur:2 cpbdur:2 q:41.40 aq:28.02 tex:66 mv:67 misc:315 imb:3 pmb:6 smb:4401 d:- ref:0 ;
in:132 out:129 type:P dur:2 cpbdur:2 q:40.71 aq:32.28 tex:7762 mv:2769 misc:1973 imb:114 pmb:336 smb:3960 d:s ref:0 ;
in:130 out:130 type:B dur:2 cpbdur:2 q:40.98 aq:35.35 tex:396 mv:676 misc:856 imb:3 pmb:98 smb:4309 d:t ref:0 ;
in:129 out:131 type:b dur:2 cpbdur:2 q:41.11 aq:30.57 tex:79 mv:57 misc:312 imb:4 pmb:4 smb:4402 d:s ref:0 ;
in:131 out:132 type:b dur:2 cpbdur:2 q:40.84 aq:26.00 tex:2 mv:19 misc:283 imb:0 pmb:4 smb:4406 d:- ref:0 ;
in:134 out:133 type:P dur:2 cpbdur:2 q:40.14 aq:30.59 tex:10470 mv:2779 misc:2215 imb:86 pmb:416 smb:3908 d:s ref:0 ;
in:133 out:134 type:b dur:2 cpbdur:2 q:40.43 aq:32.84 tex:65 mv:83 misc:332 imb:2 pmb:10 smb:4398 d:t ref:0 ;
in:138 out:135 type:P dur:2 cpbdur:2 q:39.98 aq:31.96 tex:9058 mv:3106 misc:2100 imb:137 pmb:356 smb:3917 d:s ref:0 ;
in:136 out:136 type:B dur:2 cpbdur:2 q:40.06 aq:33.49 tex:452 mv:320 misc:604 imb:1 pmb:59 smb:4350 d:t ref:0 ;
in:135 out:137 type:b dur:2 cpbdur:2 q:40.10 aq:28.14 tex:35 mv:18 misc:275 imb:0 pmb:3 smb:4407 d:s ref:0 ;
in:137 out:138 type:b dur:2 cpbdur:2 q:40.02 aq:26.66 tex:42 mv:35 misc:291 imb:0 pmb:5 smb:4405 d:- ref:0 ;
in:142 out:139 type:P dur:2 cpbdur:2 q:39.57 aq:30.98 tex:17291 mv:3493 misc:2696 imb:111 pmb:548 smb:3751 d:s ref:0 ;
in:140 out:140 type:B dur:2 cpbdur:2 q:39.78 aq:30.33 tex:238 mv:519 misc:699 imb:1 pmb:73 smb:4336 d:t ref:0 ;
in:139 out:141 type:b dur:2 cpbdur:2 q:39.88 aq:25.00 tex:11 mv:12 misc:273 imb:0 pmb:3 smb:4407 d:s ref:0 ;
in:141 out:142 type:b dur:2 cpbdur:2 q:39.67 aq:25.00 tex:1 mv:15 misc:272 imb:0 pmb:3 smb:4407 d:- ref:0 ;
in:144 out:143 type:P dur:2 cpbdur:2 q:39.23 aq:29.83 tex:17550 mv:3126 misc:2836 imb:76 pmb:634 smb:3700 d:s ref:0 ;
in:143 out:144 type:b dur:2 cpbdur:2 q:39.40 aq:33.30 tex:46 mv:58 misc:312 imb:1 pmb:7 smb:4402 d:t ref:0 ;
in:146 out:145 type:P dur:2 cpbdur:2 q:39.20 aq:29.99 tex:11023 mv:2209 misc:2288 imb:62 pmb:440 smb:3908 d:s ref:0 ;
in:145 out:146 type:b dur:2 cpbdur:2 q:39.22 aq:24.00 tex:9 mv:4 misc:259 imb:0 pmb:1 smb:4409 d:s ref:0 ;
in:150 out:147 type:P dur:2 cpbdur:2 q:39.08 aq:29.80 tex:11384 mv:3165 misc:2275 imb:108 pmb:414 smb:3888 d:s ref:0 ;
in:148 out:148 type:B dur:2 cpbdur:2 q:39.14 aq:31.26 tex:411 mv:792 misc:949 imb:6 pmb:115 smb:4289 d:t ref:0 ;
in:147 out:149 type:b dur:2 cpbdur:2 q:39.17 aq:26.63 tex:71 mv:86 misc:347 imb:3 pmb:11 smb:4396 d:s ref:0 ;
in:149 out:150 type:b dur:2 cpbdur:2 q:39.11 aq:35.51 tex:148 mv:111 misc:373 imb:2 pmb:15 smb:4393 d:- ref:0 ;
in:154 out:151 type:P dur:2 cpbdur:2 q:39.03 aq:30.65 tex:9565 mv:3209 misc:2066 imb:126 pmb:357 smb:3927 d:s ref:0 ;
in:152 out:152 type:B dur:2 cpbdur:2 q:39.05 aq:32.30 tex:403 mv:1170 misc:1163 imb:5 pmb:171 smb:4234 d:t ref:0 ;
in:151 out:153 type:b dur:2 cpbdur:2 q:39.07 aq:25.98 tex:51 mv:76 misc:345 imb:2 pmb:11 smb:4397 d:s ref:0 ;
in:153 out:154 type:b dur:2 cpbdur:2 q:39.04 aq:32.20 tex:67 mv:85 misc:360 imb:1 pmb:14 smb:4395 d:- ref:0 ;
in:156 out:155 type:P dur:2 cpbdur:2 q:39.05 aq:29.92 tex:14733 mv:3142 misc:2797 imb:76 pmb:650 smb:3684 d:t ref:0 ;
in:155 out:156 type:b dur:2 cpbdur:2 q:39.04 aq:24.00 tex:3 mv:27 misc:282 imb:0 pmb:4 smb:4406 d:s ref:0 ;
in:160 out:157 type:P dur:2 cpbdur:2 q:39.16 aq:29.95 tex:16636 mv:3753 misc:2867 imb:103 pmb:677 smb:3630 d:s ref:0 ;
in:158 out:158 type:B dur:2 cpbdur:2 q:39.11 aq:30.41 tex:367 mv:719 misc:890 imb:4 pmb:109 smb:4297 d:t ref:0 ;
in:157 out:159 type:b dur:2 cpbdur:2 q:39.08 aq:31.65 tex:73 mv:26 misc:285 imb:1 pmb:4 smb:4405 d:s ref:0 ;
in:159 out:160 type:b dur:2 cpbdur:2 q:39.13 aq:24.00 tex:2 mv:15 misc:271 imb:0 pmb:3 smb:4407 d:- ref:0 ;
in:164 out:161 type:P dur:2 cpbdur:2 q:39.50 aq:27.95 tex:10315 mv:3484 misc:2257 imb:129 pmb:415 smb:3866 d:s ref:0 ;
in:162 out:162 type:B dur:2 cpbdur:2 q:39.33 aq:34.43 tex:554 mv:1310 misc:1176 imb:6 pmb:178 smb:4226 d:t ref:0 ;
in:161 out:163 type:b dur:2 cpbdur:2 q:39.24 aq:24.00 tex:8 mv:59 misc:325 imb:2 pmb:8 smb:4400 d:s ref:0 ;
in:163 out:164 type:b dur:2 cpbdur:2 q:39.41 aq:30.23 tex:87 mv:61 misc:324 imb:1 pmb:9 smb:4400 d:- ref:0 ;
in:168 out:165 type:P dur:2 cpbdur:2 q:39.48 aq:29.37 tex:6919 mv:2925 misc:2004 imb:94 pmb:358 smb:3958 d:t ref:0 ;
in:166 out:166 type:B dur:2 cpbdur:2 q:39.49 aq:32.15 tex:257 mv:201 misc:502 imb:1 pmb:36 smb:4373 d:t ref:0 ;
in:165 out:167 type:b dur:2 cpbdur:2 q:39.49 aq:24.00 tex:10 mv:206 misc:440 imb:0 pmb:31 smb:4379 d:s ref:0 ;
in:167 out:168 type:b dur:2 cpbdur:2 q:39.48 aq:27.30 tex:37 mv:27 misc:288 imb:0 pmb:5 smb:4405 d:- ref:0 ;
in:172 out:169 type:P dur:2 cpbdur:2 q:39.30 aq:28.88 tex:9678 mv:3305 misc:2161 imb:123 pmb:379 smb:3908 d:t ref:0 ;
in:170 out:170 type:B dur:2 cpbdur:2 q:39.39 aq:29.18 tex:335 mv:372 misc:653 imb:5 pmb:61 smb:4344 d:t ref:0 ;
in:169 out:171 type:b dur:2 cpbdur:2 q:39.43 aq:28.08 tex:83 mv:245 misc:496 imb:1 pmb:40 smb:4369 d:s ref:0 ;
in:171 out:172 type:b dur:2 cpbdur:2 q:39.35 aq:33.68 tex:42 mv:19 misc:299 imb:0 pmb:6 smb:4404 d:- ref:0 ;
in:176 out:173 type:P dur:2 cpbdur:2 q:39.06 aq:30.12 tex:12883 mv:3374 misc:2367 imb:130 pmb:455 smb:3825 d:t ref:0 ;
in:174 out:174 type:B dur:2 cpbdur:2 q:39.18 aq:30.34 tex:595 mv:664 misc:829 imb:6 pmb:93 smb:4311 d:t ref:0 ;
in:173 out:175 type:b dur:2 cpbdur:2 q:39.24 aq:26.96 tex:61 mv:281 misc:530 imb:0 pmb:45 smb:4365 d:s ref:0 ;
in:175 out:176 type:b dur:2 cpbdur:2 q:39.12 aq:27.01 tex:102 mv:78 misc:340 imb:0 pmb:13 smb:4397 d:- ref:0 ;
in:180 out:177 type:P dur:2 cpbdur:2 q:38.78 aq:28.35 tex:16082 mv:3485 misc:2721 imb:109 pmb:586 smb:3715 d:t ref:0 ;
in:178 out:178 type:B dur:2 cpbdur:2 q:38.92 aq:26.36 tex:370 mv:425 misc:661 imb:8 pmb:56 smb:4346 d:t ref:0 ;
in:177 out:179 type:b dur:2 cpbdur:2 q:38.99 aq:27.39 tex:87 mv:194 misc:447 imb:1 pmb:28 smb:4381 d:s ref:0 ;
in:179 out:180 type:b dur:2 cpbdur:2 q:38.85 aq:27.27 tex:43 mv:29 misc:280 imb:0 pmb:4 smb:4406 d:- ref:0 ;
in:184 out:181 type:P dur:2 cpbdur:2 q:38.46 aq:28.77 tex:19602 mv:4046 misc:2888 imb:135 pmb:661 smb:3614 d:t ref:0 ;
in:182 out:182 type:B dur:2 cpbdur:2 q:38.62 aq:31.31 tex:519 mv:634 misc:807 imb:4 pmb:92 smb:4314 d:t ref:0 ;
in:181 out:183 type:b dur:2 cpbdur:2 q:38.70 aq:26.29 tex:50 mv:293 misc:553 imb:1 pmb:47 smb:4362 d:s ref:0 ;
in:183 out:184 type:b dur:2 cpbdur:2 q:38.54 aq:32.17 tex:97 mv:135 misc:392 imb:3 pmb:17 smb:4390 d:- ref:0 ;
in:188 out:185 type:P dur:2 cpbdur:2 q:38.24 aq:28.80 tex:17613 mv:3580 misc:2743 imb:98 pmb:613 smb:3699 d:t ref:0 ;
in:186 out:186 type:B dur:2 cpbdur:2 q:38.35 aq:35.17 tex:265 mv:187 misc:468 imb:1 pmb:30 smb:4379 d:t ref:0 ;
in:185 out:187 type:b dur:2 cpbdur:2 q:38.40 aq:31.71 tex:95 mv:161 misc:392 imb:3 pmb:19 smb:4388 d:s ref:0 ;
in:187 out:188 type:b dur:2 cpbdur:2 q:38.29 aq:35.40 tex:107 mv:53 misc:352 imb:0 pmb:13 smb:4397 d:- ref:0 ;
in:192 out:189 type:P dur:2 cpbdur:2 q:38.08 aq:28.54 tex:15346 mv:3444 misc:2546 imb:118 pmb:510 smb:3782 d:t ref:0 ;
in:190 out:190 type:B dur:2 cpbdur:2 q:38.16 aq:27.39 tex:411 mv:428 misc:689 imb:5 pmb:65 smb:4340 d:t ref:0 ;
in:189 out:191 type:b dur:2 cpbdur:2 q:38.20 aq:24.90 tex:115 mv:294 misc:535 imb:1 pmb:43 smb:4366 d:s ref:0 ;
in:191 out:192 type:b dur:2 cpbdur:2 q:38.12 aq:28.03 tex:55 mv:62 misc:347 imb:0 pmb:13 smb:4397 d:- ref:0 ;
in:196 out:193 type:P dur:2 cpbdur:2 q:38.03 aq:28.21 tex:14269 mv:3499 misc:2432 imb:128 pmb:458 smb:3824 d:t ref:0 ;
in:194 out:194 type:B dur:2 cpbdur:2 q:38.06 aq:31.91 tex:752 mv:715 misc:853 imb:4 pmb:101 smb:4305 d:t ref:0 ;
in:193 out:195 type:b dur:2 cpbdur:2 q:38.07 aq:31.85 tex:240 mv:408 misc:584 imb:1 pmb:56 smb:4353 d:s ref:0 ;
in:195 out:196 type:b dur:2 cpbdur:2 q:38.04 aq:30.84 tex:170 mv:105 misc:357 imb:2 pmb:13 smb:4395 d:- ref:0 ;
in:200 out:197 type:P dur:2 cpbdur:2 q:38.14 aq:27.83 tex:10913 mv:3116 misc:2171 imb:114 pmb:388 smb:3908 d:t ref:0 ;
in:198 out:198 type:B dur:2 cpbdur:2 q:38.09 aq:29.67 tex:442 mv:414 misc:648 imb:5 pmb:59 smb:4346 d:t ref:0 ;
in:197 out:199 type:b dur:2 cpbdur:2 q:38.06 aq:28.30 tex:68 mv:216 misc:436 imb:1 pmb:28 smb:4381 d:s ref:0 ;
in:199 out:200 type:b dur:2 cpbdur:2 q:38.12 aq:33.52 tex:49 mv:59 misc:332 imb:1 pmb:11 smb:4398 d:- ref:0 ;
in:204 out:201 type:P dur:2 cpbdur:2 q:38.14 aq:28.28 tex:10634 mv:3222 misc:2008 imb:125 pmb:356 smb:3929 d:t ref:0 ;
in:202 out:202 type:B dur:2 cpbdur:2 q:38.14 aq:29.35 tex:678 mv:701 misc:821 imb:8 pmb:92 smb:4310 d:t ref:0 ;
in:201 out:203 type:b dur:2 cpbdur:2 q:38.14 aq:25.28 tex:81 mv:280 misc:471 imb:5 pmb:31 smb:4374 d:s ref:0 ;
in:203 out:204 type:b dur:2 cpbdur:2 q:38.14 aq:35.91 tex:141 mv:75 misc:360 imb:0 pmb:16 smb:4394 d:- ref:0 ;
in:208 out:205 type:P dur:2 cpbdur:2 q:38.11 aq:28.10 tex:9806 mv:3188 misc:1982 imb:99 pmb:362 smb:3949 d:t ref:0 ;
in:206 out:206 type:B dur:2 cpbdur:2 q:38.13 aq:30.17 tex:439 mv:242 misc:567 imb:2 pmb:48 smb:4360 d:t ref:0 ;
in:205 out:207 type:b dur:2 cpbdur:2 q:38.13 aq:28.21 tex:135 mv:195 misc:422 imb:3 pmb:23 smb:4384 d:s ref:0 ;
in:207 out:208 type:b dur:2 cpbdur:2 q:38.12 aq:32.58 tex:107 mv:58 misc:339 imb:2 pmb:10 smb:4398 d:- ref:0 ;
in:212 out:209 type:P dur:2 cpbdur:2 q:38.01 aq:26.52 tex:10956 mv:3308 misc:2080 imb:123 pmb:378 smb:3909 d:t ref:0 ;
in:210 out:210 type:B dur:2 cpbdur:2 q:38.06 aq:27.90 tex:408 mv:372 misc:644 imb:7 pmb:53 smb:4350 d:t ref:0 ;
in:209 out:211 type:b dur:2 cpbdur:2 q:38.09 aq:25.05 tex:67 mv:253 misc:496 imb:5 pmb:33 smb:4372 d:s ref:0 ;
in:211 out:212 type:b dur:2 cpbdur:2 q:38.03 aq:23.00 tex:4 mv:50 misc:298 imb:0 pmb:6 smb:4404 d:- ref:0 ;
in:216 out:213 type:P dur:2 cpbdur:2 q:37.82 aq:28.50 tex:13902 mv:3512 misc:2346 imb:109 pmb:453 smb:3848 d:t ref:0 ;
in:214 out:214 type:B dur:2 cpbdur:2 q:37.91 aq:30.03 tex:513 mv:595 misc:820 imb:2 pmb:95 smb:4313 d:t ref:0 ;
in:213 out:215 type:b dur:2 cpbdur:2 q:37.96 aq:30.20 tex:134 mv:515 misc:679 imb:1 pmb:69 smb:4340 d:s ref:0 ;
in:215 out:216 type:b dur:2 cpbdur:2 q:37.87 aq:25.50 tex:94 mv:62 misc:332 imb:2 pmb:9 smb:4399 d:- ref:0 ;
in:220 out:217 type:P dur:2 cpbdur:2 q:37.63 aq:27.86 tex:13918 mv:3629 misc:2429 imb:131 pmb:475 smb:3804 d:t ref:0 ;
in:218 out:218 type:B dur:2 cpbdur:2 q:37.72 aq:30.54 tex:525 mv:441 misc:674 imb:3 pmb:69 smb:4338 d:t ref:0 ;
in:217 out:219 type:b dur:2 cpbdur:2 q:37.77 aq:32.27 tex:71 mv:190 misc:443 imb:0 pmb:29 smb:4381 d:s ref:0 ;
in:219 out:220 type:b dur:2 cpbdur:2 q:37.67 aq:23.00 tex:6 mv:46 misc:340 imb:1 pmb:10 smb:4399 d:- ref:0 ;
in:224 out:221 type:P dur:2 cpbdur:2 q:37.37 aq:26.62 tex:17894 mv:3846 misc:2620 imb:135 pmb:545 smb:3730 d:t ref:0 ;
in:222 out:222 type:B dur:2 cpbdur:2 q:37.50 aq:28.41 tex:822 mv:587 misc:743 imb:5 pmb:87 smb:4318 d:t ref:0 ;
in:221 out:223 type:b dur:2 cpbdur:2 q:37.56 aq:26.79 tex:68 mv:219 misc:433 imb:2 pmb:27 smb:4381 d:s ref:0 ;
in:223 out:224 type:b dur:2 cpbdur:2 q:37.44 aq:29.40 tex:165 mv:177 misc:418 imb:6 pmb:18 smb:4386 d:- ref:0 ;
in:228 out:225 type:P dur:2 cpbdur:2 q:37.19 aq:28.32 tex:15881 mv:3649 misc:2494 imb:90 pmb:505 smb:3815 d:t ref:0 ;
in:226 out:226 type:B dur:2 cpbdur:2 q:37.28 aq:26.08 tex:529 mv:430 misc:641 imb:6 pmb:56 smb:4348 d:t ref:0 ;
in:225 out:227 type:b dur:2 cpbdur:2 q:37.33 aq:27.05 tex:123 mv:235 misc:474 imb:2 pmb:34 smb:4374 d:s ref:0 ;
in:227 out:228 type:b dur:2 cpbdur:2 q:37.24 aq:32.51 tex:41 mv:20 misc:267 imb:0 pmb:3 smb:4407 d:- ref:0 ;
in:232 out:229 type:P dur:2 cpbdur:2 q:37.10 aq:27.71 tex:14280 mv:3413 misc:2299 imb:104 pmb:449 smb:3857 d:t ref:0 ;
in:230 out:230 type:B dur:2 cpbdur:2 q:37.15 aq:30.43 tex:588 mv:496 misc:644 imb:7 pmb:60 smb:4343 d:t ref:0 ;
in:229 out:231 type:b dur:2 cpbdur:2 q:37.17 aq:24.35 tex:104 mv:230 misc:434 imb:4 pmb:26 smb:4380 d:s ref:0 ;
in:231 out:232 type:b dur:2 cpbdur:2 q:37.12 aq:26.27 tex:69 mv:71 misc:364 imb:1 pmb:15 smb:4394 d:- ref:0 ;
in:236 out:233 type:P dur:2 cpbdur:2 q:37.05 aq:27.65 tex:14307 mv:3543 misc:2238 imb:106 pmb:432 smb:3872 d:t ref:0 ;
in:234 out:234 type:B dur:2 cpbdur:2 q:37.07 aq:32.30 tex:958 mv:723 misc:855 imb:3 pmb:101 smb:4306 d:t ref:0 ;
in:233 out:235 type:b dur:2 cpbdur:2 q:37.09 aq:27.49 tex:307 mv:425 misc:628 imb:2 pmb:59 smb:4349 d:s ref:0 ;
in:235 out:236 type:b dur:2 cpbdur:2 q:37.06 aq:26.03 tex:94 mv:123 misc:383 imb:2 pmb:16 smb:4392 d:- ref:0 ;
in:240 out:237 type:P dur:2 cpbdur:2 q:37.09 aq:28.13 tex:9716 mv:3380 misc:2072 imb:95 pmb:394 smb:3921 d:t ref:0 ;
in:238 out:238 type:B dur:2 cpbdur:2 q:37.07 aq:31.98 tex:686 mv:410 misc:656 imb:5 pmb:58 smb:4347 d:t ref:0 ;
in:237 out:239 type:b dur:2 cpbdur:2 q:37.06 aq:27.36 tex:95 mv:244 misc:469 imb:4 pmb:31 smb:4375 d:s ref:0 ;
in:239 out:240 type:b dur:2 cpbdur:2 q:37.08 aq:26.66 tex:90 mv:87 misc:359 imb:2 pmb:12 smb:4396 d:- ref:0 ;
in:244 out:241 type:P dur:2 cpbdur:2 q:37.03 aq:28.00 tex:10575 mv:3513 misc:2096 imb:129 pmb:387 smb:3894 d:t ref:0 ;
in:242 out:242 type:B dur:2 cpbdur:2 q:37.06 aq:30.04 tex:709 mv:586 misc:761 imb:6 pmb:79 smb:4325 d:t ref:0 ;
in:241 out:243 type:b dur:2 cpbdur:2 q:37.08 aq:22.00 tex:14 mv:167 misc:483 imb:1 pmb:34 smb:4375 d:s ref:0 ;
in:243 out:244 type:b dur:2 cpbdur:2 q:37.04 aq:27.15 tex:92 mv:170 misc:434 imb:1 pmb:26 smb:4383 d:- ref:0 ;
in:248 out:245 type:P dur:2 cpbdur:2 q:36.93 aq:26.41 tex:8264 mv:3090 misc:2134 imb:79 pmb:403 smb:3928 d:t ref:0 ;
in:246 out:246 type:B dur:2 cpbdur:2 q:36.98 aq:25.72 tex:289 mv:178 misc:445 imb:3 pmb:24 smb:4383 d:t ref:0 ;
in:245 out:247 type:b dur:2 cpbdur:2 q:37.00 aq:22.00 tex:9 mv:80 misc:335 imb:0 pmb:11 smb:4399 d:s ref:0 ;
in:247 out:248 type:b dur:2 cpbdur:2 q:36.96 aq:24.15 tex:49 mv:64 misc:327 imb:3 pmb:7 smb:4400 d:- ref:0 ;
in:249 out:249 type:P dur:2 cpbdur:2 q:36.80 aq:32.25 tex:699 mv:851 misc:1130 imb:18 pmb:141 smb:4251 d:t ref:0 ;
in:250 out:250 type:I dur:2 cpbdur:2 q:34.41 aq:20.95 tex:477219 mv:87880 misc:549 imb:4410 pmb:0 smb:0 d:t ref:;
in:254 out:251 type:P dur:2 cpbdur:2 q:42.59 aq:32.07 tex:2942 mv:2352 misc:1650 imb:86 pmb:251 smb:4073 d:t ref:0 ;
in:252 out:252 type:B dur:2 cpbdur:2 q:42.59 aq:29.34 tex:116 mv:133 misc:391 imb:1 pmb:20 smb:4389 d:t ref:0 ;
in:251 out:253 type:b dur:2 cpbdur:2 q:42.59 aq:28.00 tex:0 mv:3 misc:253 imb:0 pmb:1 smb:4409 d:s ref:0 ;
in:253 out:254 type:b dur:2 cpbdur:2 q:42.59 aq:30.61 tex:38 mv:4 misc:262 imb:0 pmb:1 smb:4409 d:- ref:0 ;
in:258 out:255 type:P dur:2 cpbdur:2 q:42.36 aq:31.94 tex:4341 mv:2469 misc:1670 imb:90 pmb:267 smb:4053 d:t ref:0 ;
in:256 out:256 type:B dur:2 cpbdur:2 q:42.48 aq:32.67 tex:106 mv:95 misc:383 imb:1 pmb:15 smb:4394 d:t ref:0 ;
in:255 out:257 type:b dur:2 cpbdur:2 q:42.53 aq:28.00 tex:4 mv:64 misc:316 imb:1 pmb:7 smb:4402 d:s ref:0 ;
in:257 out:258 type:b dur:2 cpbdur:2 q:42.42 aq:27.00 tex:9 mv:4 misc:259 imb:0 pmb:1 smb:4409 d:- ref:0 ;
in:262 out:259 type:P dur:2 cpbdur:2 q:42.11 aq:32.82 tex:3558 mv:2231 misc:1667 imb:78 pmb:251 smb:4081 d:t ref:0 ;
in:260 out:260 type:B dur:2 cpbdur:2 q:42.23 aq:37.60 tex:100 mv:90 misc:378 imb:0 pmb:15 smb:4395 d:t ref:0 ;
in:259 out:261 type:b dur:2 cpbdur:2 q:42.30 aq:27.00 tex:4 mv:24 misc:300 imb:1 pmb:5 smb:4404 d:s ref:0 ;
in:261 out:262 type:b dur:2 cpbdur:2 q:42.17 aq:30.05 tex:39 mv:8 misc:265 imb:0 pmb:2 smb:4408 d:- ref:0 ;
in:266 out:263 type:P dur:2 cpbdur:2 q:41.85 aq:32.40 tex:5780 mv:2704 misc:1812 imb:139 pmb:260 smb:4011 d:t ref:0 ;
in:264 out:264 type:B dur:2 cpbdur:2 q:41.98 aq:33.83 tex:135 mv:282 misc:559 imb:4 pmb:42 smb:4364 d:t ref:0 ;
in:263 out:265 type:b dur:2 cpbdur:2 q:42.05 aq:27.41 tex:74 mv:227 misc:483 imb:2 pmb:33 smb:4375 d:s ref:0 ;
in:265 out:266 type:b dur:2 cpbdur:2 q:41.92 aq:27.00 tex:1 mv:22 misc:265 imb:0 pmb:2 smb:4408 d:- ref:0 ;
in:270 out:267 type:P dur:2 cpbdur:2 q:41.34 aq:31.93 tex:5041 mv:2398 misc:1681 imb:79 pmb:275 smb:4056 d:t ref:0 ;
in:268 out:268 type:B dur:2 cpbdur:2 q:41.60 aq:29.46 tex:169 mv:88 misc:391 imb:1 pmb:17 smb:4392 d:t ref:0 ;
in:267 out:269 type:b dur:2 cpbdur:2 q:41.73 aq:28.20 tex:59 mv:61 misc:312 imb:2 pmb:6 smb:4402 d:s ref:0 ;
in:269 out:270 type:b dur:2 cpbdur:2 q:41.47 aq:38.05 tex:38 mv:4 misc:262 imb:0 pmb:1 smb:4409 d:- ref:0 ;
in:274 out:271 type:P dur:2 cpbdur:2 q:41.14 aq:31.73 tex:5422 mv:2533 misc:1733 imb:103 pmb:265 smb:4042 d:t ref:0 ;
in:272 out:272 type:B dur:2 cpbdur:2 q:41.24 aq:37.59 tex:261 mv:248 misc:491 imb:1 pmb:36 smb:4373 d:t ref:0 ;
in:271 out:273 type:b dur:2 cpbdur:2 q:41.29 aq:32.10 tex:51 mv:96 misc:381 imb:1 pmb:18 smb:4391 d:s ref:0 ;
in:273 out:274 type:b dur:2 cpbdur:2 q:41.19 aq:28.73 tex:47 mv:19 misc:270 imb:1 pmb:2 smb:4407 d:- ref:0 ;
in:278 out:275 type:P dur:2 cpbdur:2 q:40.92 aq:31.04 tex:4994 mv:2269 misc:1673 imb:70 pmb:268 smb:4072 d:t ref:0 ;
in:276 out:276 type:B dur:2 cpbdur:2 q:41.03 aq:31.53 tex:138 mv:127 misc:415 imb:2 pmb:20 smb:4388 d:t ref:0 ;
in:275 out:277 type:b dur:2 cpbdur:2 q:41.08 aq:32.70 tex:41 mv:39 misc:320 imb:0 pmb:9 smb:4401 d:s ref:0 ;
in:277 out:278 type:b dur:2 cpbdur:2 q:40.97 aq:26.00 tex:0 mv:0 misc:248 imb:0 pmb:0 smb:4410 d:- ref:0 ;
in:282 out:279 type:P dur:2 cpbdur:2 q:40.71 aq:32.37 tex:6282 mv:2529 misc:1725 imb:93 pmb:282 smb:4035 d:t ref:0 ;
in:280 out:280 type:B dur:2 cpbdur:2 q:40.82 aq:35.30 tex:388 mv:168 misc:484 imb:0 pmb:34 smb:4376 d:t ref:0 ;
in:279 out:281 type:b dur:2 cpbdur:2 q:40.87 aq:31.23 tex:70 mv:111 misc:371 imb:2 pmb:16 smb:4392 d:s ref:0 ;
in:281 out:282 type:b dur:2 cpbdur:2 q:40.76 aq:36.05 tex:78 mv:22 misc:284 imb:1 pmb:3 smb:4406 d:- ref:0 ;
in:286 out:283 type:P dur:2 cpbdur:2 q:40.55 aq:31.65 tex:6027 mv:2542 misc:1791 imb:106 pmb:285 smb:4019 d:t ref:0 ;
in:284 out:284 type:B dur:2 cpbdur:2 q:40.63 aq:34.71 tex:337 mv:337 misc:534 imb:5 pmb:39 smb:4366 d:t ref:0 ;
in:283 out:285 type:b dur:2 cpbdur:2 q:40.67 aq:37.24 tex:69 mv:161 misc:418 imb:0 pmb:26 smb:4384 d:s ref:0 ;
in:285 out:286 type:b dur:2 cpbdur:2 q:40.59 aq:26.00 tex:2 mv:11 misc:259 imb:1 pmb:0 smb:4409 d:- ref:0 ;
in:290 out:287 type:P dur:2 cpbdur:2 q:40.36 aq:29.89 tex:5047 mv:2442 misc:1711 imb:78 pmb:281 smb:4051 d:t ref:0 ;
in:288 out:288 type:B dur:2 cpbdur:2 q:40.45 aq:34.59 tex:227 mv:146 misc:475 imb:1 pmb:30 smb:4379 d:t ref:0 ;
in:287 out:289 type:b dur:2 cpbdur:2 q:40.50 aq:32.57 tex:49 mv:122 misc:381 imb:1 pmb:18 smb:4391 d:s ref:0 ;
in:289 out:290 type:b dur:2 cpbdur:2 q:40.40 aq:27.71 tex:64 mv:33 misc:295 imb:1 pmb:5 smb:4404 d:- ref:0 ;
in:294 out:291 type:P dur:2 cpbdur:2 q:40.19 aq:29.90 tex:6144 mv:2548 misc:1772 imb:105 pmb:276 smb:4029 d:t ref:0 ;
in:292 out:292 type:B dur:2 cpbdur:2 q:40.27 aq:35.47 tex:323 mv:242 misc:507 imb:0 pmb:38 smb:4372 d:t ref:0 ;
in:291 out:293 type:b dur:2 cpbdur:2 q:40.31 aq:25.00 tex:4 mv:72 misc:348 imb:1 pmb:12 smb:4397 d:s ref:0 ;
in:293 out:294 type:b dur:2 cpbdur:2 q:40.23 aq:28.49 tex:34 mv:56 misc:310 imb:1 pmb:7 smb:4402 d:- ref:0 ;
in:298 out:295 type:P dur:2 cpbdur:2 q:40.01 aq:30.62 tex:7721 mv:2777 misc:1838 imb:95 pmb:320 smb:3995 d:t ref:0 ;
in:296 out:296 type:B dur:2 cpbdur:2 q:40.10 aq:33.80 tex:200 mv:126 misc:418 imb:1 pmb:22 smb:4387 d:t ref:0 ;
in:295 out:297 type:b dur:2 cpbdur:2 q:40.14 aq:32.60 tex:96 mv:137 misc:391 imb:1 pmb:20 smb:4389 d:s ref:0 ;
in:297 out:298 type:b dur:2 cpbdur:2 q:40.06 aq:32.81 tex:71 mv:50 misc:303 imb:1 pmb:5 smb:4404 d:- ref:0 ;
in:302 out:299 type:P dur:2 cpbdur:2 q:39.83 aq:30.07 tex:6499 mv:2690 misc:1827 imb:107 pmb:298 smb:4005 d:t ref:0 ;
in:300 out:300 type:B dur:2 cpbdur:2 q:39.92 aq:28.63 tex:153 mv:299 misc:516 imb:3 pmb:36 smb:4371 d:t ref:0 ;
in:299 out:301 type:b dur:2 cpbdur:2 q:39.97 aq:25.00 tex:14 mv:119 misc:395 imb:1 pmb:21 smb:4388 d:s ref:0 ;
in:301 out:302 type:b dur:2 cpbdur:2 q:39.87 aq:29.91 tex:100 mv:44 misc:312 imb:2 pmb:7 smb:4401 d:- ref:0 ;
in:306 out:303 type:P dur:2 cpbdur:2 q:39.66 aq:30.06 tex:7269 mv:2906 misc:1857 imb:118 pmb:313 smb:3979 d:t ref:0 ;
in:304 out:304 type:B dur:2 cpbdur:2 q:39.74 aq:29.19 tex:338 mv:403 misc:667 imb:6 pmb:65 smb:4339 d:t ref:0 ;
in:303 out:305 type:b dur:2 cpbdur:2 q:39.79 aq:27.85 tex:61 mv:263 misc:508 imb:0 pmb:43 smb:4367 d:s ref:0 ;
in:305 out:306 type:b dur:2 cpbdur:2 q:39.70 aq:33.93 tex:64 mv:64 misc:336 imb:2 pmb:9 smb:4399 d:- ref:0 ;
in:310 out:307 type:P dur:2 cpbdur:2 q:39.47 aq:30.49 tex:6099 mv:2483 misc:1762 imb:93 pmb:299 smb:4018 d:t ref:0 ;
in:308 out:308 type:B dur:2 cpbdur:2 q:39.57 aq:32.37 tex:505 mv:315 misc:596 imb:3 pmb:51 smb:4356 d:t ref:0 ;
in:307 out:309 type:b dur:2 cpbdur:2 q:39.61 aq:35.94 tex:108 mv:154 misc:418 imb:0 pmb:25 smb:4385 d:s ref:0 ;
in:309 out:310 type:b dur:2 cpbdur:2 q:39.52 aq:34.47 tex:58 mv:29 misc:297 imb:1 pmb:6 smb:4403 d:- ref:0 ;
in:314 out:311 type:P dur:2 cpbdur:2 q:39.33 aq:29.97 tex:9888 mv:2920 misc:2000 imb:102 pmb:370 smb:3938 d:t ref:0 ;
in:312 out:312 type:B dur:2 cpbdur:2 q:39.40 aq:30.87 tex:385 mv:381 misc:570 imb:5 pmb:44 smb:4361 d:t ref:0 ;
in:311 out:313 type:b dur:2 cpbdur:2 q:39.44 aq:35.49 tex:71 mv:93 misc:372 imb:0 pmb:16 smb:4394 d:s ref:0 ;
in:313 out:314 type:b dur:2 cpbdur:2 q:39.36 aq:28.65 tex:96 mv:118 misc:386 imb:3 pmb:16 smb:4391 d:- ref:0 ;
in:318 out:315 type:P dur:2 cpbdur:2 q:39.20 aq:30.17 tex:8034 mv:2934 misc:1848 imb:95 pmb:342 smb:3973 d:t ref:0 ;
in:316 out:316 type:B dur:2 cpbdur:2 q:39.27 aq:29.78 tex:215 mv:278 misc:499 imb:3 pmb:33 smb:4374 d:t ref:0 ;
in:315 out:317 type:b dur:2 cpbdur:2 q:39.30 aq:24.00 tex:14 mv:123 misc:375 imb:3 pmb:14 smb:4393 d:s ref:0 ;
in:317 out:318 type:b dur:2 cpbdur:2 q:39.24 aq:25.82 tex:61 mv:51 misc:312 imb:1 pmb:7 smb:4402 d:- ref:0 ;
in:322 out:319 type:P dur:2 cpbdur:2 q:39.04 aq:29.87 tex:7378 mv:2903 misc:1831 imb:94 pmb:335 smb:3981 d:t ref:0 ;
in:320 out:320 type:B dur:2 cpbdur:2 q:39.12 aq:34.69 tex:248 mv:248 misc:520 imb:2 pmb:36 smb:4372 d:t ref:0 ;
in:319 out:321 type:b dur:2 cpbdur:2 q:39.16 aq:27.78 tex:74 mv:157 misc:449 imb:1 pmb:29 smb:4380 d:s ref:0 ;
in:321 out:322 type:b dur:2 cpbdur:2 q:39.08 aq:28.29 tex:56 mv:63 misc:321 imb:1 pmb:8 smb:4401 d:- ref:0 ;
in:324 out:323 type:P dur:2 cpbdur:2 q:38.91 aq:28.37 tex:7325 mv:2714 misc:1857 imb:82 pmb:329 smb:3999 d:t ref:0 ;
in:323 out:324 type:b dur:2 cpbdur:2 q:38.98 aq:26.48 tex:75 mv:79 misc:334 imb:2 pmb:9 smb:4399 d:t ref:0 ;
in:328 out:325 type:P dur:2 cpbdur:2 q:38.83 aq:29.44 tex:7791 mv:2854 misc:1795 imb:120 pmb:273 smb:4017 d:t ref:0 ;
in:326 out:326 type:B dur:2 cpbdur:2 q:38.87 aq:32.14 tex:485 mv:351 misc:580 imb:5 pmb:48 smb:4357 d:t ref:0 ;
in:325 out:327 type:b dur:2 cpbdur:2 q:38.89 aq:27.13 tex:36 mv:136 misc:372 imb:0 pmb:19 smb:4391 d:s ref:0 ;
in:327 out:328 type:b dur:2 cpbdur:2 q:38.85 aq:26.71 tex:96 mv:94 misc:370 imb:2 pmb:14 smb:4394 d:- ref:0 ;
in:332 out:329 type:P dur:2 cpbdur:2 q:38.70 aq:28.77 tex:9215 mv:2981 misc:1860 imb:126 pmb:299 smb:3985 d:t ref:0 ;
in:330 out:330 type:B dur:2 cpbdur:2 q:38.77 aq:33.34 tex:435 mv:505 misc:700 imb:1 pmb:75 smb:4334 d:t ref:0 ;
in:329 out:331 type:b dur:2 cpbdur:2 q:38.80 aq:35.21 tex:247 mv:323 misc:534 imb:4 pmb:43 smb:4363 d:s ref:0 ;
in:331 out:332 type:b dur:2 cpbdur:2 q:38.74 aq:28.78 tex:61 mv:55 misc:316 imb:1 pmb:7 smb:4402 d:- ref:0 ;
in:336 out:333 type:P dur:2 cpbdur:2 q:38.58 aq:29.28 tex:9919 mv:3102 misc:1867 imb:117 pmb:315 smb:3978 d:t ref:0 ;
in:334 out:334 type:B dur:2 cpbdur:2 q:38.64 aq:32.37 tex:682 mv:661 misc:833 imb:4 pmb:96 smb:4310 d:t ref:0 ;
in:333 out:335 type:b dur:2 cpbdur:2 q:38.67 aq:26.91 tex:110 mv:404 misc:606 imb:4 pmb:54 smb:4352 d:s ref:0 ;
in:335 out:336 type:b dur:2 cpbdur:2 q:38.61 aq:25.78 tex:48 mv:72 misc:320 imb:1 pmb:9 smb:4400 d:- ref:0 ;
in:340 out:337 type:P dur:2 cpbdur:2 q:38.45 aq:28.89 tex:6978 mv:2876 misc:1786 imb:80 pmb:332 smb:3998 d:t ref:0 ;
in:338 out:338 type:B dur:2 cpbdur:2 q:38.51 aq:33.54 tex:349 mv:255 misc:564 imb:4 pmb:42 smb:4364 d:t ref:0 ;
in:337 out:339 type:b dur:2 cpbdur:2 q:38.55 aq:28.23 tex:53 mv:176 misc:427 imb:1 pmb:26 smb:4383 d:s ref:0 ;
in:339 out:340 type:b dur:2 cpbdur:2 q:38.48 aq:23.00 tex:2 mv:10 misc:268 imb:0 pmb:2 smb:4408 d:- ref:0 ;
in:344 out:341 type:P dur:2 cpbdur:2 q:38.33 aq:29.22 tex:7953 mv:2982 misc:1801 imb:104 pmb:318 smb:3988 d:t ref:0 ;
in:342 out:342 type:B dur:2 cpbdur:2 q:38.39 aq:31.37 tex:458 mv:403 misc:611 imb:7 pmb:50 smb:4353 d:t ref:0 ;
in:341 out:343 type:b dur:2 cpbdur:2 q:38.42 aq:24.44 tex:55 mv:182 misc:427 imb:5 pmb:21 smb:4384 d:s ref:0 ;
in:343 out:344 type:b dur:2 cpbdur:2 q:38.36 aq:32.49 tex:90 mv:41 misc:309 imb:1 pmb:6 smb:4403 d:- ref:0 ;
in:348 out:345 type:P dur:2 cpbdur:2 q:38.20 aq:29.65 tex:4967 mv:2616 misc:1713 imb:67 pmb:293 smb:4050 d:t ref:0 ;
in:346 out:346 type:B dur:2 cpbdur:2 q:38.27 aq:29.75 tex:267 mv:269 misc:488 imb:3 pmb:34 smb:4373 d:t ref:0 ;
in:345 out:347 type:b dur:2 cpbdur:2 q:38.30 aq:28.39 tex:56 mv:126 misc:362 imb:0 pmb:18 smb:4392 d:s ref:0 ;
in:347 out:348 type:b dur:2 cpbdur:2 q:38.23 aq:23.00 tex:3 mv:24 misc:277 imb:0 pmb:3 smb:4407 d:- ref:0 ;
in:352 out:349 type:P dur:2 cpbdur:2 q:38.06 aq:28.28 tex:8586 mv:2923 misc:1843 imb:97 pmb:312 smb:4001 d:t ref:0 ;
in:350 out:350 type:B dur:2 cpbdur:2 q:38.13 aq:30.58 tex:466 mv:372 misc:586 imb:2 pmb:48 smb:4360 d:t ref:0 ;
in:349 out:351 type:b dur:2 cpbdur:2 q:38.16 aq:26.26 tex:91 mv:135 misc:382 imb:3 pmb:16 smb:4391 d:s ref:0 ;
in:351 out:352 type:b dur:2 cpbdur:2 q:38.09 aq:27.90 tex:89 mv:83 misc:356 imb:1 pmb:13 smb:4396 d:- ref:0 ;
in:354 out:353 type:P dur:2 cpbdur:2 q:37.93 aq:29.23 tex:6669 mv:2493 misc:1742 imb:68 pmb:301 smb:4041 d:t ref:0 ;
in:353 out:354 type:b dur:2 cpbdur:2 q:37.99 aq:25.92 tex:37 mv:24 misc:291 imb:0 pmb:5 smb:4405 d:t ref:0 ;
in:358 out:355 type:P dur:2 cpbdur:2 q:37.88 aq:29.14 tex:7741 mv:3025 misc:1826 imb:95 pmb:315 smb:4000 d:t ref:0 ;
in:356 out:356 type:B dur:2 cpbdur:2 q:37.90 aq:27.49 tex:385 mv:344 misc:599 imb:3 pmb:55 smb:4352 d:t ref:0 ;
in:355 out:357 type:b dur:2 cpbdur:2 q:37.91 aq:23.00 tex:10 mv:141 misc:361 imb:2 pmb:14 smb:4394 d:s ref:0 ;
in:357 out:358 type:b dur:2 cpbdur:2 q:37.89 aq:32.94 tex:63 mv:80 misc:345 imb:1 pmb:14 smb:4395 d:- ref:0 ;
in:362 out:359 type:P dur:2 cpbdur:2 q:37.72 aq:29.82 tex:9079 mv:3219 misc:1878 imb:115 pmb:319 smb:3976 d:t ref:0 ;
in:360 out:360 type:B dur:2 cpbdur:2 q:37.80 aq:29.42 tex:484 mv:620 misc:776 imb:8 pmb:82 smb:4320 d:t ref:0 ;
in:359 out:361 type:b dur:2 cpbdur:2 q:37.84 aq:33.61 tex:141 mv:305 misc:570 imb:0 pmb:51 smb:4359 d:s ref:0 ;
in:361 out:362 type:b dur:2 cpbdur:2 q:37.76 aq:25.92 tex:73 mv:68 misc:339 imb:1 pmb:11 smb:4398 d:- ref:0 ;
in:366 out:363 type:P dur:2 cpbdur:2 q:37.56 aq:30.30 tex:8893 mv:3153 misc:1850 imb:119 pmb:308 smb:3983 d:t ref:0 ;
in:364 out:364 type:B dur:2 cpbdur:2 q:37.64 aq:32.39 tex:716 mv:771 misc:889 imb:3 pmb:106 smb:4301 d:t ref:0 ;
in:363 out:365 type:b dur:2 cpbdur:2 q:37.68 aq:34.73 tex:238 mv:509 misc:661 imb:3 pmb:69 smb:4338 d:s ref:0 ;
in:365 out:366 type:b dur:2 cpbdur:2 q:37.60 aq:23.00 tex:8 mv:60 misc:316 imb:1 pmb:7 smb:4402 d:- ref:0 ;
in:370 out:367 type:P dur:2 cpbdur:2 q:37.38 aq:29.82 tex:6705 mv:2896 misc:1751 imb:81 pmb:308 smb:4021 d:t ref:0 ;
in:368 out:368 type:B dur:2 cpbdur:2 q:37.47 aq:28.60 tex:384 mv:347 misc:573 imb:3 pmb:47 smb:4360 d:t ref:0 ;
in:367 out:369 type:b dur:2 cpbdur:2 q:37.51 aq:35.40 tex:158 mv:231 misc:491 imb:0 pmb:38 smb:4372 d:s ref:0 ;
in:369 out:370 type:b dur:2 cpbdur:2 q:37.43 aq:29.65 tex:81 mv:68 misc:363 imb:1 pmb:15 smb:4394 d:- ref:0 ;
in:374 out:371 type:P dur:2 cpbdur:2 q:37.24 aq:30.05 tex:6939 mv:2913 misc:1820 imb:88 pmb:318 smb:4004 d:t ref:0 ;
in:372 out:372 type:B dur:2 cpbdur:2 q:37.31 aq:29.82 tex:691 mv:449 misc:660 imb:4 pmb:62 smb:4344 d:t ref:0 ;
in:371 out:373 type:b dur:2 cpbdur:2 q:37.35 aq:27.41 tex:68 mv:138 misc:386 imb:1 pmb:18 smb:4391 d:s ref:0 ;
in:373 out:374 type:b dur:2 cpbdur:2 q:37.27 aq:27.36 tex:108 mv:105 misc:379 imb:1 pmb:17 smb:4392 d:- ref:0 ;
in:378 out:375 type:P dur:2 cpbdur:2 q:37.12 aq:30.09 tex:4268 mv:2546 misc:1682 imb:65 pmb:281 smb:4064 d:t ref:0 ;
in:376 out:376 type:B dur:2 cpbdur:2 q:37.18 aq:30.78 tex:710 mv:519 misc:659 imb:1 pmb:67 smb:4342 d:t ref:0 ;
in:375 out:377 type:b dur:2 cpbdur:2 q:37.21 aq:26.78 tex:67 mv:247 misc:470 imb:1 pmb:32 smb:4377 d:s ref:0 ;
in:377 out:378 type:b dur:2 cpbdur:2 q:37.15 aq:32.65 tex:159 mv:112 misc:369 imb:1 pmb:17 smb:4392 d:- ref:0 ;
in:380 out:379 type:P dur:2 cpbdur:2 q:36.94 aq:26.65 tex:13259 mv:4866 misc:2179 imb:428 pmb:235 smb:3747 d:t ref:0 ;
in:379 out:380 type:b dur:2 cpbdur:2 q:37.03 aq:29.81 tex:2363 mv:8357 misc:2416 imb:86 pmb:1967 smb:2357 d:s ref:0 ;
in:384 out:381 type:P dur:2 cpbdur:2 q:37.16 aq:28.23 tex:151041 mv:13830 misc:1873 imb:1803 pmb:245 smb:2362 d:t ref:0 ;
in:382 out:382 type:B dur:2 cpbdur:2 q:37.05 aq:31.19 tex:36532 mv:12859 misc:1969 imb:395 pmb:1795 smb:2220 d:s ref:0 ;
in:381 out:383 type:b dur:2 cpbdur:2 q:36.99 aq:29.36 tex:2029 mv:3998 misc:2109 imb:84 pmb:1910 smb:2416 d:s ref:0 ;
in:383 out:384 type:b dur:2 cpbdur:2 q:37.11 aq:31.27 tex:2760 mv:2189 misc:1995 imb:58 pmb:435 smb:3917 d:- ref:0 ;
in:386 out:385 type:P dur:2 cpbdur:2 q:37.81 aq:28.58 tex:58330 mv:8033 misc:2429 imb:485 pmb:781 smb:3144 d:t ref:0 ;
in:385 out:386 type:b dur:2 cpbdur:2 q:37.49 aq:30.96 tex:1908 mv:3853 misc:2079 imb:65 pmb:1360 smb:2985 d:s ref:0 ;
in:388 out:387 type:P dur:2 cpbdur:2 q:38.16 aq:26.86 tex:35897 mv:6381 misc:2490 imb:339 pmb:687 smb:3384 d:t ref:0 ;
in:387 out:388 type:b dur:2 cpbdur:2 q:37.99 aq:24.15 tex:522 mv:3990 misc:2024 imb:38 pmb:1128 smb:3244 d:s ref:0 ;
in:392 out:389 type:P dur:2 cpbdur:2 q:38.26 aq:27.64 tex:28741 mv:6566 misc:2461 imb:165 pmb:815 smb:3430 d:t ref:0 ;
in:390 out:390 type:B dur:2 cpbdur:2 q:38.21 aq:32.53 tex:997 mv:3563 misc:1848 imb:11 pmb:524 smb:3875 d:s ref:0 ;
in:389 out:391 type:b dur:2 cpbdur:2 q:38.18 aq:26.53 tex:53 mv:620 misc:735 imb:0 pmb:85 smb:4325 d:s ref:0 ;
in:391 out:392 type:b dur:2 cpbdur:2 q:38.24 aq:28.12 tex:317 mv:1021 misc:1478 imb:10 pmb:294 smb:4106 d:- ref:0 ;
in:396 out:393 type:P dur:2 cpbdur:2 q:38.31 aq:28.25 tex:11844 mv:3154 misc:2178 imb:139 pmb:397 smb:3874 d:t ref:0 ;
in:394 out:394 type:B dur:2 cpbdur:2 q:38.29 aq:32.14 tex:530 mv:746 misc:852 imb:11 pmb:96 smb:4303 d:t ref:0 ;
in:393 out:395 type:b dur:2 cpbdur:2 q:38.28 aq:29.27 tex:223 mv:527 misc:650 imb:8 pmb:60 smb:4342 d:s ref:0 ;
in:395 out:396 type:b dur:2 cpbdur:2 q:38.30 aq:31.73 tex:141 mv:172 misc:471 imb:1 pmb:32 smb:4377 d:- ref:0 ;
in:400 out:397 type:P dur:2 cpbdur:2 q:39.10 aq:30.61 tex:23486 mv:3645 misc:2181 imb:248 pmb:324 smb:3838 d:s ref:0 ;
in:398 out:398 type:B dur:2 cpbdur:2 q:38.70 aq:27.48 tex:696 mv:1355 misc:1421 imb:19 pmb:221 smb:4170 d:t ref:0 ;
in:397 out:399 type:b dur:2 cpbdur:2 q:38.51 aq:31.81 tex:114 mv:131 misc:395 imb:1 pmb:21 smb:4388 d:s ref:0 ;
in:399 out:400 type:b dur:2 cpbdur:2 q:38.90 aq:26.84 tex:1875 mv:2731 misc:1770 imb:256 pmb:168 smb:3986 d:- ref:0 ;
in:404 out:401 type:P dur:2 cpbdur:2 q:39.64 aq:30.12 tex:5147 mv:2319 misc:1918 imb:50 pmb:363 smb:3997 d:s ref:0 ;
in:402 out:402 type:B dur:2 cpbdur:2 q:39.37 aq:33.56 tex:160 mv:105 misc:415 imb:0 pmb:21 smb:4389 d:s ref:0 ;
in:401 out:403 type:b dur:2 cpbdur:2 q:39.23 aq:28.24 tex:58 mv:64 misc:310 imb:4 pmb:4 smb:4402 d:s ref:0 ;
in:403 out:404 type:b dur:2 cpbdur:2 q:39.50 aq:28.05 tex:62 mv:17 misc:273 imb:0 pmb:3 smb:4407 d:- ref:0 ;
in:408 out:405 type:P dur:2 cpbdur:2 q:39.89 aq:29.78 tex:3479 mv:2529 misc:1856 imb:68 pmb:334 smb:4008 d:s ref:0 ;
in:406 out:406 type:B dur:2 cpbdur:2 q:39.76 aq:34.52 tex:310 mv:263 misc:523 imb:2 pmb:38 smb:4370 d:t ref:0 ;
in:405 out:407 type:b dur:2 cpbdur:2 q:39.70 aq:25.00 tex:3 mv:24 misc:277 imb:1 pmb:2 smb:4407 d:s ref:0 ;
in:407 out:408 type:b dur:2 cpbdur:2 q:39.83 aq:34.83 tex:109 mv:70 misc:365 imb:0 pmb:16 smb:4394 d:- ref:0 ;
in:412 out:409 type:P dur:2 cpbdur:2 q:39.92 aq:30.42 tex:6825 mv:3471 misc:1960 imb:125 pmb:354 smb:3931 d:s ref:0 ;
in:410 out:410 type:B dur:2 cpbdur:2 q:39.91 aq:31.05 tex:321 mv:709 misc:882 imb:7 pmb:103 smb:4300 d:t ref:0 ;
in:409 out:411 type:b dur:2 cpbdur:2 q:39.90 aq:25.00 tex:5 mv:78 misc:349 imb:1 pmb:12 smb:4397 d:s ref:0 ;
in:411 out:412 type:b dur:2 cpbdur:2 q:39.91 aq:25.00 tex:2 mv:36 misc:306 imb:0 pmb:7 smb:4403 d:- ref:0 ;
in:416 out:413 type:P dur:2 cpbdur:2 q:39.77 aq:30.28 tex:8944 mv:3652 misc:2092 imb:166 pmb:356 smb:3888 d:s ref:0 ;
in:414 out:414 type:B dur:2 cpbdur:2 q:39.85 aq:32.75 tex:453 mv:1630 misc:1453 imb:3 pmb:241 smb:4166 d:t ref:0 ;
in:413 out:415 type:b dur:2 cpbdur:2 q:39.89 aq:26.28 tex:91 mv:115 misc:370 imb:2 pmb:15 smb:4393 d:s ref:0 ;
in:415 out:416 type:b dur:2 cpbdur:2 q:39.81 aq:29.85 tex:58 mv:54 misc:296 imb:2 pmb:5 smb:4403 d:- ref:0 ;
in:420 out:417 type:P dur:2 cpbdur:2 q:39.60 aq:30.16 tex:7225 mv:3752 misc:2111 imb:149 pmb:384 smb:3877 d:s ref:0 ;
in:418 out:418 type:B dur:2 cpbdur:2 q:39.69 aq:31.87 tex:436 mv:1311 misc:1293 imb:10 pmb:190 smb:4210 d:t ref:0 ;
in:417 out:419 type:b dur:2 cpbdur:2 q:39.73 aq:35.19 tex:68 mv:65 misc:339 imb:0 pmb:12 smb:4398 d:s ref:0 ;
in:419 out:420 type:b dur:2 cpbdur:2 q:39.65 aq:28.31 tex:42 mv:27 misc:299 imb:0 pmb:6 smb:4404 d:- ref:0 ;
in:424 out:421 type:P dur:2 cpbdur:2 q:39.38 aq:28.92 tex:10365 mv:4116 misc:2271 imb:226 pmb:369 smb:3815 d:s ref:0 ;
in:422 out:422 type:B dur:2 cpbdur:2 q:39.49 aq:30.48 tex:513 mv:1941 misc:1586 imb:15 pmb:268 smb:4127 d:t ref:0 ;
in:421 out:423 type:b dur:2 cpbdur:2 q:39.55 aq:25.84 tex:76 mv:169 misc:435 imb:3 pmb:25 smb:4382 d:s ref:0 ;
in:423 out:424 type:b dur:2 cpbdur:2 q:39.44 aq:28.90 tex:51 mv:176 misc:445 imb:3 pmb:28 smb:4379 d:- ref:0 ;
in:428 out:425 type:P dur:2 cpbdur:2 q:39.17 aq:29.54 tex:9047 mv:3696 misc:2241 imb:159 pmb:395 smb:3856 d:s ref:0 ;
in:426 out:426 type:B dur:2 cpbdur:2 q:39.27 aq:31.40 tex:586 mv:1297 misc:1309 imb:7 pmb:205 smb:4198 d:t ref:0 ;
in:425 out:427 type:b dur:2 cpbdur:2 q:39.33 aq:36.37 tex:45 mv:33 misc:298 imb:0 pmb:7 smb:4403 d:s ref:0 ;
in:427 out:428 type:b dur:2 cpbdur:2 q:39.22 aq:24.00 tex:4 mv:24 misc:284 imb:0 pmb:4 smb:4406 d:- ref:0 ;
in:432 out:429 type:P dur:2 cpbdur:2 q:39.12 aq:27.81 tex:7498 mv:3692 misc:2266 imb:181 pmb:379 smb:3850 d:s ref:0 ;
in:430 out:430 type:B dur:2 cpbdur:2 q:39.14 aq:30.63 tex:544 mv:1628 misc:1460 imb:7 pmb:242 smb:4161 d:t ref:0 ;
in:429 out:431 type:b dur:2 cpbdur:2 q:39.15 aq:31.56 tex:47 mv:76 misc:341 imb:1 pmb:11 smb:4398 d:s ref:0 ;
in:431 out:432 type:b dur:2 cpbdur:2 q:39.13 aq:37.29 tex:87 mv:47 misc:314 imb:0 pmb:10 smb:4400 d:- ref:0 ;
in:436 out:433 type:P dur:2 cpbdur:2 q:38.99 aq:29.13 tex:10233 mv:3946 misc:2253 imb:165 pmb:413 smb:3832 d:s ref:0 ;
in:434 out:434 type:B dur:2 cpbdur:2 q:39.06 aq:28.27 tex:483 mv:1783 misc:1510 imb:6 pmb:264 smb:4140 d:t ref:0 ;
in:433 out:435 type:b dur:2 cpbdur:2 q:39.09 aq:35.81 tex:183 mv:169 misc:448 imb:2 pmb:27 smb:4381 d:s ref:0 ;
in:435 out:436 type:b dur:2 cpbdur:2 q:39.02 aq:28.12 tex:79 mv:90 misc:335 imb:3 pmb:9 smb:4398 d:- ref:0 ;
in:440 out:437 type:P dur:2 cpbdur:2 q:38.95 aq:28.22 tex:9130 mv:3935 misc:2231 imb:176 pmb:401 smb:3833 d:s ref:0 ;
in:438 out:438 type:B dur:2 cpbdur:2 q:38.97 aq:33.81 tex:419 mv:1444 misc:1377 imb:5 pmb:218 smb:4187 d:t ref:0 ;
in:437 out:439 type:b dur:2 cpbdur:2 q:38.98 aq:27.21 tex:47 mv:56 misc:361 imb:1 pmb:14 smb:4395 d:s ref:0 ;
in:439 out:440 type:b dur:2 cpbdur:2 q:38.96 aq:26.06 tex:82 mv:79 misc:351 imb:3 pmb:12 smb:4395 d:- ref:0 ;
in:444 out:441 type:P dur:2 cpbdur:2 q:38.87 aq:27.69 tex:10028 mv:4021 misc:2239 imb:154 pmb:416 smb:3840 d:s ref:0 ;
in:442 out:442 type:B dur:2 cpbdur:2 q:38.91 aq:32.24 tex:438 mv:1999 misc:1627 imb:7 pmb:283 smb:4120 d:t ref:0 ;
in:441 out:443 type:b dur:2 cpbdur:2 q:38.93 aq:31.17 tex:96 mv:136 misc:384 imb:2 pmb:17 smb:4391 d:s ref:0 ;
in:443 out:444 type:b dur:2 cpbdur:2 q:38.89 aq:30.38 tex:106 mv:212 misc:426 imb:3 pmb:24 smb:4383 d:- ref:0 ;
in:448 out:445 type:P dur:2 cpbdur:2 q:38.71 aq:28.98 tex:7810 mv:4012 misc:2282 imb:139 pmb:444 smb:3827 d:s ref:0 ;
in:446 out:446 type:B dur:2 cpbdur:2 q:38.79 aq:28.28 tex:572 mv:2157 misc:1639 imb:10 pmb:293 smb:4107 d:t ref:0 ;
in:445 out:447 type:b dur:2 cpbdur:2 q:38.83 aq:28.31 tex:108 mv:107 misc:361 imb:2 pmb:14 smb:4394 d:s ref:0 ;
in:447 out:448 type:b dur:2 cpbdur:2 q:38.75 aq:24.00 tex:2 mv:46 misc:288 imb:0 pmb:5 smb:4405 d:- ref:0 ;
in:452 out:449 type:P dur:2 cpbdur:2 q:38.75 aq:29.16 tex:7998 mv:3879 misc:2235 imb:140 pmb:429 smb:3841 d:s ref:0 ;
in:450 out:450 type:B dur:2 cpbdur:2 q:38.73 aq:27.62 tex:639 mv:2058 misc:1623 imb:13 pmb:292 smb:4105 d:t ref:0 ;
in:449 out:451 type:b dur:2 cpbdur:2 q:38.72 aq:26.62 tex:82 mv:139 misc:419 imb:3 pmb:20 smb:4387 d:s ref:0 ;
in:451 out:452 type:b dur:2 cpbdur:2 q:38.74 aq:24.78 tex:56 mv:83 misc:357 imb:1 pmb:13 smb:4396 d:- ref:0 ;
in:456 out:453 type:P dur:2 cpbdur:2 q:38.65 aq:27.98 tex:8835 mv:4394 misc:2227 imb:190 pmb:429 smb:3791 d:s ref:0 ;
in:454 out:454 type:B dur:2 cpbdur:2 q:38.70 aq:28.95 tex:540 mv:2014 misc:1646 imb:8 pmb:310 smb:4092 d:t ref:0 ;
in:453 out:455 type:b dur:2 cpbdur:2 q:38.72 aq:30.11 tex:136 mv:232 misc:488 imb:1 pmb:34 smb:4375 d:s ref:0 ;
in:455 out:456 type:b dur:2 cpbdur:2 q:38.68 aq:31.45 tex:112 mv:90 misc:374 imb:1 pmb:16 smb:4393 d:- ref:0 ;
in:460 out:457 type:P dur:2 cpbdur:2 q:38.60 aq:28.26 tex:7938 mv:3846 misc:2224 imb:152 pmb:408 smb:3850 d:s ref:0 ;
in:458 out:458 type:B dur:2 cpbdur:2 q:38.63 aq:31.65 tex:417 mv:1770 misc:1525 imb:7 pmb:260 smb:4143 d:t ref:0 ;
in:457 out:459 type:b dur:2 cpbdur:2 q:38.64 aq:31.68 tex:85 mv:54 misc:317 imb:2 pmb:7 smb:4401 d:s ref:0 ;
in:459 out:460 type:b dur:2 cpbdur:2 q:38.61 aq:30.92 tex:120 mv:87 misc:353 imb:1 pmb:13 smb:4396 d:- ref:0 ;
in:464 out:461 type:P dur:2 cpbdur:2 q:38.50 aq:28.13 tex:8783 mv:4049 misc:2232 imb:173 pmb:401 smb:3836 d:t ref:0 ;
in:462 out:462 type:B dur:2 cpbdur:2 q:38.55 aq:32.19 tex:513 mv:524 misc:763 imb:3 pmb:84 smb:4323 d:t ref:0 ;
in:461 out:463 type:b dur:2 cpbdur:2 q:38.57 aq:31.95 tex:123 mv:73 misc:356 imb:1 pmb:12 smb:4397 d:s ref:0 ;
in:463 out:464 type:b dur:2 cpbdur:2 q:38.52 aq:24.00 tex:4 mv:92 misc:368 imb:0 pmb:15 smb:4395 d:- ref:0 ;
in:468 out:465 type:P dur:2 cpbdur:2 q:38.34 aq:29.18 tex:8663 mv:3782 misc:2203 imb:128 pmb:412 smb:3870 d:t ref:0 ;
in:466 out:466 type:B dur:2 cpbdur:2 q:38.42 aq:28.74 tex:412 mv:315 misc:601 imb:3 pmb:53 smb:4354 d:t ref:0 ;
in:465 out:467 type:b dur:2 cpbdur:2 q:38.46 aq:24.78 tex:58 mv:46 misc:336 imb:1 pmb:10 smb:4399 d:s ref:0 ;
in:467 out:468 type:b dur:2 cpbdur:2 q:38.38 aq:23.61 tex:74 mv:51 misc:307 imb:1 pmb:7 smb:4402 d:- ref:0 ;
in:472 out:469 type:P dur:2 cpbdur:2 q:38.37 aq:27.69 tex:16999 mv:4797 misc:2844 imb:138 pmb:703 smb:3569 d:t ref:0 ;
in:470 out:470 type:B dur:2 cpbdur:2 q:38.36 aq:31.00 tex:382 mv:368 misc:618 imb:5 pmb:54 smb:4351 d:t ref:0 ;
in:469 out:471 type:b dur:2 cpbdur:2 q:38.35 aq:23.00 tex:9 mv:56 misc:319 imb:1 pmb:9 smb:4400 d:s ref:0 ;
in:471 out:472 type:b dur:2 cpbdur:2 q:38.36 aq:25.75 tex:39 mv:37 misc:292 imb:2 pmb:3 smb:4405 d:- ref:0 ;
in:476 out:473 type:P dur:2 cpbdur:2 q:38.36 aq:28.19 tex:11398 mv:4211 misc:2487 imb:148 pmb:495 smb:3767 d:t ref:0 ;
in:474 out:474 type:B dur:2 cpbdur:2 q:38.36 aq:30.05 tex:276 mv:521 misc:747 imb:2 pmb:82 smb:4326 d:t ref:0 ;
in:473 out:475 type:b dur:2 cpbdur:2 q:38.37 aq:27.94 tex:108 mv:387 misc:593 imb:1 pmb:58 smb:4351 d:s ref:0 ;
in:475 out:476 type:b dur:2 cpbdur:2 q:38.36 aq:23.00 tex:13 mv:41 misc:290 imb:1 pmb:4 smb:4405 d:- ref:0 ;
in:480 out:477 type:P dur:2 cpbdur:2 q:38.31 aq:28.69 tex:8936 mv:4148 misc:2276 imb:148 pmb:433 smb:3829 d:t ref:0 ;
in:478 out:478 type:B dur:2 cpbdur:2 q:38.33 aq:32.85 tex:428 mv:424 misc:668 imb:2 pmb:65 smb:4343 d:t ref:0 ;
in:477 out:479 type:b dur:2 cpbdur:2 q:38.34 aq:26.98 tex:76 mv:190 misc:454 imb:0 pmb:30 smb:4380 d:s ref:0 ;
in:479 out:480 type:b dur:2 cpbdur:2 q:38.32 aq:23.00 tex:6 mv:25 misc:305 imb:0 pmb:8 smb:4402 d:- ref:0 ;
in:484 out:481 type:P dur:2 cpbdur:2 q:38.20 aq:28.12 tex:10582 mv:4112 misc:2314 imb:177 pmb:415 smb:3818 d:t ref:0 ;
in:482 out:482 type:B dur:2 cpbdur:2 q:38.25 aq:29.16 tex:545 mv:625 misc:814 imb:8 pmb:87 smb:4315 d:t ref:0 ;
in:481 out:483 type:b dur:2 cpbdur:2 q:38.28 aq:25.97 tex:71 mv:304 misc:513 imb:5 pmb:36 smb:4369 d:s ref:0 ;
in:483 out:484 type:b dur:2 cpbdur:2 q:38.22 aq:27.93 tex:84 mv:114 misc:386 imb:2 pmb:17 smb:4391 d:- ref:0 ;
in:488 out:485 type:P dur:2 cpbdur:2 q:38.05 aq:28.07 tex:12377 mv:4084 misc:2371 imb:176 pmb:449 smb:3785 d:t ref:0 ;
in:486 out:486 type:B dur:2 cpbdur:2 q:38.12 aq:26.06 tex:456 mv:623 misc:841 imb:9 pmb:89 smb:4312 d:t ref:0 ;
in:485 out:487 type:b dur:2 cpbdur:2 q:38.16 aq:24.93 tex:73 mv:348 misc:587 imb:2 pmb:52 smb:4356 d:s ref:0 ;
in:487 out:488 type:b dur:2 cpbdur:2 q:38.09 aq:26.14 tex:153 mv:180 misc:435 imb:2 pmb:27 smb:4381 d:- ref:0 ;
in:492 out:489 type:P dur:2 cpbdur:2 q:38.06 aq:28.67 tex:9927 mv:4053 misc:2316 imb:155 pmb:439 smb:3816 d:t ref:0 ;
in:490 out:490 type:B dur:2 cpbdur:2 q:38.05 aq:28.54 tex:333 mv:608 misc:771 imb:4 pmb:83 smb:4323 d:t ref:0 ;
in:489 out:491 type:b dur:2 cpbdur:2 q:38.05 aq:26.04 tex:79 mv:347 misc:574 imb:3 pmb:48 smb:4359 d:s ref:0 ;
in:491 out:492 type:b dur:2 cpbdur:2 q:38.05 aq:23.00 tex:9 mv:129 misc:366 imb:2 pmb:13 smb:4395 d:- ref:0 ;
in:496 out:493 type:P dur:2 cpbdur:2 q:37.95 aq:28.14 tex:9851 mv:4289 misc:2316 imb:178 pmb:438 smb:3794 d:t ref:0 ;
in:494 out:494 type:B dur:2 cpbdur:2 q:38.00 aq:30.05 tex:592 mv:934 misc:1018 imb:10 pmb:127 smb:4273 d:t ref:0 ;
in:493 out:495 type:b dur:2 cpbdur:2 q:38.03 aq:24.75 tex:215 mv:659 misc:766 imb:7 pmb:81 smb:4322 d:s ref:0 ;
in:495 out:496 type:b dur:2 cpbdur:2 q:37.98 aq:36.21 tex:82 mv:161 misc:421 imb:1 pmb:23 smb:4386 d:- ref:0 ;
in:499 out:497 type:P dur:2 cpbdur:2 q:37.90 aq:28.41 tex:7453 mv:4086 misc:2213 imb:140 pmb:406 smb:3864 d:t ref:0 ;
in:497 out:498 type:B dur:2 cpbdur:2 q:37.94 aq:23.08 tex:149 mv:259 misc:512 imb:4 pmb:35 smb:4371 d:t ref:0 ;
in:498 out:499 type:b dur:2 cpbdur:2 q:37.92 aq:29.12 tex:250 mv:285 misc:513 imb:5 pmb:37 smb:4368 d:- ref:0 ;
in:500 out:500 type:I dur:2 cpbdur:2 q:35.32 aq:21.12 tex:305768 mv:60469 misc:499 imb:4410 pmb:0 smb:0 d:t ref:;
in:504 out:501 type:P dur:2 cpbdur:2 q:39.90 aq:28.31 tex:6566 mv:3985 misc:2209 imb:161 pmb:395 smb:3854 d:t ref:0 ;
in:502 out:502 type:B dur:2 cpbdur:2 q:39.90 aq:27.50 tex:49 mv:186 misc:413 imb:1 pmb:25 smb:4384 d:t ref:0 ;
in:501 out:503 type:b dur:2 cpbdur:2 q:39.90 aq:25.00 tex:15 mv:129 misc:408 imb:3 pmb:21 smb:4386 d:s ref:0 ;
in:503 out:504 type:b dur:2 cpbdur:2 q:39.90 aq:29.69 tex:95 mv:106 misc:375 imb:2 pmb:15 smb:4393 d:- ref:0 ;
in:508 out:505 type:P dur:2 cpbdur:2 q:39.74 aq:28.92 tex:6361 mv:3849 misc:2150 imb:127 pmb:397 smb:3886 d:t ref:0 ;
in:506 out:506 type:B dur:2 cpbdur:2 q:39.82 aq:27.04 tex:197 mv:245 misc:510 imb:3 pmb:35 smb:4372 d:t ref:0 ;
in:505 out:507 type:b dur:2 cpbdur:2 q:39.86 aq:25.00 tex:9 mv:167 misc:392 imb:1 pmb:20 smb:4389 d:s ref:0 ;
in:507 out:508 type:b dur:2 cpbdur:2 q:39.78 aq:25.00 tex:5 mv:16 misc:291 imb:0 pmb:5 smb:4405 d:- ref:0 ;
in:512 out:509 type:P dur:2 cpbdur:2 q:39.72 aq:29.05 tex:6586 mv:3870 misc:2168 imb:139 pmb:388 smb:3883 d:t ref:0 ;
in:510 out:510 type:B dur:2 cpbdur:2 q:39.73 aq:28.05 tex:220 mv:219 misc:489 imb:1 pmb:35 smb:4374 d:t ref:0 ;
in:509 out:511 type:b dur:2 cpbdur:2 q:39.73 aq:27.83 tex:76 mv:102 misc:422 imb:0 pmb:26 smb:4384 d:s ref:0 ;
in:511 out:512 type:b dur:2 cpbdur:2 q:39.72 aq:25.00 tex:0 mv:3 misc:261 imb:0 pmb:1 smb:4409 d:- ref:0 ;
in:516 out:513 type:P dur:2 cpbdur:2 q:39.60 aq:29.51 tex:7316 mv:3798 misc:2190 imb:146 pmb:406 smb:3858 d:t ref:0 ;
in:514 out:514 type:B dur:2 cpbdur:2 q:39.66 aq:34.97 tex:322 mv:412 misc:682 imb:4 pmb:68 smb:4338 d:t ref:0 ;
in:513 out:515 type:b dur:2 cpbdur:2 q:39.69 aq:28.47 tex:105 mv:330 misc:573 imb:3 pmb:51 smb:4356 d:s ref:0 ;
in:515 out:516 type:b dur:2 cpbdur:2 q:39.63 aq:25.00 tex:4 mv:23 misc:293 imb:1 pmb:4 smb:4405 d:- ref:0 ;
in:520 out:517 type:P dur:2 cpbdur:2 q:39.82 aq:29.05 tex:6743 mv:3743 misc:2146 imb:150 pmb:375 smb:3885 d:t ref:0 ;
in:518 out:518 type:B dur:2 cpbdur:2 q:39.71 aq:32.08 tex:352 mv:372 misc:604 imb:3 pmb:53 smb:4354 d:t ref:0 ;
in:517 out:519 type:b dur:2 cpbdur:2 q:39.66 aq:28.56 tex:55 mv:152 misc:385 imb:0 pmb:20 smb:4390 d:s ref:0 ;
in:519 out:520 type:b dur:2 cpbdur:2 q:39.76 aq:25.00 tex:2 mv:9 misc:277 imb:0 pmb:3 smb:4407 d:- ref:0 ;
in:524 out:521 type:P dur:2 cpbdur:2 q:39.71 aq:28.70 tex:9399 mv:4071 misc:2226 imb:195 pmb:373 smb:3842 d:t ref:0 ;
in:522 out:522 type:B dur:2 cpbdur:2 q:39.76 aq:27.89 tex:311 mv:526 misc:803 imb:1 pmb:87 smb:4322 d:t ref:0 ;
in:521 out:523 type:b dur:2 cpbdur:2 q:39.79 aq:25.00 tex:16 mv:263 misc:545 imb:1 pmb:45 smb:4364 d:s ref:0 ;
in:523 out:524 type:b dur:2 cpbdur:2 q:39.74 aq:33.19 tex:176 mv:92 misc:372 imb:1 pmb:16 smb:4393 d:- ref:0 ;
in:528 out:525 type:P dur:2 cpbdur:2 q:39.55 aq:28.09 tex:8647 mv:3639 misc:2170 imb:179 pmb:357 smb:3874 d:t ref:0 ;
in:526 out:526 type:B dur:2 cpbdur:2 q:39.63 aq:31.84 tex:387 mv:503 misc:750 imb:5 pmb:80 smb:4325 d:t ref:0 ;
in:525 out:527 type:b dur:2 cpbdur:2 q:39.67 aq:25.00 tex:12 mv:288 misc:516 imb:1 pmb:42 smb:4367 d:s ref:0 ;
in:527 out:528 type:b dur:2 cpbdur:2 q:39.59 aq:34.35 tex:80 mv:72 misc:320 imb:0 pmb:9 smb:4401 d:- ref:0 ;
in:532 out:529 type:P dur:2 cpbdur:2 q:39.53 aq:29.70 tex:7593 mv:3712 misc:2111 imb:138 pmb:396 smb:3876 d:t ref:0 ;
in:530 out:530 type:B dur:2 cpbdur:2 q:39.54 aq:31.70 tex:421 mv:421 misc:670 imb:3 pmb:64 smb:4343 d:t ref:0 ;
in:529 out:531 type:b dur:2 cpbdur:2 q:39.54 aq:31.08 tex:51 mv:272 misc:517 imb:1 pmb:42 smb:4367 d:s ref:0 ;
in:531 out:532 type:b dur:2 cpbdur:2 q:39.53 aq:25.00 tex:0 mv:13 misc:267 imb:0 pmb:2 smb:4408 d:- ref:0 ;
in:536 out:533 type:P dur:2 cpbdur:2 q:39.42 aq:29.78 tex:7031 mv:3637 misc:2132 imb:134 pmb:394 smb:3882 d:t ref:0 ;
in:534 out:534 type:B dur:2 cpbdur:2 q:39.47 aq:31.13 tex:266 mv:505 misc:677 imb:2 pmb:67 smb:4341 d:t ref:0 ;
in:533 out:535 type:b dur:2 cpbdur:2 q:39.50 aq:35.22 tex:110 mv:284 misc:526 imb:1 pmb:43 smb:4366 d:s ref:0 ;
in:535 out:536 type:b dur:2 cpbdur:2 q:39.45 aq:25.77 tex:40 mv:22 misc:282 imb:0 pmb:4 smb:4406 d:- ref:0 ;
in:540 out:537 type:P dur:2 cpbdur:2 q:39.33 aq:29.73 tex:7234 mv:3788 misc:2210 imb:142 pmb:415 smb:3853 d:t ref:0 ;
in:538 out:538 type:B dur:2 cpbdur:2 q:39.37 aq:27.77 tex:204 mv:358 misc:630 imb:6 pmb:54 smb:4350 d:t ref:0 ;
in:537 out:539 type:b dur:2 cpbdur:2 q:39.40 aq:26.62 tex:72 mv:197 misc:443 imb:0 pmb:30 smb:4380 d:s ref:0 ;
in:539 out:540 type:b dur:2 cpbdur:2 q:39.35 aq:24.00 tex:4 mv:18 misc:290 imb:0 pmb:5 smb:4405 d:- ref:0 ;
in:544 out:541 type:P dur:2 cpbdur:2 q:39.26 aq:27.79 tex:7941 mv:4078 misc:2237 imb:180 pmb:403 smb:3827 d:t ref:0 ;
in:542 out:542 type:B dur:2 cpbdur:2 q:39.30 aq:31.79 tex:391 mv:527 misc:738 imb:5 pmb:74 smb:4331 d:t ref:0 ;
in:541 out:543 type:b dur:2 cpbdur:2 q:39.31 aq:28.01 tex:67 mv:243 misc:506 imb:4 pmb:37 smb:4369 d:s ref:0 ;
in:543 out:544 type:b dur:2 cpbdur:2 q:39.28 aq:25.00 tex:68 mv:90 misc:346 imb:1 pmb:13 smb:4396 d:- ref:0 ;
in:548 out:545 type:P dur:2 cpbdur:2 q:39.12 aq:27.29 tex:8790 mv:3688 misc:2210 imb:157 pmb:401 smb:3852 d:t ref:0 ;
in:546 out:546 type:B dur:2 cpbdur:2 q:39.19 aq:32.66 tex:302 mv:413 misc:693 imb:3 pmb:69 smb:4338 d:t ref:0 ;
in:545 out:547 type:b dur:2 cpbdur:2 q:39.23 aq:32.71 tex:95 mv:272 misc:489 imb:2 pmb:35 smb:4373 d:s ref:0 ;
in:547 out:548 type:b dur:2 cpbdur:2 q:39.16 aq:26.24 tex:90 mv:105 misc:349 imb:3 pmb:12 smb:4395 d:- ref:0 ;
in:552 out:549 type:P dur:2 cpbdur:2 q:39.12 aq:28.04 tex:7472 mv:3636 misc:2204 imb:146 pmb:397 smb:3867 d:t ref:0 ;
in:550 out:550 type:B dur:2 cpbdur:2 q:39.12 aq:29.66 tex:219 mv:374 misc:655 imb:3 pmb:59 smb:4348 d:t ref:0 ;
in:549 out:551 type:b dur:2 cpbdur:2 q:39.12 aq:28.31 tex:83 mv:266 misc:547 imb:2 pmb:43 smb:4365 d:s ref:0 ;
in:551 out:552 type:b dur:2 cpbdur:2 q:39.12 aq:24.00 tex:8 mv:39 misc:305 imb:2 pmb:5 smb:4403 d:- ref:0 ;
in:556 out:553 type:P dur:2 cpbdur:2 q:39.01 aq:27.65 tex:8065 mv:3892 misc:2235 imb:174 pmb:385 smb:3851 d:t ref:0 ;
in:554 out:554 type:B dur:2 cpbdur:2 q:39.06 aq:30.78 tex:631 mv:657 misc:896 imb:5 pmb:106 smb:4299 d:t ref:0 ;
in:553 out:555 type:b dur:2 cpbdur:2 q:39.09 aq:33.30 tex:245 mv:487 misc:716 imb:2 pmb:77 smb:4331 d:s ref:0 ;
in:555 out:556 type:b dur:2 cpbdur:2 q:39.04 aq:24.00 tex:7 mv:63 misc:314 imb:1 pmb:7 smb:4402 d:- ref:0 ;
in:560 out:557 type:P dur:2 cpbdur:2 q:38.92 aq:28.18 tex:7847 mv:3864 misc:2233 imb:155 pmb:410 smb:3845 d:t ref:0 ;
in:558 out:558 type:B dur:2 cpbdur:2 q:38.96 aq:28.08 tex:611 mv:534 misc:823 imb:7 pmb:87 smb:4316 d:t ref:0 ;
in:557 out:559 type:b dur:2 cpbdur:2 q:38.99 aq:32.79 tex:71 mv:248 misc:505 imb:0 pmb:41 smb:4369 d:s ref:0 ;
in:559 out:560 type:b dur:2 cpbdur:2 q:38.94 aq:24.00 tex:6 mv:30 misc:284 imb:1 pmb:5 smb:4404 d:- ref:0 ;
in:564 out:561 type:P dur:2 cpbdur:2 q:38.84 aq:27.43 tex:8623 mv:4206 misc:2275 imb:189 pmb:407 smb:3814 d:t ref:0 ;
in:562 out:562 type:B dur:2 cpbdur:2 q:38.88 aq:31.79 tex:351 mv:549 misc:740 imb:7 pmb:73 smb:4330 d:t ref:0 ;
in:561 out:563 type:b dur:2 cpbdur:2 q:38.90 aq:26.92 tex:48 mv:261 misc:499 imb:1 pmb:37 smb:4372 d:s ref:0 ;
in:563 out:564 type:b dur:2 cpbdur:2 q:38.86 aq:30.55 tex:122 mv:182 misc:448 imb:0 pmb:31 smb:4379 d:- ref:0 ;
in:568 out:565 type:P dur:2 cpbdur:2 q:38.69 aq:28.25 tex:7691 mv:4005 misc:2200 imb:128 pmb:424 smb:3858 d:t ref:0 ;
in:566 out:566 type:B dur:2 cpbdur:2 q:38.77 aq:27.86 tex:336 mv:300 misc:588 imb:4 pmb:46 smb:4360 d:t ref:0 ;
in:565 out:567 type:b dur:2 cpbdur:2 q:38.80 aq:24.00 tex:14 mv:136 misc:410 imb:0 pmb:23 smb:4387 d:s ref:0 ;
in:567 out:568 type:b dur:2 cpbdur:2 q:38.73 aq:26.95 tex:41 mv:14 misc:265 imb:1 pmb:1 smb:4408 d:- ref:0 ;
in:572 out:569 type:P dur:2 cpbdur:2 q:38.70 aq:28.82 tex:6565 mv:3883 misc:2176 imb:127 pmb:412 smb:3871 d:t ref:0 ;
in:570 out:570 type:B dur:2 cpbdur:2 q:38.70 aq:28.59 tex:262 mv:223 misc:515 imb:4 pmb:34 smb:4372 d:t ref:0 ;
in:569 out:571 type:b dur:2 cpbdur:2 q:38.70 aq:24.00 tex:10 mv:104 misc:398 imb:1 pmb:20 smb:4389 d:s ref:0 ;
in:571 out:572 type:b dur:2 cpbdur:2 q:38.70 aq:24.00 tex:1 mv:3 misc:260 imb:0 pmb:1 smb:4409 d:- ref:0 ;
in:576 out:573 type:P dur:2 cpbdur:2 q:38.60 aq:29.51 tex:8683 mv:4296 misc:2261 imb:166 pmb:422 smb:3822 d:t ref:0 ;
in:574 out:574 type:B dur:2 cpbdur:2 q:38.65 aq:31.47 tex:401 mv:661 misc:874 imb:4 pmb:108 smb:4298 d:t ref:0 ;
in:573 out:575 type:b dur:2 cpbdur:2 q:38.67 aq:27.54 tex:157 mv:435 misc:712 imb:1 pmb:80 smb:4329 d:s ref:0 ;
in:575 out:576 type:b dur:2 cpbdur:2 q:38.63 aq:24.00 tex:7 mv:38 misc:291 imb:1 pmb:4 smb:4405 d:- ref:0 ;
in:580 out:577 type:P dur:2 cpbdur:2 q:38.52 aq:26.71 tex:7347 mv:4053 misc:2216 imb:184 pmb:404 smb:3822 d:t ref:0 ;
in:578 out:578 type:B dur:2 cpbdur:2 q:38.56 aq:29.00 tex:419 mv:582 misc:783 imb:11 pmb:78 smb:4321 d:t ref:0 ;
in:577 out:579 type:b dur:2 cpbdur:2 q:38.58 aq:24.00 tex:10 mv:278 misc:536 imb:0 pmb:44 smb:4366 d:s ref:0 ;
in:579 out:580 type:b dur:2 cpbdur:2 q:38.54 aq:26.03 tex:58 mv:93 misc:385 imb:1 pmb:17 smb:4392 d:- ref:0 ;
in:584 out:581 type:P dur:2 cpbdur:2 q:38.44 aq:27.60 tex:8564 mv:4297 misc:2267 imb:188 pmb:401 smb:3821 d:t ref:0 ;
in:582 out:582 type:B dur:2 cpbdur:2 q:38.48 aq:28.42 tex:402 mv:683 misc:859 imb:4 pmb:100 smb:4306 d:t ref:0 ;
in:581 out:583 type:b dur:2 cpbdur:2 q:38.50 aq:29.42 tex:122 mv:314 misc:524 imb:2 pmb:42 smb:4366 d:s ref:0 ;
in:583 out:584 type:b dur:2 cpbdur:2 q:38.46 aq:30.34 tex:155 mv:223 misc:518 imb:5 pmb:37 smb:4368 d:- ref:0 ;
in:588 out:585 type:P dur:2 cpbdur:2 q:38.27 aq:27.83 tex:7575 mv:3702 misc:2171 imb:152 pmb:391 smb:3867 d:t ref:0 ;
in:586 out:586 type:B dur:2 cpbdur:2 q:38.35 aq:27.03 tex:432 mv:509 misc:699 imb:8 pmb:66 smb:4336 d:t ref:0 ;
in:585 out:587 type:b dur:2 cpbdur:2 q:38.39 aq:27.01 tex:70 mv:258 misc:496 imb:1 pmb:36 smb:4373 d:s ref:0 ;
in:587 out:588 type:b dur:2 cpbdur:2 q:38.31 aq:32.29 tex:168 mv:51 misc:325 imb:1 pmb:9 smb:4400 d:- ref:0 ;
in:592 out:589 type:P dur:2 cpbdur:2 q:38.27 aq:28.05 tex:5968 mv:3670 misc:2130 imb:131 pmb:380 smb:3899 d:t ref:0 ;
in:590 out:590 type:B dur:2 cpbdur:2 q:38.27 aq:29.73 tex:569 mv:563 misc:724 imb:9 pmb:68 smb:4333 d:t ref:0 ;
in:589 out:591 type:b dur:2 cpbdur:2 q:38.27 aq:24.03 tex:30 mv:252 misc:534 imb:1 pmb:44 smb:4365 d:s ref:0 ;
in:591 out:592 type:b dur:2 cpbdur:2 q:38.27 aq:25.35 tex:52 mv:82 misc:386 imb:1 pmb:17 smb:4392 d:- ref:0 ;
in:596 out:593 type:P dur:2 cpbdur:2 q:38.17 aq:29.11 tex:6026 mv:3678 misc:2144 imb:158 pmb:367 smb:3885 d:t ref:0 ;
in:594 out:594 type:B dur:2 cpbdur:2 q:38.22 aq:30.41 tex:800 mv:851 misc:933 imb:11 pmb:110 smb:4289 d:t ref:0 ;
in:593 out:595 type:b dur:2 cpbdur:2 q:38.25 aq:32.99 tex:261 mv:477 misc:694 imb:2 pmb:75 smb:4333 d:s ref:0 ;
in:595 out:596 type:b dur:2 cpbdur:2 q:38.19 aq:23.00 tex:8 mv:79 misc:321 imb:1 pmb:9 smb:4400 d:- ref:0 ;
in:598 out:597 type:P dur:2 cpbdur:2 q:38.08 aq:29.94 tex:2469 mv:2278 misc:1885 imb:64 pmb:305 smb:4041 d:t ref:0 ;
in:597 out:598 type:b dur:2 cpbdur:2 q:38.12 aq:35.59 tex:190 mv:59 misc:351 imb:0 pmb:14 smb:4396 d:t ref:0 ;
in:600 out:599 type:P dur:2 cpbdur:2 q:38.05 aq:28.00 tex:29681 mv:6280 misc:2807 imb:679 pmb:304 smb:3427 d:t ref:0 ;
in:599 out:600 type:b dur:2 cpbdur:2 q:38.06 aq:32.92 tex:2414 mv:3941 misc:2669 imb:35 pmb:1508 smb:2867 d:s ref:0 ;
in:602 out:601 type:P dur:2 cpbdur:2 q:38.17 aq:30.09 tex:44268 mv:7475 misc:2713 imb:683 pmb:384 smb:3343 d:t ref:0 ;
in:601 out:602 type:b dur:2 cpbdur:2 q:38.11 aq:32.29 tex:2862 mv:4880 misc:2498 imb:51 pmb:1665 smb:2694 d:s ref:0 ;
in:605 out:603 type:P dur:2 cpbdur:2 q:38.24 aq:29.08 tex:75658 mv:10691 misc:2883 imb:711 pmb:751 smb:2948 d:t ref:0 ;
in:603 out:604 type:B dur:2 cpbdur:2 q:38.19 aq:30.14 tex:3751 mv:7034 misc:2471 imb:93 pmb:1993 smb:2324 d:s ref:0 ;
in:604 out:605 type:b dur:2 cpbdur:2 q:38.22 aq:36.41 tex:213 mv:61 misc:358 imb:0 pmb:14 smb:4396 d:- ref:0 ;
in:608 out:606 type:P dur:2 cpbdur:2 q:38.68 aq:29.44 tex:82547 mv:12190 misc:2911 imb:546 pmb:1117 smb:2747 d:t ref:0 ;
in:606 out:607 type:B dur:2 cpbdur:2 q:38.38 aq:29.08 tex:3179 mv:7922 misc:2371 imb:101 pmb:2199 smb:2110 d:s ref:0 ;
in:607 out:608 type:b dur:2 cpbdur:2 q:38.53 aq:33.62 tex:176 mv:92 misc:356 imb:2 pmb:13 smb:4395 d:- ref:0 ;
in:609 out:609 type:P dur:2 cpbdur:2 q:39.00 aq:28.72 tex:52594 mv:8036 misc:2970 imb:281 pmb:1022 smb:3107 d:t ref:0 ;
in:613 out:610 type:P dur:2 cpbdur:2 q:39.10 aq:30.00 tex:22803 mv:4705 misc:2916 imb:63 pmb:960 smb:3387 d:t ref:0 ;
in:611 out:611 type:B dur:2 cpbdur:2 q:39.05 aq:31.77 tex:575 mv:3869 misc:2396 imb:11 pmb:781 smb:3618 d:s ref:0 ;
in:610 out:612 type:b dur:2 cpbdur:2 q:39.02 aq:29.17 tex:76 mv:1128 misc:1228 imb:1 pmb:201 smb:4208 d:s ref:0 ;
in:612 out:613 type:b dur:2 cpbdur:2 q:39.08 aq:27.13 tex:167 mv:1100 misc:1301 imb:8 pmb:247 smb:4155 d:- ref:0 ;
in:615 out:614 type:P dur:2 cpbdur:2 q:39.12 aq:29.27 tex:9075 mv:2848 misc:2469 imb:43 pmb:562 smb:3805 d:t ref:0 ;
in:614 out:615 type:b dur:2 cpbdur:2 q:39.11 aq:28.77 tex:38 mv:45 misc:317 imb:0 pmb:9 smb:4401 d:t ref:0 ;
in:619 out:616 type:P dur:2 cpbdur:2 q:39.21 aq:28.93 tex:10956 mv:3574 misc:2534 imb:79 pmb:593 smb:3738 d:s ref:0 ;
in:617 out:617 type:B dur:2 cpbdur:2 q:39.16 aq:30.68 tex:404 mv:849 misc:939 imb:2 pmb:128 smb:4280 d:t ref:0 ;
in:616 out:618 type:b dur:2 cpbdur:2 q:39.14 aq:24.00 tex:8 mv:54 misc:306 imb:2 pmb:5 smb:4403 d:s ref:0 ;
in:618 out:619 type:b dur:2 cpbdur:2 q:39.18 aq:24.00 tex:5 mv:25 misc:274 imb:2 pmb:1 smb:4407 d:- ref:0 ;
in:623 out:620 type:P dur:2 cpbdur:2 q:39.52 aq:31.12 tex:4462 mv:2139 misc:1775 imb:58 pmb:306 smb:4046 d:s ref:0 ;
in:621 out:621 type:B dur:2 cpbdur:2 q:39.36 aq:32.93 tex:277 mv:464 misc:659 imb:3 pmb:63 smb:4344 d:t ref:0 ;
in:620 out:622 type:b dur:2 cpbdur:2 q:39.28 aq:24.00 tex:1 mv:39 misc:296 imb:0 pmb:6 smb:4404 d:s ref:0 ;
in:622 out:623 type:b dur:2 cpbdur:2 q:39.44 aq:36.08 tex:80 mv:36 misc:300 imb:0 pmb:6 smb:4404 d:- ref:0 ;
in:625 out:624 type:P dur:2 cpbdur:2 q:39.54 aq:30.64 tex:3482 mv:1530 misc:1580 imb:43 pmb:251 smb:4116 d:s ref:0 ;
in:624 out:625 type:b dur:2 cpbdur:2 q:39.53 aq:25.00 tex:2 mv:20 misc:266 imb:0 pmb:2 smb:4408 d:s ref:0 ;
in:627 out:626 type:P dur:2 cpbdur:2 q:39.79 aq:30.61 tex:12776 mv:2857 misc:2231 imb:138 pmb:406 smb:3866 d:s ref:0 ;
in:626 out:627 type:b dur:2 cpbdur:2 q:39.67 aq:34.47 tex:114 mv:95 misc:423 imb:2 pmb:23 smb:4385 d:s ref:0 ;
in:629 out:628 type:P dur:2 cpbdur:2 q:39.81 aq:29.81 tex:12582 mv:2513 misc:2673 imb:42 pmb:635 smb:3733 d:s ref:0 ;
in:628 out:629 type:b dur:2 cpbdur:2 q:39.80 aq:34.00 tex:39 mv:20 misc:269 imb:0 pmb:3 smb:4407 d:t ref:0 ;
in:631 out:630 type:P dur:2 cpbdur:2 q:39.82 aq:29.22 tex:5391 mv:2190 misc:1923 imb:50 pmb:364 smb:3996 d:s ref:0 ;
in:630 out:631 type:b dur:2 cpbdur:2 q:39.82 aq:33.35 tex:37 mv:5 misc:254 imb:0 pmb:1 smb:4409 d:s ref:0 ;
in:635 out:632 type:P dur:2 cpbdur:2 q:39.80 aq:29.66 tex:7411 mv:2813 misc:1984 imb:84 pmb:391 smb:3935 d:s ref:0 ;
in:633 out:633 type:B dur:2 cpbdur:2 q:39.81 aq:25.40 tex:87 mv:232 misc:489 imb:3 pmb:33 smb:4374 d:t ref:0 ;
in:632 out:634 type:b dur:2 cpbdur:2 q:39.82 aq:25.00 tex:0 mv:0 misc:248 imb:0 pmb:0 smb:4410 d:s ref:0 ;
in:634 out:635 type:b dur:2 cpbdur:2 q:39.81 aq:29.27 tex:30 mv:4 misc:262 imb:0 pmb:1 smb:4409 d:- ref:0 ;
in:639 out:636 type:P dur:2 cpbdur:2 q:39.68 aq:29.98 tex:7117 mv:2776 misc:1947 imb:73 pmb:365 smb:3972 d:s ref:0 ;
in:637 out:637 type:B dur:2 cpbdur:2 q:39.74 aq:30.60 tex:426 mv:437 misc:681 imb:0 pmb:72 smb:4338 d:t ref:0 ;
in:636 out:638 type:b dur:2 cpbdur:2 q:39.77 aq:25.00 tex:8 mv:16 misc:264 imb:1 pmb:1 smb:4408 d:s ref:0 ;
in:638 out:639 type:b dur:2 cpbdur:2 q:39.71 aq:27.20 tex:46 mv:4 misc:262 imb:0 pmb:1 smb:4409 d:- ref:0 ;
in:643 out:640 type:P dur:2 cpbdur:2 q:39.56 aq:29.14 tex:7267 mv:2728 misc:1941 imb:94 pmb:352 smb:3964 d:s ref:0 ;
in:641 out:641 type:B dur:2 cpbdur:2 q:39.62 aq:27.23 tex:168 mv:275 misc:509 imb:0 pmb:40 smb:4370 d:t ref:0 ;
in:640 out:642 type:b dur:2 cpbdur:2 q:39.65 aq:25.00 tex:11 mv:31 misc:286 imb:2 pmb:2 smb:4406 d:s ref:0 ;
in:642 out:643 type:b dur:2 cpbdur:2 q:39.59 aq:35.28 tex:38 mv:20 misc:278 imb:0 pmb:3 smb:4407 d:- ref:0 ;
in:647 out:644 type:P dur:2 cpbdur:2 q:39.52 aq:29.48 tex:6522 mv:2497 misc:1869 imb:95 pmb:320 smb:3995 d:s ref:0 ;
in:645 out:645 type:B dur:2 cpbdur:2 q:39.54 aq:26.49 tex:313 mv:164 misc:451 imb:0 pmb:29 smb:4381 d:t ref:0 ;
in:644 out:646 type:b dur:2 cpbdur:2 q:39.55 aq:25.00 tex:12 mv:18 misc:282 imb:0 pmb:5 smb:4405 d:s ref:0 ;
in:646 out:647 type:b dur:2 cpbdur:2 q:39.53 aq:27.84 tex:31 mv:9 misc:256 imb:0 pmb:1 smb:4409 d:- ref:0 ;
in:651 out:648 type:P dur:2 cpbdur:2 q:39.42 aq:28.84 tex:7599 mv:2667 misc:1894 imb:90 pmb:339 smb:3981 d:s ref:0 ;
in:649 out:649 type:B dur:2 cpbdur:2 q:39.47 aq:29.72 tex:348 mv:344 misc:596 imb:2 pmb:51 smb:4357 d:t ref:0 ;
in:648 out:650 type:b dur:2 cpbdur:2 q:39.49 aq:27.30 tex:22 mv:58 misc:312 imb:0 pmb:8 smb:4402 d:s ref:0 ;
in:650 out:651 type:b dur:2 cpbdur:2 q:39.45 aq:24.00 tex:0 mv:0 misc:248 imb:0 pmb:0 smb:4410 d:- ref:0 ;
in:655 out:652 type:P dur:2 cpbdur:2 q:39.33 aq:28.98 tex:7468 mv:2511 misc:1941 imb:104 pmb:323 smb:3983 d:s ref:0 ;
in:653 out:653 type:B dur:2 cpbdur:2 q:39.38 aq:28.14 tex:175 mv:304 misc:553 imb:2 pmb:45 smb:4363 d:t ref:0 ;
in:652 out:654 type:b dur:2 cpbdur:2 q:39.40 aq:37.54 tex:42 mv:11 misc:267 imb:0 pmb:3 smb:4407 d:s ref:0 ;
in:654 out:655 type:b dur:2 cpbdur:2 q:39.36 aq:29.02 tex:76 mv:49 misc:307 imb:0 pmb:8 smb:4402 d:- ref:0 ;
in:659 out:656 type:P dur:2 cpbdur:2 q:39.24 aq:29.41 tex:10604 mv:2879 misc:1989 imb:134 pmb:336 smb:3940 d:s ref:0 ;
in:657 out:657 type:B dur:2 cpbdur:2 q:39.29 aq:32.97 tex:510 mv:1048 misc:1042 imb:5 pmb:153 smb:4252 d:t ref:0 ;
in:656 out:658 type:b dur:2 cpbdur:2 q:39.31 aq:24.00 tex:8 mv:21 misc:267 imb:1 pmb:2 smb:4407 d:s ref:0 ;
in:658 out:659 type:b dur:2 cpbdur:2 q:39.27 aq:26.42 tex:52 mv:134 misc:382 imb:2 pmb:16 smb:4392 d:- ref:0 ;
in:663 out:660 type:P dur:2 cpbdur:2 q:39.12 aq:30.20 tex:6073 mv:2427 misc:1700 imb:118 pmb:252 smb:4040 d:s ref:0 ;
in:661 out:661 type:B dur:2 cpbdur:2 q:39.18 aq:31.74 tex:344 mv:780 misc:868 imb:2 pmb:108 smb:4300 d:t ref:0 ;
in:660 out:662 type:b dur:2 cpbdur:2 q:39.21 aq:24.00 tex:8 mv:49 misc:311 imb:1 pmb:7 smb:4402 d:s ref:0 ;
in:662 out:663 type:b dur:2 cpbdur:2 q:39.15 aq:28.37 tex:44 mv:35 misc:289 imb:1 pmb:4 smb:4405 d:- ref:0 ;
in:667 out:664 type:P dur:2 cpbdur:2 q:39.08 aq:29.44 tex:6375 mv:2443 misc:1662 imb:93 pmb:260 smb:4057 d:s ref:0 ;
in:665 out:665 type:B dur:2 cpbdur:2 q:39.10 aq:30.98 tex:289 mv:547 misc:684 imb:4 pmb:67 smb:4339 d:t ref:0 ;
in:664 out:666 type:b dur:2 cpbdur:2 q:39.11 aq:25.70 tex:44 mv:67 misc:321 imb:1 pmb:8 smb:4401 d:s ref:0 ;
in:666 out:667 type:b dur:2 cpbdur:2 q:39.09 aq:24.00 tex:11 mv:14 misc:271 imb:1 pmb:1 smb:4408 d:- ref:0 ;
in:669 out:668 type:P dur:2 cpbdur:2 q:38.98 aq:31.04 tex:7487 mv:2285 misc:1692 imb:86 pmb:274 smb:4050 d:s ref:0 ;
in:668 out:669 type:b dur:2 cpbdur:2 q:39.03 aq:24.00 tex:15 mv:135 misc:386 imb:2 pmb:18 smb:4390 d:t ref:0 ;
in:672 out:670 type:P dur:2 cpbdur:2 q:38.94 aq:29.95 tex:6882 mv:2314 misc:1620 imb:86 pmb:259 smb:4065 d:s ref:0 ;
in:670 out:671 type:B dur:2 cpbdur:2 q:38.97 aq:27.11 tex:80 mv:111 misc:385 imb:2 pmb:15 smb:4393 d:t ref:0 ;
in:671 out:672 type:b dur:2 cpbdur:2 q:38.95 aq:24.00 tex:2 mv:26 misc:284 imb:0 pmb:5 smb:4405 d:- ref:0 ;
in:676 out:673 type:P dur:2 cpbdur:2 q:38.91 aq:29.63 tex:7914 mv:2798 misc:1752 imb:90 pmb:297 smb:4023 d:s ref:0 ;
in:674 out:674 type:B dur:2 cpbdur:2 q:38.92 aq:33.94 tex:634 mv:1018 misc:1020 imb:3 pmb:151 smb:4256 d:t ref:0 ;
in:673 out:675 type:b dur:2 cpbdur:2 q:38.93 aq:27.63 tex:75 mv:145 misc:404 imb:1 pmb:21 smb:4388 d:s ref:0 ;
in:675 out:676 type:b dur:2 cpbdur:2 q:38.92 aq:28.07 tex:57 mv:54 misc:313 imb:1 pmb:7 smb:4402 d:- ref:0 ;
in:680 out:677 type:P dur:2 cpbdur:2 q:38.83 aq:30.00 tex:5055 mv:2465 misc:1648 imb:47 pmb:297 smb:4066 d:s ref:0 ;
in:678 out:678 type:B dur:2 cpbdur:2 q:38.87 aq:29.73 tex:203 mv:504 misc:709 imb:1 pmb:76 smb:4333 d:t ref:0 ;
in:677 out:679 type:b dur:2 cpbdur:2 q:38.89 aq:24.00 tex:5 mv:33 misc:282 imb:1 pmb:3 smb:4406 d:s ref:0 ;
in:679 out:680 type:b dur:2 cpbdur:2 q:38.85 aq:27.03 tex:32 mv:19 misc:277 imb:0 pmb:3 smb:4407 d:- ref:0 ;
in:684 out:681 type:P dur:2 cpbdur:2 q:38.68 aq:27.65 tex:5335 mv:2490 misc:1671 imb:79 pmb:284 smb:4047 d:s ref:0 ;
in:682 out:682 type:B dur:2 cpbdur:2 q:38.76 aq:31.78 tex:629 mv:1107 misc:1040 imb:11 pmb:142 smb:4257 d:t ref:0 ;
in:681 out:683 type:b dur:2 cpbdur:2 q:38.80 aq:24.00 tex:7 mv:33 misc:280 imb:2 pmb:2 smb:4406 d:s ref:0 ;
in:683 out:684 type:b dur:2 cpbdur:2 q:38.72 aq:28.11 tex:63 mv:83 misc:350 imb:0 pmb:15 smb:4395 d:- ref:0 ;
in:688 out:685 type:P dur:2 cpbdur:2 q:38.58 aq:30.07 tex:5361 mv:2480 misc:1679 imb:84 pmb:278 smb:4048 d:s ref:0 ;
in:686 out:686 type:B dur:2 cpbdur:2 q:38.63 aq:26.25 tex:302 mv:1067 misc:999 imb:6 pmb:140 smb:4264 d:t ref:0 ;
in:685 out:687 type:b dur:2 cpbdur:2 q:38.66 aq:27.44 tex:67 mv:46 misc:303 imb:0 pmb:7 smb:4403 d:s ref:0 ;
in:687 out:688 type:b dur:2 cpbdur:2 q:38.60 aq:26.04 tex:46 mv:36 misc:302 imb:1 pmb:5 smb:4404 d:- ref:0 ;
in:692 out:689 type:P dur:2 cpbdur:2 q:38.49 aq:28.26 tex:5126 mv:2470 misc:1532 imb:79 pmb:255 smb:4076 d:s ref:0 ;
in:690 out:690 type:B dur:2 cpbdur:2 q:38.53 aq:30.23 tex:209 mv:695 misc:776 imb:1 pmb:94 smb:4315 d:t ref:0 ;
in:689 out:691 type:b dur:2 cpbdur:2 q:38.55 aq:26.16 tex:58 mv:116 misc:354 imb:4 pmb:11 smb:4395 d:s ref:0 ;
in:691 out:692 type:b dur:2 cpbdur:2 q:38.51 aq:27.01 tex:54 mv:31 misc:291 imb:1 pmb:5 smb:4404 d:- ref:0 ;
in:696 out:693 type:P dur:2 cpbdur:2 q:38.38 aq:29.55 tex:4493 mv:2330 misc:1537 imb:74 pmb:244 smb:4092 d:s ref:0 ;
in:694 out:694 type:B dur:2 cpbdur:2 q:38.43 aq:29.05 tex:479 mv:1129 misc:1088 imb:4 pmb:159 smb:4247 d:t ref:0 ;
in:693 out:695 type:b dur:2 cpbdur:2 q:38.46 aq:25.47 tex:157 mv:165 misc:414 imb:3 pmb:21 smb:4386 d:s ref:0 ;
in:695 out:696 type:b dur:2 cpbdur:2 q:38.40 aq:23.12 tex:66 mv:24 misc:294 imb:0 pmb:5 smb:4405 d:- ref:0 ;
in:700 out:697 type:P dur:2 cpbdur:2 q:38.26 aq:32.20 tex:3431 mv:2053 misc:1484 imb:64 pmb:230 smb:4116 d:t ref:0 ;
in:698 out:698 type:B dur:2 cpbdur:2 q:38.32 aq:28.62 tex:222 mv:199 misc:475 imb:3 pmb:27 smb:4380 d:t ref:0 ;
in:697 out:699 type:b dur:2 cpbdur:2 q:38.35 aq:32.44 tex:118 mv:29 misc:301 imb:1 pmb:5 smb:4404 d:s ref:0 ;
in:699 out:700 type:b dur:2 cpbdur:2 q:38.29 aq:32.89 tex:39 mv:7 misc:266 imb:0 pmb:2 smb:4408 d:- ref:0 ;
in:704 out:701 type:P dur:2 cpbdur:2 q:38.14 aq:31.74 tex:25225 mv:5229 misc:1306 imb:707 pmb:169 smb:3534 d:t ref:0 ;
in:702 out:702 type:B dur:2 cpbdur:2 q:38.20 aq:32.75 tex:1196 mv:2304 misc:828 imb:79 pmb:590 smb:3741 d:s ref:0 ;
in:701 out:703 type:b dur:2 cpbdur:2 q:38.23 aq:29.35 tex:57 mv:51 misc:324 imb:0 pmb:9 smb:4401 d:s ref:0 ;
in:703 out:704 type:b dur:2 cpbdur:2 q:38.17 aq:33.00 tex:461 mv:523 misc:736 imb:14 pmb:141 smb:4255 d:- ref:0 ;
in:705 out:705 type:I dur:2 cpbdur:2 q:35.70 aq:20.48 tex:214382 mv:45750 misc:500 imb:4410 pmb:0 smb:0 d:t ref:;
in:709 out:706 type:P dur:2 cpbdur:2 q:39.57 aq:29.37 tex:873 mv:275 misc:500 imb:19 pmb:23 smb:4368 d:s ref:0 ;
in:707 out:707 type:B dur:2 cpbdur:2 q:39.57 aq:31.73 tex:64 mv:78 misc:314 imb:1 pmb:8 smb:4401 d:s ref:0 ;
in:706 out:708 type:b dur:2 cpbdur:2 q:39.57 aq:33.64 tex:79 mv:11 misc:278 imb:0 pmb:3 smb:4407 d:s ref:0 ;
in:708 out:709 type:b dur:2 cpbdur:2 q:39.57 aq:29.33 tex:41 mv:18 misc:277 imb:1 pmb:2 smb:4407 d:- ref:0 ;
in:713 out:710 type:P dur:2 cpbdur:2 q:39.45 aq:30.85 tex:440 mv:264 misc:488 imb:15 pmb:18 smb:4377 d:s ref:0 ;
in:711 out:711 type:B dur:2 cpbdur:2 q:39.51 aq:31.55 tex:147 mv:59 misc:338 imb:2 pmb:8 smb:4400 d:s ref:0 ;
in:710 out:712 type:b dur:2 cpbdur:2 q:39.54 aq:25.00 tex:0 mv:0 misc:248 imb:0 pmb:0 smb:4410 d:s ref:0 ;
in:712 out:713 type:b dur:2 cpbdur:2 q:39.48 aq:24.00 tex:13 mv:18 misc:257 imb:1 pmb:1 smb:4408 d:- ref:0 ;
in:717 out:714 type:P dur:2 cpbdur:2 q:39.30 aq:27.49 tex:329 mv:120 misc:415 imb:8 pmb:10 smb:4392 d:t ref:0 ;
in:715 out:715 type:B dur:2 cpbdur:2 q:39.37 aq:26.97 tex:114 mv:82 misc:324 imb:6 pmb:4 smb:4400 d:t ref:0 ;
in:714 out:716 type:b dur:2 cpbdur:2 q:39.41 aq:32.85 tex:57 mv:21 misc:282 imb:0 pmb:4 smb:4406 d:s ref:0 ;
in:716 out:717 type:b dur:2 cpbdur:2 q:39.34 aq:24.00 tex:1 mv:4 misc:259 imb:0 pmb:1 smb:4409 d:- ref:0 ;
in:721 out:718 type:P dur:2 cpbdur:2 q:39.27 aq:25.24 tex:290 mv:141 misc:401 imb:11 pmb:7 smb:4392 d:s ref:0 ;
in:719 out:719 type:B dur:2 cpbdur:2 q:39.29 aq:30.47 tex:105 mv:58 misc:333 imb:1 pmb:7 smb:4402 d:t ref:0 ;
in:718 out:720 type:b dur:2 cpbdur:2 q:39.30 aq:24.00 tex:12 mv:60 misc:272 imb:6 pmb:0 smb:4404 d:s ref:0 ;
in:720 out:721 type:b dur:2 cpbdur:2 q:39.28 aq:24.00 tex:0 mv:0 misc:248 imb:0 pmb:0 smb:4410 d:- ref:0 ;
in:725 out:722 type:P dur:2 cpbdur:2 q:39.01 aq:31.71 tex:1716 mv:341 misc:495 imb:22 pmb:22 smb:4366 d:s ref:0 ;
in:723 out:723 type:B dur:2 cpbdur:2 q:39.14 aq:33.14 tex:110 mv:67 misc:343 imb:0 pmb:12 smb:4398 d:t ref:0 ;
in:722 out:724 type:b dur:2 cpbdur:2 q:39.21 aq:31.94 tex:38 mv:27 misc:279 imb:0 pmb:3 smb:4407 d:s ref:0 ;
in:724 out:725 type:b dur:2 cpbdur:2 q:39.07 aq:34.14 tex:39 mv:18 misc:271 imb:0 pmb:5 smb:4405 d:- ref:0 ;
in:729 out:726 type:P dur:2 cpbdur:2 q:38.86 aq:31.11 tex:801 mv:287 misc:488 imb:19 pmb:23 smb:4368 d:s ref:0 ;
in:727 out:727 type:B dur:2 cpbdur:2 q:38.93 aq:32.30 tex:112 mv:60 misc:332 imb:0 pmb:10 smb:4400 d:s ref:0 ;
in:726 out:728 type:b dur:2 cpbdur:2 q:38.97 aq:27.87 tex:45 mv:10 misc:265 imb:0 pmb:2 smb:4408 d:s ref:0 ;
in:728 out:729 type:b dur:2 cpbdur:2 q:38.90 aq:24.00 tex:0 mv:0 misc:248 imb:0 pmb:0 smb:4410 d:- ref:0 ;
in:733 out:730 type:P dur:2 cpbdur:2 q:38.71 aq:27.43 tex:294 mv:173 misc:453 imb:9 pmb:15 smb:4386 d:s ref:0 ;
in:731 out:731 type:B dur:2 cpbdur:2 q:38.78 aq:32.28 tex:86 mv:18 misc:304 imb:0 pmb:5 smb:4405 d:s ref:0 ;
in:730 out:732 type:b dur:2 cpbdur:2 q:38.82 aq:31.69 tex:53 mv:8 misc:267 imb:0 pmb:2 smb:4408 d:s ref:0 ;
in:732 out:733 type:b dur:2 cpbdur:2 q:38.74 aq:32.86 tex:32 mv:10 misc:262 imb:1 pmb:0 smb:4409 d:- ref:0 ;
in:737 out:734 type:P dur:2 cpbdur:2 q:38.52 aq:27.99 tex:483 mv:184 misc:461 imb:11 pmb:18 smb:4381 d:s ref:0 ;
in:735 out:735 type:B dur:2 cpbdur:2 q:38.61 aq:29.60 tex:129 mv:70 misc:345 imb:0 pmb:11 smb:4399 d:s ref:0 ;
in:734 out:736 type:b dur:2 cpbdur:2 q:38.66 aq:34.43 tex:50 mv:49 misc:285 imb:1 pmb:5 smb:4404 d:s ref:0 ;
in:736 out:737 type:b dur:2 cpbdur:2 q:38.57 aq:32.05 tex:42 mv:68 misc:282 imb:1 pmb:6 smb:4403 d:- ref:0 ;
in:741 out:738 type:P dur:2 cpbdur:2 q:38.36 aq:25.41 tex:596 mv:196 misc:496 imb:10 pmb:22 smb:4378 d:s ref:0 ;
in:739 out:739 type:B dur:2 cpbdur:2 q:38.44 aq:28.43 tex:156 mv:75 misc:337 imb:0 pmb:11 smb:4399 d:t ref:0 ;
in:738 out:740 type:b dur:2 cpbdur:2 q:38.48 aq:31.15 tex:54 mv:68 misc:302 imb:2 pmb:5 smb:4403 d:s ref:0 ;
in:740 out:741 type:b dur:2 cpbdur:2 q:38.40 aq:23.00 tex:2 mv:30 misc:280 imb:0 pmb:3 smb:4407 d:- ref:0 ;
in:745 out:742 type:P dur:2 cpbdur:2 q:38.20 aq:31.03 tex:668 mv:184 misc:468 imb:11 pmb:20 smb:4379 d:s ref:0 ;
in:743 out:743 type:B dur:2 cpbdur:2 q:38.28 aq:32.45 tex:172 mv:63 misc:341 imb:0 pmb:12 smb:4398 d:s ref:0 ;
in:742 out:744 type:b dur:2 cpbdur:2 q:38.32 aq:31.72 tex:56 mv:51 misc:301 imb:0 pmb:6 smb:4404 d:s ref:0 ;
in:744 out:745 type:b dur:2 cpbdur:2 q:38.24 aq:31.17 tex:37 mv:4 misc:263 imb:0 pmb:1 smb:4409 d:- ref:0 ;
in:749 out:746 type:P dur:2 cpbdur:2 q:38.04 aq:25.49 tex:645 mv:230 misc:525 imb:12 pmb:27 smb:4371 d:s ref:0 ;
in:747 out:747 type:B dur:2 cpbdur:2 q:38.12 aq:31.30 tex:215 mv:76 misc:373 imb:0 pmb:15 smb:4395 d:s ref:0 ;
in:746 out:748 type:b dur:2 cpbdur:2 q:38.16 aq:33.98 tex:39 mv:24 misc:273 imb:0 pmb:3 smb:4407 d:s ref:0 ;
in:748 out:749 type:b dur:2 cpbdur:2 q:38.08 aq:32.42 tex:40 mv:8 misc:272 imb:0 pmb:2 smb:4408 d:- ref:0 ;
in:753 out:750 type:P dur:2 cpbdur:2 q:37.88 aq:26.42 tex:663 mv:195 misc:510 imb:14 pmb:22 smb:4374 d:s ref:0 ;
in:751 out:751 type:B dur:2 cpbdur:2 q:37.96 aq:31.30 tex:237 mv:97 misc:362 imb:2 pmb:14 smb:4394 d:s ref:0 ;
in:750 out:752 type:b dur:2 cpbdur:2 q:38.00 aq:34.00 tex:37 mv:24 misc:275 imb:0 pmb:3 smb:4407 d:s ref:0 ;
in:752 out:753 type:b dur:2 cpbdur:2 q:37.92 aq:31.59 tex:40 mv:26 misc:278 imb:0 pmb:3 smb:4407 d:- ref:0 ;
in:757 out:754 type:P dur:2 cpbdur:2 q:37.72 aq:24.96 tex:788 mv:242 misc:546 imb:14 pmb:28 smb:4368 d:s ref:0 ;
in:755 out:755 type:B dur:2 cpbdur:2 q:37.80 aq:29.91 tex:219 mv:84 misc:353 imb:1 pmb:13 smb:4396 d:t ref:0 ;
in:754 out:756 type:b dur:2 cpbdur:2 q:37.84 aq:23.00 tex:1 mv:10 misc:261 imb:0 pmb:1 smb:4409 d:t ref:0 ;
in:756 out:757 type:b dur:2 cpbdur:2 q:37.76 aq:30.34 tex:39 mv:14 misc:267 imb:1 pmb:1 smb:4408 d:- ref:0 ;
in:761 out:758 type:P dur:2 cpbdur:2 q:37.57 aq:29.13 tex:7512 mv:640 misc:608 imb:38 pmb:49 smb:4323 d:s ref:0 ;
in:759 out:759 type:B dur:2 cpbdur:2 q:37.64 aq:29.39 tex:196 mv:134 misc:462 imb:3 pmb:48 smb:4359 d:s ref:0 ;
in:758 out:760 type:b dur:2 cpbdur:2 q:37.68 aq:27.85 tex:73 mv:119 misc:400 imb:6 pmb:39 smb:4365 d:s ref:0 ;
in:760 out:761 type:b dur:2 cpbdur:2 q:37.60 aq:23.00 tex:14 mv:71 misc:291 imb:4 pmb:4 smb:4402 d:- ref:0 ;
in:765 out:762 type:P dur:2 cpbdur:2 q:37.44 aq:27.19 tex:879 mv:266 misc:535 imb:18 pmb:28 smb:4364 d:s ref:0 ;
in:763 out:763 type:B dur:2 cpbdur:2 q:37.50 aq:22.15 tex:193 mv:94 misc:337 imb:4 pmb:9 smb:4397 d:t ref:0 ;
in:762 out:764 type:b dur:2 cpbdur:2 q:37.54 aq:30.49 tex:115 mv:75 misc:306 imb:2 pmb:8 smb:4400 d:s ref:0 ;
in:764 out:765 type:b dur:2 cpbdur:2 q:37.47 aq:29.83 tex:92 mv:45 misc:295 imb:1 pmb:5 smb:4404 d:- ref:0 ;
in:769 out:766 type:P dur:2 cpbdur:2 q:37.28 aq:26.31 tex:966 mv:257 misc:521 imb:20 pmb:20 smb:4370 d:s ref:0 ;
in:767 out:767 type:B dur:2 cpbdur:2 q:37.36 aq:28.00 tex:196 mv:125 misc:383 imb:2 pmb:16 smb:4392 d:s ref:0 ;
in:766 out:768 type:b dur:2 cpbdur:2 q:37.40 aq:22.35 tex:72 mv:20 misc:284 imb:1 pmb:3 smb:4406 d:s ref:0 ;
in:768 out:769 type:b dur:2 cpbdur:2 q:37.32 aq:30.17 tex:61 mv:48 misc:307 imb:1 pmb:6 smb:4403 d:- ref:0 ;
in:773 out:770 type:P dur:2 cpbdur:2 q:37.13 aq:24.55 tex:664 mv:217 misc:495 imb:20 pmb:15 smb:4375 d:s ref:0 ;
in:771 out:771 type:B dur:2 cpbdur:2 q:37.21 aq:28.28 tex:124 mv:100 misc:344 imb:1 pmb:11 smb:4398 d:s ref:0 ;
in:770 out:772 type:b dur:2 cpbdur:2 q:37.25 aq:31.48 tex:155 mv:31 misc:294 imb:1 pmb:6 smb:4403 d:s ref:0 ;
in:772 out:773 type:b dur:2 cpbdur:2 q:37.17 aq:30.91 tex:183 mv:52 misc:317 imb:3 pmb:7 smb:4400 d:- ref:0 ;
in:777 out:774 type:P dur:2 cpbdur:2 q:37.00 aq:26.35 tex:500 mv:190 misc:470 imb:15 pmb:14 smb:4381 d:s ref:0 ;
in:775 out:775 type:B dur:2 cpbdur:2 q:37.06 aq:28.68 tex:139 mv:66 misc:347 imb:0 pmb:11 smb:4399 d:s ref:0 ;
in:774 out:776 type:b dur:2 cpbdur:2 q:37.10 aq:29.91 tex:143 mv:35 misc:294 imb:2 pmb:5 smb:4403 d:s ref:0 ;
in:776 out:777 type:b dur:2 cpbdur:2 q:37.03 aq:31.58 tex:115 mv:34 misc:283 imb:2 pmb:4 smb:4404 d:- ref:0 ;
in:781 out:778 type:P dur:2 cpbdur:2 q:36.83 aq:25.49 tex:1703 mv:394 misc:567 imb:33 pmb:24 smb:4353 d:s ref:0 ;
in:779 out:779 type:B dur:2 cpbdur:2 q:36.91 aq:30.54 tex:230 mv:168 misc:402 imb:7 pmb:16 smb:4387 d:t ref:0 ;
in:778 out:780 type:b dur:2 cpbdur:2 q:36.96 aq:32.99 tex:41 mv:35 misc:292 imb:0 pmb:5 smb:4405 d:s ref:0 ;
in:780 out:781 type:b dur:2 cpbdur:2 q:36.87 aq:29.44 tex:42 mv:42 misc:292 imb:0 pmb:5 smb:4405 d:- ref:0 ;
in:785 out:782 type:P dur:2 cpbdur:2 q:36.69 aq:26.23 tex:2752 mv:496 misc:584 imb:31 pmb:44 smb:4335 d:s ref:0 ;
in:783 out:783 type:B dur:2 cpbdur:2 q:36.76 aq:20.15 tex:66 mv:201 misc:405 imb:1 pmb:22 smb:4387 d:t ref:0 ;
in:782 out:784 type:b dur:2 cpbdur:2 q:36.79 aq:29.58 tex:39 mv:47 misc:290 imb:0 pmb:5 smb:4405 d:s ref:0 ;
in:784 out:785 type:b dur:2 cpbdur:2 q:36.72 aq:29.94 tex:55 mv:127 misc:338 imb:2 pmb:12 smb:4396 d:- ref:0 ;
in:789 out:786 type:P dur:2 cpbdur:2 q:36.53 aq:23.07 tex:1304 mv:448 misc:576 imb:7 pmb:53 smb:4350 d:s ref:0 ;
in:787 out:787 type:B dur:2 cpbdur:2 q:36.61 aq:20.00 tex:0 mv:0 misc:264 imb:0 pmb:0 smb:4410 d:s ref:0 ;
in:786 out:788 type:b dur:2 cpbdur:2 q:36.65 aq:22.00 tex:1 mv:13 misc:258 imb:0 pmb:1 smb:4409 d:s ref:0 ;
in:788 out:789 type:b dur:2 cpbdur:2 q:36.57 aq:22.00 tex:0 mv:0 misc:248 imb:0 pmb:0 smb:4410 d:- ref:0 ;
in:793 out:790 type:P dur:2 cpbdur:2 q:36.37 aq:21.01 tex:151 mv:49 misc:360 imb:1 pmb:7 smb:4402 d:s ref:0 ;
in:791 out:791 type:B dur:2 cpbdur:2 q:36.45 aq:20.00 tex:0 mv:0 misc:264 imb:0 pmb:0 smb:4410 d:s ref:0 ;
in:790 out:792 type:b dur:2 cpbdur:2 q:36.49 aq:21.00 tex:0 mv:0 misc:248 imb:0 pmb:0 smb:4410 d:s ref:0 ;
in:792 out:793 type:b dur:2 cpbdur:2 q:36.41 aq:21.00 tex:0 mv:0 misc:248 imb:0 pmb:0 smb:4410 d:- ref:0 ;
in:797 out:794 type:P dur:2 cpbdur:2 q:36.20 aq:17.00 tex:3 mv:12 misc:297 imb:1 pmb:0 smb:4409 d:s ref:0 ;
in:795 out:795 type:B dur:2 cpbdur:2 q:36.29 aq:20.00 tex:0 mv:0 misc:264 imb:0 pmb:0 smb:4410 d:s ref:0 ;
in:794 out:796 type:b dur:2 cpbdur:2 q:36.33 aq:21.00 tex:0 mv:0 misc:248 imb:0 pmb:0 smb:4410 d:s ref:0 ;
in:796 out:797 type:b dur:2 cpbdur:2 q:36.24 aq:21.00 tex:0 mv:0 misc:248 imb:0 pmb:0 smb:4410 d:- ref:0 ;
in:801 out:798 type:P dur:2 cpbdur:2 q:36.04 aq:21.97 tex:21 mv:7 misc:300 imb:0 pmb:1 smb:4409 d:s ref:0 ;
in:799 out:799 type:B dur:2 cpbdur:2 q:36.12 aq:20.00 tex:0 mv:0 misc:264 imb:0 pmb:0 smb:4410 d:s ref:0 ;
in:798 out:800 type:b dur:2 cpbdur:2 q:36.16 aq:21.00 tex:0 mv:0 misc:248 imb:0 pmb:0 smb:4410 d:s ref:0 ;
in:800 out:801 type:b dur:2 cpbdur:2 q:36.08 aq:21.00 tex:0 mv:0 misc:248 imb:0 pmb:0 smb:4410 d:- ref:0 ;
in:805 out:802 type:P dur:2 cpbdur:2 q:35.88 aq:17.00 tex:0 mv:0 misc:280 imb:0 pmb:0 smb:4410 d:s ref:0 ;
in:803 out:803 type:B dur:2 cpbdur:2 q:35.96 aq:20.00 tex:0 mv:0 misc:264 imb:0 pmb:0 smb:4410 d:s ref:0 ;
in:802 out:804 type:b dur:2 cpbdur:2 q:36.00 aq:21.00 tex:0 mv:0 misc:248 imb:0 pmb:0 smb:4410 d:s ref:0 ;
in:804 out:805 type:b dur:2 cpbdur:2 q:35.92 aq:21.00 tex:0 mv:0 misc:248 imb:0 pmb:0 smb:4410 d:- ref:0 ;
in:809 out:806 type:P dur:2 cpbdur:2 q:35.69 aq:18.00 tex:0 mv:0 misc:280 imb:0 pmb:0 smb:4410 d:s ref:0 ;
in:807 out:807 type:B dur:2 cpbdur:2 q:35.78 aq:20.00 tex:0 mv:0 misc:264 imb:0 pmb:0 smb:4410 d:s ref:0 ;
in:806 out:808 type:b dur:2 cpbdur:2 q:35.83 aq:21.00 tex:0 mv:0 misc:248 imb:0 pmb:0 smb:4410 d:s ref:0 ;
in:808 out:809 type:b dur:2 cpbdur:2 q:35.74 aq:21.00 tex:0 mv:0 misc:248 imb:0 pmb:0 smb:4410 d:- ref:0 ;
in:813 out:810 type:P dur:2 cpbdur:2 q:35.51 aq:19.00 tex:0 mv:0 misc:280 imb:0 pmb:0 smb:4410 d:s ref:0 ;
in:811 out:811 type:B dur:2 cpbdur:2 q:35.60 aq:19.00 tex:0 mv:0 misc:264 imb:0 pmb:0 smb:4410 d:s ref:0 ;
in:810 out:812 type:b dur:2 cpbdur:2 q:35.64 aq:21.00 tex:0 mv:0 misc:248 imb:0 pmb:0 smb:4410 d:s ref:0 ;
in:812 out:813 type:b dur:2 cpbdur:2 q:35.55 aq:21.00 tex:0 mv:0 misc:248 imb:0 pmb:0 smb:4410 d:- ref:0 ;
in:814 out:814 type:P dur:2 cpbdur:2 q:35.31 aq:20.00 tex:0 mv:0 misc:280 imb:0 pmb:0 smb:4410 d:s ref:0 ;
